> Task :lumia-api:clean
> Task :lumia-core:clean
> Task :lumia-socket:clean
> Task :lumia-api:checkKotlinGradlePluginConfigurationErrors SKIPPED
> Task :lumia-core:checkKotlinGradlePluginConfigurationErrors SKIPPED
> Task :lumia-api:processResources
> Task :lumia-core:processResources
> Task :lumia-api:check
> Task :lumia-core:check
> Task :lumia-socket:checkKotlinGradlePluginConfigurationErrors SKIPPED
> Task :lumia-socket:processResources
> Task :lumia-socket:check
> Task :lumia-core:compileKotlin
> Task :lumia-core:compileJava NO-SOURCE
> Task :lumia-core:classes
> Task :lumia-core:jar
> Task :lumia-core:resolveMainClassName
> Task :lumia-core:bootJar SKIPPED
> Task :lumia-core:assemble
> Task :lumia-core:build
> Task :lumia-socket:compileKotlin
> Task :lumia-socket:compileJava NO-SOURCE
> Task :lumia-socket:classes
> Task :lumia-socket:resolveMainClassName
> Task :lumia-api:compileKotlin
> Task :lumia-socket:bootJar
> Task :lumia-api:compileJava NO-SOURCE
> Task :lumia-api:classes
> Task :lumia-api:resolveMainClassName
> Task :lumia-api:bootJar
> Task :lumia-api:jar
> Task :lumia-api:assemble
> Task :lumia-api:build
> Task :lumia-socket:jar
> Task :lumia-socket:assemble
> Task :lumia-socket:build

BUILD SUCCESSFUL in 1m 48s
17 actionable tasks: 17 executed
Consider enabling configuration cache to speed up this build: https://docs.gradle.org/9.2.1/userguide/configuration_cache_enabling.html
