> Task :clean UP-TO-DATE
> Task :lumia-api:clean
> Task :lumia-core:clean
> Task :lumia-socket:clean UP-TO-DATE
> Task :lumia-api:checkKotlinGradlePluginConfigurationErrors SKIPPED
> Task :lumia-core:checkKotlinGradlePluginConfigurationErrors SKIPPED
> Task :lumia-core:compileKotlin
> Task :lumia-core:compileJava NO-SOURCE

> Task :lumia-api:compileKotlin FAILED
./gradlew : e: file:///C:/workspace/lumia-ops/server/lumia-api/src/
main/kotlin/com/lumiaops/lumiaapi/controller/ScrimController.kt:14:
37 Unresolved reference 'core'.
위치 줄:1 문자:1
+ ./gradlew clean :lumia-api:compileKotlin > compile_output.txt 2>&
1
+ ~~~~~~~~~~~~~~~~~~~~~~~~~~~~~~~~~~~~~~~~~~~~~~~~~~~~~~~~~~~~~~~~~
~
    + CategoryInfo          : NotSpecified: (e: file:///C:/w...fer 
   ence 'core'.:String) [], RemoteException
    + FullyQualifiedErrorId : NativeCommandError
 
e: file:///C:/workspace/lumia-ops/server/lumia-api/src/main/kotlin/
com/lumiaops/lumiaapi/controller/ScrimController.kt:15:37 Unresolve
d reference 'core'.
e: file:///C:/workspace/lumia-ops/server/lumia-api/src/main/kotlin/
com/lumiaops/lumiaapi/controller/ScrimController.kt:77:67 Unresolve
d reference 'ScrimStatus'.
e: file:///C:/workspace/lumia-ops/server/lumia-api/src/main/kotlin/
com/lumiaops/lumiaapi/controller/ScrimController.kt:87:10 Unresolve
d reference 'AuthenticationPrincipal'.
e: file:///C:/workspace/lumia-ops/server/lumia-api/src/main/kotlin/
com/lumiaops/lumiaapi/controller/ScrimController.kt:87:47 Unresolve
d reference 'UserDetails'.
e: file:///C:/workspace/lumia-ops/server/lumia-api/src/main/kotlin/
com/lumiaops/lumiaapi/controller/ScrimController.kt:93:56 Unresolve
d reference 'username'.
e: file:///C:/workspace/lumia-ops/server/lumia-api/src/main/kotlin/
com/lumiaops/lumiaapi/controller/StrategyController.kt:11:37 Unreso
lved reference 'core'.
e: file:///C:/workspace/lumia-ops/server/lumia-api/src/main/kotlin/
com/lumiaops/lumiaapi/controller/StrategyController.kt:12:37 Unreso
lved reference 'core'.
e: file:///C:/workspace/lumia-ops/server/lumia-api/src/main/kotlin/
com/lumiaops/lumiaapi/controller/StrategyController.kt:43:10 Unreso
lved reference 'AuthenticationPrincipal'.
e: file:///C:/workspace/lumia-ops/server/lumia-api/src/main/kotlin/
com/lumiaops/lumiaapi/controller/StrategyController.kt:43:47 Unreso
lved reference 'UserDetails'.
e: file:///C:/workspace/lumia-ops/server/lumia-api/src/main/kotlin/
com/lumiaops/lumiaapi/controller/StrategyController.kt:45:56 Unreso
lved reference 'username'.
e: file:///C:/workspace/lumia-ops/server/lumia-api/src/main/kotlin/
com/lumiaops/lumiaapi/controller/StrategyController.kt:58:10 Unreso
lved reference 'AuthenticationPrincipal'.
e: file:///C:/workspace/lumia-ops/server/lumia-api/src/main/kotlin/
com/lumiaops/lumiaapi/controller/StrategyController.kt:58:47 Unreso
lved reference 'UserDetails'.
e: file:///C:/workspace/lumia-ops/server/lumia-api/src/main/kotlin/
com/lumiaops/lumiaapi/controller/TeamController.kt:14:37 Unresolved
 reference 'core'.
e: file:///C:/workspace/lumia-ops/server/lumia-api/src/main/kotlin/
com/lumiaops/lumiaapi/controller/TeamController.kt:15:37 Unresolved
 reference 'core'.
e: file:///C:/workspace/lumia-ops/server/lumia-api/src/main/kotlin/
com/lumiaops/lumiaapi/controller/TeamController.kt:32:20 Unresolved
 reference 'AuthenticationPrincipal'.
e: file:///C:/workspace/lumia-ops/server/lumia-api/src/main/kotlin/
com/lumiaops/lumiaapi/controller/TeamController.kt:32:57 Unresolved
 reference 'UserDetails'.
e: file:///C:/workspace/lumia-ops/server/lumia-api/src/main/kotlin/
com/lumiaops/lumiaapi/controller/TeamController.kt:33:56 Unresolved
 reference 'username'.
e: file:///C:/workspace/lumia-ops/server/lumia-api/src/main/kotlin/
com/lumiaops/lumiaapi/controller/TeamController.kt:50:10 Unresolved
 reference 'AuthenticationPrincipal'.
e: file:///C:/workspace/lumia-ops/server/lumia-api/src/main/kotlin/
com/lumiaops/lumiaapi/controller/TeamController.kt:50:47 Unresolved
 reference 'UserDetails'.
e: file:///C:/workspace/lumia-ops/server/lumia-api/src/main/kotlin/
com/lumiaops/lumiaapi/controller/TeamController.kt:52:56 Unresolved
 reference 'username'.
e: file:///C:/workspace/lumia-ops/server/lumia-api/src/main/kotlin/
com/lumiaops/lumiaapi/controller/TeamController.kt:58:82 Unresolved
 reference 'ADMIN'.
e: file:///C:/workspace/lumia-ops/server/lumia-api/src/main/kotlin/
com/lumiaops/lumiaapi/controller/TeamController.kt:67:10 Unresolved
 reference 'AuthenticationPrincipal'.
e: file:///C:/workspace/lumia-ops/server/lumia-api/src/main/kotlin/
com/lumiaops/lumiaapi/controller/TeamController.kt:67:47 Unresolved
 reference 'UserDetails'.
e: file:///C:/workspace/lumia-ops/server/lumia-api/src/main/kotlin/
com/lumiaops/lumiaapi/controller/TeamController.kt:83:10 Unresolved
 reference 'AuthenticationPrincipal'.
e: file:///C:/workspace/lumia-ops/server/lumia-api/src/main/kotlin/
com/lumiaops/lumiaapi/controller/TeamController.kt:83:47 Unresolved
 reference 'UserDetails'.
e: file:///C:/workspace/lumia-ops/server/lumia-api/src/main/kotlin/
com/lumiaops/lumiaapi/controller/TeamController.kt:93:10 Unresolved
 reference 'AuthenticationPrincipal'.
e: file:///C:/workspace/lumia-ops/server/lumia-api/src/main/kotlin/
com/lumiaops/lumiaapi/controller/TeamController.kt:93:47 Unresolved
 reference 'UserDetails'.
e: file:///C:/workspace/lumia-ops/server/lumia-api/src/main/kotlin/
com/lumiaops/lumiaapi/controller/TeamController.kt:108:10 Unresolve
d reference 'AuthenticationPrincipal'.
e: file:///C:/workspace/lumia-ops/server/lumia-api/src/main/kotlin/
com/lumiaops/lumiaapi/controller/TeamController.kt:108:47 Unresolve
d reference 'UserDetails'.
e: file:///C:/workspace/lumia-ops/server/lumia-api/src/main/kotlin/
com/lumiaops/lumiaapi/controller/TeamController.kt:128:10 Unresolve
d reference 'AuthenticationPrincipal'.
e: file:///C:/workspace/lumia-ops/server/lumia-api/src/main/kotlin/
com/lumiaops/lumiaapi/controller/TeamController.kt:128:47 Unresolve
d reference 'UserDetails'.
e: file:///C:/workspace/lumia-ops/server/lumia-api/src/main/kotlin/
com/lumiaops/lumiaapi/controller/TeamController.kt:142:10 Unresolve
d reference 'AuthenticationPrincipal'.
e: file:///C:/workspace/lumia-ops/server/lumia-api/src/main/kotlin/
com/lumiaops/lumiaapi/controller/TeamController.kt:142:47 Unresolve
d reference 'UserDetails'.
e: file:///C:/workspace/lumia-ops/server/lumia-api/src/main/kotlin/
com/lumiaops/lumiaapi/controller/TeamController.kt:147:56 Unresolve
d reference 'username'.
e: file:///C:/workspace/lumia-ops/server/lumia-api/src/main/kotlin/
com/lumiaops/lumiaapi/dto/ScrimDto.kt:3:44 Unresolved reference 'Sc
rimStatus'.
e: file:///C:/workspace/lumia-ops/server/lumia-api/src/main/kotlin/
com/lumiaops/lumiaapi/dto/ScrimDto.kt:22:17 Unresolved reference 'S
crimStatus'.
e: file:///C:/workspace/lumia-ops/server/lumia-api/src/main/kotlin/
com/lumiaops/lumiaapi/dto/ScrimDto.kt:27:17 Unresolved reference 'S
crimStatus'.

FAILURE: Build failed with an exception.

* What went wrong:
Execution failed for task ':lumia-api:compileKotlin'.
> A failure occurred while executing org.jetbrains.kotlin.compilerR
unner.GradleCompilerRunnerWithWorkers$GradleKotlinCompilerWorkActio
n
   > Compilation error. See log for more details

* Try:
> Run with --stacktrace option to get the stack trace.
> Run with --info or --debug option to get more log output.
> Run with --scan to generate a Build Scan (powered by Develocity).
> Get more help at https://help.gradle.org.

BUILD FAILED in 4s
6 actionable tasks: 4 executed, 2 up-to-date
