To honour the JVM settings for this build a single-use Daemon process will be forked. For more on this, please refer to https://docs.gradle.org/9.2.1/userguide/gradle_daemon.html#sec:disabling_the_daemon in the Gradle documentation.
Daemon will be stopped at the end of the build 
> Task :lumia-core:checkKotlinGradlePluginConfigurationErrors SKIPPED
> Task :lumia-core:compileKotlin UP-TO-DATE
> Task :lumia-core:compileJava NO-SOURCE
> Task :lumia-core:processResources UP-TO-DATE
> Task :lumia-core:classes UP-TO-DATE
> Task :lumia-core:processTestResources NO-SOURCE
> Task :lumia-core:compileTestKotlin
> Task :lumia-core:compileTestJava NO-SOURCE
> Task :lumia-core:testClasses UP-TO-DATE
.\gradlew : Could not write standard input to Gradle Test Executo
r 1.
위치 줄:1 문자:1
+ .\gradlew :lumia-core:test --tests "*TeamInvitationTest" --no-d
aemon  ...
+ ~~~~~~~~~~~~~~~~~~~~~~~~~~~~~~~~~~~~~~~~~~~~~~~~~~~~~~~~~~~~~~~
~~~~~~
    + CategoryInfo          : NotSpecified: (Could not write...es
t     Executor 1.:String) [], RemoteException
    + FullyQualifiedErrorId : NativeCommandError
 
java.io.IOException: ?뚯씠?꾧? ?ロ엳??以묒엯?덈떎
	at java.base/java.io.FileOutputStream.writeBytes(Native Method)
	at java.base/java.io.FileOutputStream.write(FileOutputStream.jav
a:367)
	at java.base/java.io.BufferedOutputStream.flushBuffer(BufferedOu
tputStream.java:125)
	at java.base/java.io.BufferedOutputStream.implFlush(BufferedOutp
utStream.java:252)
	at java.base/java.io.BufferedOutputStream.flush(BufferedOutputSt
ream.java:240)
	at org.gradle.process.internal.streams.ExecOutputHandleRunner.wr
iteBuffer(ExecOutputHandleRunner.java:98)
	at org.gradle.process.internal.streams.ExecOutputHandleRunner.fo
rwardContent(ExecOutputHandleRunner.java:85)
	at org.gradle.process.internal.streams.ExecOutputHandleRunner.ru
n(ExecOutputHandleRunner.java:64)
	at org.gradle.internal.concurrent.ExecutorPolicy$CatchAndRecordF
ailures.onExecute(ExecutorPolicy.java:64)
	at org.gradle.internal.concurrent.AbstractManagedExecutor$1.run(
AbstractManagedExecutor.java:47)
	at java.base/java.util.concurrent.ThreadPoolExecutor.runWorker(T
hreadPoolExecutor.java:1144)
	at java.base/java.util.concurrent.ThreadPoolExecutor$Worker.run(
ThreadPoolExecutor.java:642)
	at java.base/java.lang.Thread.run(Thread.java:1583)
Could not write standard input to Gradle Test Executor 2.
java.io.IOException: ?뚯씠?꾧? ?ロ엳??以묒엯?덈떎
	at java.base/java.io.FileOutputStream.writeBytes(Native Method)
	at java.base/java.io.FileOutputStream.write(FileOutputStream.jav
a:367)
	at java.base/java.io.BufferedOutputStream.flushBuffer(BufferedOu
tputStream.java:125)
	at java.base/java.io.BufferedOutputStream.implFlush(BufferedOutp
utStream.java:252)
	at java.base/java.io.BufferedOutputStream.flush(BufferedOutputSt
ream.java:240)
	at org.gradle.process.internal.streams.ExecOutputHandleRunner.wr
iteBuffer(ExecOutputHandleRunner.java:98)
	at org.gradle.process.internal.streams.ExecOutputHandleRunner.fo
rwardContent(ExecOutputHandleRunner.java:85)
	at org.gradle.process.internal.streams.ExecOutputHandleRunner.ru
n(ExecOutputHandleRunner.java:64)
	at org.gradle.internal.concurrent.ExecutorPolicy$CatchAndRecordF
ailures.onExecute(ExecutorPolicy.java:64)
	at org.gradle.internal.concurrent.AbstractManagedExecutor$1.run(
AbstractManagedExecutor.java:47)
	at java.base/java.util.concurrent.ThreadPoolExecutor.runWorker(T
hreadPoolExecutor.java:1144)
	at java.base/java.util.concurrent.ThreadPoolExecutor$Worker.run(
ThreadPoolExecutor.java:642)
	at java.base/java.lang.Thread.run(Thread.java:1583)
Could not write standard input to Gradle Test Executor 3.
java.io.IOException: ?뚯씠?꾧? ?ロ엳??以묒엯?덈떎
	at java.base/java.io.FileOutputStream.writeBytes(Native Method)
	at java.base/java.io.FileOutputStream.write(FileOutputStream.jav
a:367)
	at java.base/java.io.BufferedOutputStream.flushBuffer(BufferedOu
tputStream.java:125)
	at java.base/java.io.BufferedOutputStream.implFlush(BufferedOutp
utStream.java:252)
	at java.base/java.io.BufferedOutputStream.flush(BufferedOutputSt
ream.java:240)
	at org.gradle.process.internal.streams.ExecOutputHandleRunner.wr
iteBuffer(ExecOutputHandleRunner.java:98)
	at org.gradle.process.internal.streams.ExecOutputHandleRunner.fo
rwardContent(ExecOutputHandleRunner.java:85)
	at org.gradle.process.internal.streams.ExecOutputHandleRunner.ru
n(ExecOutputHandleRunner.java:64)
	at org.gradle.internal.concurrent.ExecutorPolicy$CatchAndRecordF
ailures.onExecute(ExecutorPolicy.java:64)
	at org.gradle.internal.concurrent.AbstractManagedExecutor$1.run(
AbstractManagedExecutor.java:47)
	at java.base/java.util.concurrent.ThreadPoolExecutor.runWorker(T
hreadPoolExecutor.java:1144)
	at java.base/java.util.concurrent.ThreadPoolExecutor$Worker.run(
ThreadPoolExecutor.java:642)
	at java.base/java.lang.Thread.run(Thread.java:1583)
Could not write standard input to Gradle Test Executor 4.
java.io.IOException: ?뚯씠?꾧? ?ロ엳??以묒엯?덈떎
	at java.base/java.io.FileOutputStream.writeBytes(Native Method)
	at java.base/java.io.FileOutputStream.write(FileOutputStream.jav
a:367)
	at java.base/java.io.BufferedOutputStream.flushBuffer(BufferedOu
tputStream.java:125)
	at java.base/java.io.BufferedOutputStream.implFlush(BufferedOutp
utStream.java:252)
	at java.base/java.io.BufferedOutputStream.flush(BufferedOutputSt
ream.java:240)
	at org.gradle.process.internal.streams.ExecOutputHandleRunner.wr
iteBuffer(ExecOutputHandleRunner.java:98)
	at org.gradle.process.internal.streams.ExecOutputHandleRunner.fo
rwardContent(ExecOutputHandleRunner.java:85)
	at org.gradle.process.internal.streams.ExecOutputHandleRunner.ru
n(ExecOutputHandleRunner.java:64)
	at org.gradle.internal.concurrent.ExecutorPolicy$CatchAndRecordF
ailures.onExecute(ExecutorPolicy.java:64)
	at org.gradle.internal.concurrent.AbstractManagedExecutor$1.run(
AbstractManagedExecutor.java:47)
	at java.base/java.util.concurrent.ThreadPoolExecutor.runWorker(T
hreadPoolExecutor.java:1144)
	at java.base/java.util.concurrent.ThreadPoolExecutor$Worker.run(
ThreadPoolExecutor.java:642)
	at java.base/java.lang.Thread.run(Thread.java:1583)
Could not write standard input to Gradle Test Executor 5.
java.io.IOException: ?뚯씠?꾧? ?ロ엳??以묒엯?덈떎
	at java.base/java.io.FileOutputStream.writeBytes(Native Method)
	at java.base/java.io.FileOutputStream.write(FileOutputStream.jav
a:367)
	at java.base/java.io.BufferedOutputStream.flushBuffer(BufferedOu
tputStream.java:125)
	at java.base/java.io.BufferedOutputStream.implFlush(BufferedOutp
utStream.java:252)
	at java.base/java.io.BufferedOutputStream.flush(BufferedOutputSt
ream.java:240)
	at org.gradle.process.internal.streams.ExecOutputHandleRunner.wr
iteBuffer(ExecOutputHandleRunner.java:98)
	at org.gradle.process.internal.streams.ExecOutputHandleRunner.fo
rwardContent(ExecOutputHandleRunner.java:85)
	at org.gradle.process.internal.streams.ExecOutputHandleRunner.ru
n(ExecOutputHandleRunner.java:64)
	at org.gradle.internal.concurrent.ExecutorPolicy$CatchAndRecordF
ailures.onExecute(ExecutorPolicy.java:64)
	at org.gradle.internal.concurrent.AbstractManagedExecutor$1.run(
AbstractManagedExecutor.java:47)
	at java.base/java.util.concurrent.ThreadPoolExecutor.runWorker(T
hreadPoolExecutor.java:1144)
	at java.base/java.util.concurrent.ThreadPoolExecutor$Worker.run(
ThreadPoolExecutor.java:642)
	at java.base/java.lang.Thread.run(Thread.java:1583)
Could not write standard input to Gradle Test Executor 6.
java.io.IOException: ?뚯씠?꾧? ?ロ엳??以묒엯?덈떎
	at java.base/java.io.FileOutputStream.writeBytes(Native Method)
	at java.base/java.io.FileOutputStream.write(FileOutputStream.jav
a:367)
	at java.base/java.io.BufferedOutputStream.flushBuffer(BufferedOu
tputStream.java:125)
	at java.base/java.io.BufferedOutputStream.implFlush(BufferedOutp
utStream.java:252)
	at java.base/java.io.BufferedOutputStream.flush(BufferedOutputSt
ream.java:240)
	at org.gradle.process.internal.streams.ExecOutputHandleRunner.wr
iteBuffer(ExecOutputHandleRunner.java:98)
	at org.gradle.process.internal.streams.ExecOutputHandleRunner.fo
rwardContent(ExecOutputHandleRunner.java:85)
	at org.gradle.process.internal.streams.ExecOutputHandleRunner.ru
n(ExecOutputHandleRunner.java:64)
	at org.gradle.internal.concurrent.ExecutorPolicy$CatchAndRecordF
ailures.onExecute(ExecutorPolicy.java:64)
	at org.gradle.internal.concurrent.AbstractManagedExecutor$1.run(
AbstractManagedExecutor.java:47)
	at java.base/java.util.concurrent.ThreadPoolExecutor.runWorker(T
hreadPoolExecutor.java:1144)
	at java.base/java.util.concurrent.ThreadPoolExecutor$Worker.run(
ThreadPoolExecutor.java:642)
	at java.base/java.lang.Thread.run(Thread.java:1583)
Could not write standard input to Gradle Test Executor 7.
java.io.IOException: ?뚯씠?꾧? ?ロ엳??以묒엯?덈떎
	at java.base/java.io.FileOutputStream.writeBytes(Native Method)
	at java.base/java.io.FileOutputStream.write(FileOutputStream.jav
a:367)
	at java.base/java.io.BufferedOutputStream.flushBuffer(BufferedOu
tputStream.java:125)
	at java.base/java.io.BufferedOutputStream.implFlush(BufferedOutp
utStream.java:252)
	at java.base/java.io.BufferedOutputStream.flush(BufferedOutputSt
ream.java:240)
	at org.gradle.process.internal.streams.ExecOutputHandleRunner.wr
iteBuffer(ExecOutputHandleRunner.java:98)
	at org.gradle.process.internal.streams.ExecOutputHandleRunner.fo
rwardContent(ExecOutputHandleRunner.java:85)
	at org.gradle.process.internal.streams.ExecOutputHandleRunner.ru
n(ExecOutputHandleRunner.java:64)
	at org.gradle.internal.concurrent.ExecutorPolicy$CatchAndRecordF
ailures.onExecute(ExecutorPolicy.java:64)
	at org.gradle.internal.concurrent.AbstractManagedExecutor$1.run(
AbstractManagedExecutor.java:47)
	at java.base/java.util.concurrent.ThreadPoolExecutor.runWorker(T
hreadPoolExecutor.java:1144)
	at java.base/java.util.concurrent.ThreadPoolExecutor$Worker.run(
ThreadPoolExecutor.java:642)
	at java.base/java.lang.Thread.run(Thread.java:1583)
Could not write standard input to Gradle Test Executor 8.
java.io.IOException: ?뚯씠?꾧? ?ロ엳??以묒엯?덈떎
	at java.base/java.io.FileOutputStream.writeBytes(Native Method)
	at java.base/java.io.FileOutputStream.write(FileOutputStream.jav
a:367)
	at java.base/java.io.BufferedOutputStream.flushBuffer(BufferedOu
tputStream.java:125)
	at java.base/java.io.BufferedOutputStream.implFlush(BufferedOutp
utStream.java:252)
	at java.base/java.io.BufferedOutputStream.flush(BufferedOutputSt
ream.java:240)
	at org.gradle.process.internal.streams.ExecOutputHandleRunner.wr
iteBuffer(ExecOutputHandleRunner.java:98)
	at org.gradle.process.internal.streams.ExecOutputHandleRunner.fo
rwardContent(ExecOutputHandleRunner.java:85)
	at org.gradle.process.internal.streams.ExecOutputHandleRunner.ru
n(ExecOutputHandleRunner.java:64)
	at org.gradle.internal.concurrent.ExecutorPolicy$CatchAndRecordF
ailures.onExecute(ExecutorPolicy.java:64)
	at org.gradle.internal.concurrent.AbstractManagedExecutor$1.run(
AbstractManagedExecutor.java:47)
	at java.base/java.util.concurrent.ThreadPoolExecutor.runWorker(T
hreadPoolExecutor.java:1144)
	at java.base/java.util.concurrent.ThreadPoolExecutor$Worker.run(
ThreadPoolExecutor.java:642)
	at java.base/java.lang.Thread.run(Thread.java:1583)
Could not write standard input to Gradle Test Executor 9.
java.io.IOException: ?뚯씠?꾧? ?ロ엳??以묒엯?덈떎
	at java.base/java.io.FileOutputStream.writeBytes(Native Method)
	at java.base/java.io.FileOutputStream.write(FileOutputStream.jav
a:367)
	at java.base/java.io.BufferedOutputStream.flushBuffer(BufferedOu
tputStream.java:125)
	at java.base/java.io.BufferedOutputStream.implFlush(BufferedOutp
utStream.java:252)
	at java.base/java.io.BufferedOutputStream.flush(BufferedOutputSt
ream.java:240)
	at org.gradle.process.internal.streams.ExecOutputHandleRunner.wr
iteBuffer(ExecOutputHandleRunner.java:98)
	at org.gradle.process.internal.streams.ExecOutputHandleRunner.fo
rwardContent(ExecOutputHandleRunner.java:85)
	at org.gradle.process.internal.streams.ExecOutputHandleRunner.ru
n(ExecOutputHandleRunner.java:64)
	at org.gradle.internal.concurrent.ExecutorPolicy$CatchAndRecordF
ailures.onExecute(ExecutorPolicy.java:64)
	at org.gradle.internal.concurrent.AbstractManagedExecutor$1.run(
AbstractManagedExecutor.java:47)
	at java.base/java.util.concurrent.ThreadPoolExecutor.runWorker(T
hreadPoolExecutor.java:1144)
	at java.base/java.util.concurrent.ThreadPoolExecutor$Worker.run(
ThreadPoolExecutor.java:642)
	at java.base/java.lang.Thread.run(Thread.java:1583)
Could not write standard input to Gradle Test Executor 10.
java.io.IOException: ?뚯씠?꾧? ?ロ엳??以묒엯?덈떎
	at java.base/java.io.FileOutputStream.writeBytes(Native Method)
	at java.base/java.io.FileOutputStream.write(FileOutputStream.jav
a:367)
	at java.base/java.io.BufferedOutputStream.flushBuffer(BufferedOu
tputStream.java:125)
	at java.base/java.io.BufferedOutputStream.implFlush(BufferedOutp
utStream.java:252)
	at java.base/java.io.BufferedOutputStream.flush(BufferedOutputSt
ream.java:240)
	at org.gradle.process.internal.streams.ExecOutputHandleRunner.wr
iteBuffer(ExecOutputHandleRunner.java:98)
	at org.gradle.process.internal.streams.ExecOutputHandleRunner.fo
rwardContent(ExecOutputHandleRunner.java:85)
	at org.gradle.process.internal.streams.ExecOutputHandleRunner.ru
n(ExecOutputHandleRunner.java:64)
	at org.gradle.internal.concurrent.ExecutorPolicy$CatchAndRecordF
ailures.onExecute(ExecutorPolicy.java:64)
	at org.gradle.internal.concurrent.AbstractManagedExecutor$1.run(
AbstractManagedExecutor.java:47)
	at java.base/java.util.concurrent.ThreadPoolExecutor.runWorker(T
hreadPoolExecutor.java:1144)
	at java.base/java.util.concurrent.ThreadPoolExecutor$Worker.run(
ThreadPoolExecutor.java:642)
	at java.base/java.lang.Thread.run(Thread.java:1583)

> Task :lumia-core:test
Error: Could not find or load main class worker.org.gradle.proces
s.internal.worker.GradleWorkerMain
Caused by: java.lang.ClassNotFoundException: worker.org.gradle.pr
ocess.internal.worker.GradleWorkerMain
Error: Could not find or load main class worker.org.gradle.proces
s.internal.worker.GradleWorkerMain
Caused by: java.lang.ClassNotFoundException: worker.org.gradle.pr
ocess.internal.worker.GradleWorkerMain
Process 'Gradle Test Executor 2' finished with non-zero exit valu
e 1
org.gradle.process.ProcessExecutionException: Process 'Gradle Tes
t Executor 2' finished with non-zero exit value 1
	at org.gradle.process.internal.DefaultExecHandle$ExecResultImpl.
assertNormalExitValue(DefaultExecHandle.java:450)
	at org.gradle.process.internal.worker.DefaultWorkerProcess.onPro
cessStop(DefaultWorkerProcess.java:146)
	at org.gradle.process.internal.worker.DefaultWorkerProcess.acces
s$000(DefaultWorkerProcess.java:43)
	at org.gradle.process.internal.worker.DefaultWorkerProcess$1.exe
cutionFinished(DefaultWorkerProcess.java:99)
	at java.base/jdk.internal.reflect.DirectMethodHandleAccessor.inv
oke(DirectMethodHandleAccessor.java:103)
	at java.base/java.lang.reflect.Method.invoke(Method.java:580)
	at org.gradle.internal.dispatch.MethodInvocation.invokeOn(Method
Invocation.java:77)
	at org.gradle.internal.dispatch.ReflectionDispatch.dispatch(Refl
ectionDispatch.java:28)
	at org.gradle.internal.dispatch.ReflectionDispatch.dispatch(Refl
ectionDispatch.java:19)
	at org.gradle.internal.event.AbstractBroadcastDispatch.dispatch(
AbstractBroadcastDispatch.java:44)
	at org.gradle.internal.event.BroadcastDispatch$SingletonDispatch
.dispatch(BroadcastDispatch.java:270)
	at org.gradle.internal.event.BroadcastDispatch$SingletonDispatch
.dispatch(BroadcastDispatch.java:172)
	at org.gradle.internal.event.ListenerBroadcast.dispatch(Listener
Broadcast.java:160)
	at org.gradle.internal.event.ListenerBroadcast.dispatch(Listener
Broadcast.java:37)
	at org.gradle.internal.dispatch.ProxyDispatchAdapter$Dispatching
InvocationHandler.invoke(ProxyDispatchAdapter.java:88)
	at jdk.proxy1/jdk.proxy1.$Proxy136.executionFinished(Unknown Sou
rce)
	at org.gradle.process.internal.DefaultExecHandle.setEndStateInfo
(DefaultExecHandle.java:222)
	at org.gradle.process.internal.DefaultExecHandle.finished(Defaul
tExecHandle.java:389)
	at org.gradle.process.internal.ExecHandleRunner.completed(ExecHa
ndleRunner.java:164)
	at org.gradle.process.internal.ExecHandleRunner.lambda$run$2(Exe
cHandleRunner.java:127)
	at org.gradle.internal.operations.CurrentBuildOperationRef.with(
CurrentBuildOperationRef.java:84)
	at org.gradle.process.internal.ExecHandleRunner.run(ExecHandleRu
nner.java:125)
	at org.gradle.internal.concurrent.ExecutorPolicy$CatchAndRecordF
ailures.onExecute(ExecutorPolicy.java:64)
	at org.gradle.internal.concurrent.AbstractManagedExecutor$1.run(
AbstractManagedExecutor.java:47)
	at java.base/java.util.concurrent.ThreadPoolExecutor.runWorker(T
hreadPoolExecutor.java:1144)
	at java.base/java.util.concurrent.ThreadPoolExecutor$Worker.run(
ThreadPoolExecutor.java:642)
	at java.base/java.lang.Thread.run(Thread.java:1583)
Error: Could not find or load main class worker.org.gradle.proces
s.internal.worker.GradleWorkerMain
Caused by: java.lang.ClassNotFoundException: worker.org.gradle.pr
ocess.internal.worker.GradleWorkerMain
Process 'Gradle Test Executor 3' finished with non-zero exit valu
e 1
org.gradle.process.ProcessExecutionException: Process 'Gradle Tes
t Executor 3' finished with non-zero exit value 1
	at org.gradle.process.internal.DefaultExecHandle$ExecResultImpl.
assertNormalExitValue(DefaultExecHandle.java:450)
	at org.gradle.process.internal.worker.DefaultWorkerProcess.onPro
cessStop(DefaultWorkerProcess.java:146)
	at org.gradle.process.internal.worker.DefaultWorkerProcess.acces
s$000(DefaultWorkerProcess.java:43)
	at org.gradle.process.internal.worker.DefaultWorkerProcess$1.exe
cutionFinished(DefaultWorkerProcess.java:99)
	at java.base/jdk.internal.reflect.DirectMethodHandleAccessor.inv
oke(DirectMethodHandleAccessor.java:103)
	at java.base/java.lang.reflect.Method.invoke(Method.java:580)
	at org.gradle.internal.dispatch.MethodInvocation.invokeOn(Method
Invocation.java:77)
	at org.gradle.internal.dispatch.ReflectionDispatch.dispatch(Refl
ectionDispatch.java:28)
	at org.gradle.internal.dispatch.ReflectionDispatch.dispatch(Refl
ectionDispatch.java:19)
	at org.gradle.internal.event.AbstractBroadcastDispatch.dispatch(
AbstractBroadcastDispatch.java:44)
	at org.gradle.internal.event.BroadcastDispatch$SingletonDispatch
.dispatch(BroadcastDispatch.java:270)
	at org.gradle.internal.event.BroadcastDispatch$SingletonDispatch
.dispatch(BroadcastDispatch.java:172)
	at org.gradle.internal.event.ListenerBroadcast.dispatch(Listener
Broadcast.java:160)
	at org.gradle.internal.event.ListenerBroadcast.dispatch(Listener
Broadcast.java:37)
	at org.gradle.internal.dispatch.ProxyDispatchAdapter$Dispatching
InvocationHandler.invoke(ProxyDispatchAdapter.java:88)
	at jdk.proxy1/jdk.proxy1.$Proxy136.executionFinished(Unknown Sou
rce)
	at org.gradle.process.internal.DefaultExecHandle.setEndStateInfo
(DefaultExecHandle.java:222)
	at org.gradle.process.internal.DefaultExecHandle.finished(Defaul
tExecHandle.java:389)
	at org.gradle.process.internal.ExecHandleRunner.completed(ExecHa
ndleRunner.java:164)
	at org.gradle.process.internal.ExecHandleRunner.lambda$run$2(Exe
cHandleRunner.java:127)
	at org.gradle.internal.operations.CurrentBuildOperationRef.with(
CurrentBuildOperationRef.java:84)
	at org.gradle.process.internal.ExecHandleRunner.run(ExecHandleRu
nner.java:125)
	at org.gradle.internal.concurrent.ExecutorPolicy$CatchAndRecordF
ailures.onExecute(ExecutorPolicy.java:64)
	at org.gradle.internal.concurrent.AbstractManagedExecutor$1.run(
AbstractManagedExecutor.java:47)
	at java.base/java.util.concurrent.ThreadPoolExecutor.runWorker(T
hreadPoolExecutor.java:1144)
	at java.base/java.util.concurrent.ThreadPoolExecutor$Worker.run(
ThreadPoolExecutor.java:642)
	at java.base/java.lang.Thread.run(Thread.java:1583)
Error: Could not find or load main class worker.org.gradle.proces
s.internal.worker.GradleWorkerMain
Caused by: java.lang.ClassNotFoundException: worker.org.gradle.pr
ocess.internal.worker.GradleWorkerMain
Process 'Gradle Test Executor 4' finished with non-zero exit valu
e 1
org.gradle.process.ProcessExecutionException: Process 'Gradle Tes
t Executor 4' finished with non-zero exit value 1
	at org.gradle.process.internal.DefaultExecHandle$ExecResultImpl.
assertNormalExitValue(DefaultExecHandle.java:450)
	at org.gradle.process.internal.worker.DefaultWorkerProcess.onPro
cessStop(DefaultWorkerProcess.java:146)
	at org.gradle.process.internal.worker.DefaultWorkerProcess.acces
s$000(DefaultWorkerProcess.java:43)
	at org.gradle.process.internal.worker.DefaultWorkerProcess$1.exe
cutionFinished(DefaultWorkerProcess.java:99)
	at java.base/jdk.internal.reflect.DirectMethodHandleAccessor.inv
oke(DirectMethodHandleAccessor.java:103)
	at java.base/java.lang.reflect.Method.invoke(Method.java:580)
	at org.gradle.internal.dispatch.MethodInvocation.invokeOn(Method
Invocation.java:77)
	at org.gradle.internal.dispatch.ReflectionDispatch.dispatch(Refl
ectionDispatch.java:28)
	at org.gradle.internal.dispatch.ReflectionDispatch.dispatch(Refl
ectionDispatch.java:19)
	at org.gradle.internal.event.AbstractBroadcastDispatch.dispatch(
AbstractBroadcastDispatch.java:44)
	at org.gradle.internal.event.BroadcastDispatch$SingletonDispatch
.dispatch(BroadcastDispatch.java:270)
	at org.gradle.internal.event.BroadcastDispatch$SingletonDispatch
.dispatch(BroadcastDispatch.java:172)
	at org.gradle.internal.event.ListenerBroadcast.dispatch(Listener
Broadcast.java:160)
	at org.gradle.internal.event.ListenerBroadcast.dispatch(Listener
Broadcast.java:37)
	at org.gradle.internal.dispatch.ProxyDispatchAdapter$Dispatching
InvocationHandler.invoke(ProxyDispatchAdapter.java:88)
	at jdk.proxy1/jdk.proxy1.$Proxy136.executionFinished(Unknown Sou
rce)
	at org.gradle.process.internal.DefaultExecHandle.setEndStateInfo
(DefaultExecHandle.java:222)
	at org.gradle.process.internal.DefaultExecHandle.finished(Defaul
tExecHandle.java:389)
	at org.gradle.process.internal.ExecHandleRunner.completed(ExecHa
ndleRunner.java:164)
	at org.gradle.process.internal.ExecHandleRunner.lambda$run$2(Exe
cHandleRunner.java:127)
	at org.gradle.internal.operations.CurrentBuildOperationRef.with(
CurrentBuildOperationRef.java:84)
	at org.gradle.process.internal.ExecHandleRunner.run(ExecHandleRu
nner.java:125)
	at org.gradle.internal.concurrent.ExecutorPolicy$CatchAndRecordF
ailures.onExecute(ExecutorPolicy.java:64)
	at org.gradle.internal.concurrent.AbstractManagedExecutor$1.run(
AbstractManagedExecutor.java:47)
	at java.base/java.util.concurrent.ThreadPoolExecutor.runWorker(T
hreadPoolExecutor.java:1144)
	at java.base/java.util.concurrent.ThreadPoolExecutor$Worker.run(
ThreadPoolExecutor.java:642)
	at java.base/java.lang.Thread.run(Thread.java:1583)
Error: Could not find or load main class worker.org.gradle.proces
s.internal.worker.GradleWorkerMain
Caused by: java.lang.ClassNotFoundException: worker.org.gradle.pr
ocess.internal.worker.GradleWorkerMain
Process 'Gradle Test Executor 5' finished with non-zero exit valu
e 1
org.gradle.process.ProcessExecutionException: Process 'Gradle Tes
t Executor 5' finished with non-zero exit value 1
	at org.gradle.process.internal.DefaultExecHandle$ExecResultImpl.
assertNormalExitValue(DefaultExecHandle.java:450)
	at org.gradle.process.internal.worker.DefaultWorkerProcess.onPro
cessStop(DefaultWorkerProcess.java:146)
	at org.gradle.process.internal.worker.DefaultWorkerProcess.acces
s$000(DefaultWorkerProcess.java:43)
	at org.gradle.process.internal.worker.DefaultWorkerProcess$1.exe
cutionFinished(DefaultWorkerProcess.java:99)
	at java.base/jdk.internal.reflect.DirectMethodHandleAccessor.inv
oke(DirectMethodHandleAccessor.java:103)
	at java.base/java.lang.reflect.Method.invoke(Method.java:580)
	at org.gradle.internal.dispatch.MethodInvocation.invokeOn(Method
Invocation.java:77)
	at org.gradle.internal.dispatch.ReflectionDispatch.dispatch(Refl
ectionDispatch.java:28)
	at org.gradle.internal.dispatch.ReflectionDispatch.dispatch(Refl
ectionDispatch.java:19)
	at org.gradle.internal.event.AbstractBroadcastDispatch.dispatch(
AbstractBroadcastDispatch.java:44)
	at org.gradle.internal.event.BroadcastDispatch$SingletonDispatch
.dispatch(BroadcastDispatch.java:270)
	at org.gradle.internal.event.BroadcastDispatch$SingletonDispatch
.dispatch(BroadcastDispatch.java:172)
	at org.gradle.internal.event.ListenerBroadcast.dispatch(Listener
Broadcast.java:160)
	at org.gradle.internal.event.ListenerBroadcast.dispatch(Listener
Broadcast.java:37)
	at org.gradle.internal.dispatch.ProxyDispatchAdapter$Dispatching
InvocationHandler.invoke(ProxyDispatchAdapter.java:88)
	at jdk.proxy1/jdk.proxy1.$Proxy136.executionFinished(Unknown Sou
rce)
	at org.gradle.process.internal.DefaultExecHandle.setEndStateInfo
(DefaultExecHandle.java:222)
	at org.gradle.process.internal.DefaultExecHandle.finished(Defaul
tExecHandle.java:389)
	at org.gradle.process.internal.ExecHandleRunner.completed(ExecHa
ndleRunner.java:164)
	at org.gradle.process.internal.ExecHandleRunner.lambda$run$2(Exe
cHandleRunner.java:127)
	at org.gradle.internal.operations.CurrentBuildOperationRef.with(
CurrentBuildOperationRef.java:84)
	at org.gradle.process.internal.ExecHandleRunner.run(ExecHandleRu
nner.java:125)
	at org.gradle.internal.concurrent.ExecutorPolicy$CatchAndRecordF
ailures.onExecute(ExecutorPolicy.java:64)
	at org.gradle.internal.concurrent.AbstractManagedExecutor$1.run(
AbstractManagedExecutor.java:47)
	at java.base/java.util.concurrent.ThreadPoolExecutor.runWorker(T
hreadPoolExecutor.java:1144)
	at java.base/java.util.concurrent.ThreadPoolExecutor$Worker.run(
ThreadPoolExecutor.java:642)
	at java.base/java.lang.Thread.run(Thread.java:1583)
Error: Could not find or load main class worker.org.gradle.proces
s.internal.worker.GradleWorkerMain
Caused by: java.lang.ClassNotFoundException: worker.org.gradle.pr
ocess.internal.worker.GradleWorkerMain
Process 'Gradle Test Executor 6' finished with non-zero exit valu
e 1
org.gradle.process.ProcessExecutionException: Process 'Gradle Tes
t Executor 6' finished with non-zero exit value 1
	at org.gradle.process.internal.DefaultExecHandle$ExecResultImpl.
assertNormalExitValue(DefaultExecHandle.java:450)
	at org.gradle.process.internal.worker.DefaultWorkerProcess.onPro
cessStop(DefaultWorkerProcess.java:146)
	at org.gradle.process.internal.worker.DefaultWorkerProcess.acces
s$000(DefaultWorkerProcess.java:43)
	at org.gradle.process.internal.worker.DefaultWorkerProcess$1.exe
cutionFinished(DefaultWorkerProcess.java:99)
	at java.base/jdk.internal.reflect.DirectMethodHandleAccessor.inv
oke(DirectMethodHandleAccessor.java:103)
	at java.base/java.lang.reflect.Method.invoke(Method.java:580)
	at org.gradle.internal.dispatch.MethodInvocation.invokeOn(Method
Invocation.java:77)
	at org.gradle.internal.dispatch.ReflectionDispatch.dispatch(Refl
ectionDispatch.java:28)
	at org.gradle.internal.dispatch.ReflectionDispatch.dispatch(Refl
ectionDispatch.java:19)
	at org.gradle.internal.event.AbstractBroadcastDispatch.dispatch(
AbstractBroadcastDispatch.java:44)
	at org.gradle.internal.event.BroadcastDispatch$SingletonDispatch
.dispatch(BroadcastDispatch.java:270)
	at org.gradle.internal.event.BroadcastDispatch$SingletonDispatch
.dispatch(BroadcastDispatch.java:172)
	at org.gradle.internal.event.ListenerBroadcast.dispatch(Listener
Broadcast.java:160)
	at org.gradle.internal.event.ListenerBroadcast.dispatch(Listener
Broadcast.java:37)
	at org.gradle.internal.dispatch.ProxyDispatchAdapter$Dispatching
InvocationHandler.invoke(ProxyDispatchAdapter.java:88)
	at jdk.proxy1/jdk.proxy1.$Proxy136.executionFinished(Unknown Sou
rce)
	at org.gradle.process.internal.DefaultExecHandle.setEndStateInfo
(DefaultExecHandle.java:222)
	at org.gradle.process.internal.DefaultExecHandle.finished(Defaul
tExecHandle.java:389)
	at org.gradle.process.internal.ExecHandleRunner.completed(ExecHa
ndleRunner.java:164)
	at org.gradle.process.internal.ExecHandleRunner.lambda$run$2(Exe
cHandleRunner.java:127)
	at org.gradle.internal.operations.CurrentBuildOperationRef.with(
CurrentBuildOperationRef.java:84)
	at org.gradle.process.internal.ExecHandleRunner.run(ExecHandleRu
nner.java:125)
	at org.gradle.internal.concurrent.ExecutorPolicy$CatchAndRecordF
ailures.onExecute(ExecutorPolicy.java:64)
	at org.gradle.internal.concurrent.AbstractManagedExecutor$1.run(
AbstractManagedExecutor.java:47)
	at java.base/java.util.concurrent.ThreadPoolExecutor.runWorker(T
hreadPoolExecutor.java:1144)
	at java.base/java.util.concurrent.ThreadPoolExecutor$Worker.run(
ThreadPoolExecutor.java:642)
	at java.base/java.lang.Thread.run(Thread.java:1583)
Error: Could not find or load main class worker.org.gradle.proces
s.internal.worker.GradleWorkerMain
Caused by: java.lang.ClassNotFoundException: worker.org.gradle.pr
ocess.internal.worker.GradleWorkerMain
Process 'Gradle Test Executor 7' finished with non-zero exit valu
e 1
org.gradle.process.ProcessExecutionException: Process 'Gradle Tes
t Executor 7' finished with non-zero exit value 1
	at org.gradle.process.internal.DefaultExecHandle$ExecResultImpl.
assertNormalExitValue(DefaultExecHandle.java:450)
	at org.gradle.process.internal.worker.DefaultWorkerProcess.onPro
cessStop(DefaultWorkerProcess.java:146)
	at org.gradle.process.internal.worker.DefaultWorkerProcess.acces
s$000(DefaultWorkerProcess.java:43)
	at org.gradle.process.internal.worker.DefaultWorkerProcess$1.exe
cutionFinished(DefaultWorkerProcess.java:99)
	at java.base/jdk.internal.reflect.DirectMethodHandleAccessor.inv
oke(DirectMethodHandleAccessor.java:103)
	at java.base/java.lang.reflect.Method.invoke(Method.java:580)
	at org.gradle.internal.dispatch.MethodInvocation.invokeOn(Method
Invocation.java:77)
	at org.gradle.internal.dispatch.ReflectionDispatch.dispatch(Refl
ectionDispatch.java:28)
	at org.gradle.internal.dispatch.ReflectionDispatch.dispatch(Refl
ectionDispatch.java:19)
	at org.gradle.internal.event.AbstractBroadcastDispatch.dispatch(
AbstractBroadcastDispatch.java:44)
	at org.gradle.internal.event.BroadcastDispatch$SingletonDispatch
.dispatch(BroadcastDispatch.java:270)
	at org.gradle.internal.event.BroadcastDispatch$SingletonDispatch
.dispatch(BroadcastDispatch.java:172)
	at org.gradle.internal.event.ListenerBroadcast.dispatch(Listener
Broadcast.java:160)
	at org.gradle.internal.event.ListenerBroadcast.dispatch(Listener
Broadcast.java:37)
	at org.gradle.internal.dispatch.ProxyDispatchAdapter$Dispatching
InvocationHandler.invoke(ProxyDispatchAdapter.java:88)
	at jdk.proxy1/jdk.proxy1.$Proxy136.executionFinished(Unknown Sou
rce)
	at org.gradle.process.internal.DefaultExecHandle.setEndStateInfo
(DefaultExecHandle.java:222)
	at org.gradle.process.internal.DefaultExecHandle.finished(Defaul
tExecHandle.java:389)
	at org.gradle.process.internal.ExecHandleRunner.completed(ExecHa
ndleRunner.java:164)
	at org.gradle.process.internal.ExecHandleRunner.lambda$run$2(Exe
cHandleRunner.java:127)
	at org.gradle.internal.operations.CurrentBuildOperationRef.with(
CurrentBuildOperationRef.java:84)
	at org.gradle.process.internal.ExecHandleRunner.run(ExecHandleRu
nner.java:125)
	at org.gradle.internal.concurrent.ExecutorPolicy$CatchAndRecordF
ailures.onExecute(ExecutorPolicy.java:64)
	at org.gradle.internal.concurrent.AbstractManagedExecutor$1.run(
AbstractManagedExecutor.java:47)
	at java.base/java.util.concurrent.ThreadPoolExecutor.runWorker(T
hreadPoolExecutor.java:1144)
	at java.base/java.util.concurrent.ThreadPoolExecutor$Worker.run(
ThreadPoolExecutor.java:642)
	at java.base/java.lang.Thread.run(Thread.java:1583)
Error: Could not find or load main class worker.org.gradle.proces
s.internal.worker.GradleWorkerMain
Caused by: java.lang.ClassNotFoundException: worker.org.gradle.pr
ocess.internal.worker.GradleWorkerMain
Process 'Gradle Test Executor 8' finished with non-zero exit valu
e 1
org.gradle.process.ProcessExecutionException: Process 'Gradle Tes
t Executor 8' finished with non-zero exit value 1
	at org.gradle.process.internal.DefaultExecHandle$ExecResultImpl.
assertNormalExitValue(DefaultExecHandle.java:450)
	at org.gradle.process.internal.worker.DefaultWorkerProcess.onPro
cessStop(DefaultWorkerProcess.java:146)
	at org.gradle.process.internal.worker.DefaultWorkerProcess.acces
s$000(DefaultWorkerProcess.java:43)
	at org.gradle.process.internal.worker.DefaultWorkerProcess$1.exe
cutionFinished(DefaultWorkerProcess.java:99)
	at java.base/jdk.internal.reflect.DirectMethodHandleAccessor.inv
oke(DirectMethodHandleAccessor.java:103)
	at java.base/java.lang.reflect.Method.invoke(Method.java:580)
	at org.gradle.internal.dispatch.MethodInvocation.invokeOn(Method
Invocation.java:77)
	at org.gradle.internal.dispatch.ReflectionDispatch.dispatch(Refl
ectionDispatch.java:28)
	at org.gradle.internal.dispatch.ReflectionDispatch.dispatch(Refl
ectionDispatch.java:19)
	at org.gradle.internal.event.AbstractBroadcastDispatch.dispatch(
AbstractBroadcastDispatch.java:44)
	at org.gradle.internal.event.BroadcastDispatch$SingletonDispatch
.dispatch(BroadcastDispatch.java:270)
	at org.gradle.internal.event.BroadcastDispatch$SingletonDispatch
.dispatch(BroadcastDispatch.java:172)
	at org.gradle.internal.event.ListenerBroadcast.dispatch(Listener
Broadcast.java:160)
	at org.gradle.internal.event.ListenerBroadcast.dispatch(Listener
Broadcast.java:37)
	at org.gradle.internal.dispatch.ProxyDispatchAdapter$Dispatching
InvocationHandler.invoke(ProxyDispatchAdapter.java:88)
	at jdk.proxy1/jdk.proxy1.$Proxy136.executionFinished(Unknown Sou
rce)
	at org.gradle.process.internal.DefaultExecHandle.setEndStateInfo
(DefaultExecHandle.java:222)
	at org.gradle.process.internal.DefaultExecHandle.finished(Defaul
tExecHandle.java:389)
	at org.gradle.process.internal.ExecHandleRunner.completed(ExecHa
ndleRunner.java:164)
	at org.gradle.process.internal.ExecHandleRunner.lambda$run$2(Exe
cHandleRunner.java:127)
	at org.gradle.internal.operations.CurrentBuildOperationRef.with(
CurrentBuildOperationRef.java:84)
	at org.gradle.process.internal.ExecHandleRunner.run(ExecHandleRu
nner.java:125)
	at org.gradle.internal.concurrent.ExecutorPolicy$CatchAndRecordF
ailures.onExecute(ExecutorPolicy.java:64)
	at org.gradle.internal.concurrent.AbstractManagedExecutor$1.run(
AbstractManagedExecutor.java:47)
	at java.base/java.util.concurrent.ThreadPoolExecutor.runWorker(T
hreadPoolExecutor.java:1144)
	at java.base/java.util.concurrent.ThreadPoolExecutor$Worker.run(
ThreadPoolExecutor.java:642)
	at java.base/java.lang.Thread.run(Thread.java:1583)
Error: Could not find or load main class worker.org.gradle.proces
s.internal.worker.GradleWorkerMain
Caused by: java.lang.ClassNotFoundException: worker.org.gradle.pr
ocess.internal.worker.GradleWorkerMain
Process 'Gradle Test Executor 9' finished with non-zero exit valu
e 1
org.gradle.process.ProcessExecutionException: Process 'Gradle Tes
t Executor 9' finished with non-zero exit value 1
	at org.gradle.process.internal.DefaultExecHandle$ExecResultImpl.
assertNormalExitValue(DefaultExecHandle.java:450)
	at org.gradle.process.internal.worker.DefaultWorkerProcess.onPro
cessStop(DefaultWorkerProcess.java:146)
	at org.gradle.process.internal.worker.DefaultWorkerProcess.acces
s$000(DefaultWorkerProcess.java:43)
	at org.gradle.process.internal.worker.DefaultWorkerProcess$1.exe
cutionFinished(DefaultWorkerProcess.java:99)
	at java.base/jdk.internal.reflect.DirectMethodHandleAccessor.inv
oke(DirectMethodHandleAccessor.java:103)
	at java.base/java.lang.reflect.Method.invoke(Method.java:580)
	at org.gradle.internal.dispatch.MethodInvocation.invokeOn(Method
Invocation.java:77)
	at org.gradle.internal.dispatch.ReflectionDispatch.dispatch(Refl
ectionDispatch.java:28)
	at org.gradle.internal.dispatch.ReflectionDispatch.dispatch(Refl
ectionDispatch.java:19)
	at org.gradle.internal.event.AbstractBroadcastDispatch.dispatch(
AbstractBroadcastDispatch.java:44)
	at org.gradle.internal.event.BroadcastDispatch$SingletonDispatch
.dispatch(BroadcastDispatch.java:270)
	at org.gradle.internal.event.BroadcastDispatch$SingletonDispatch
.dispatch(BroadcastDispatch.java:172)
	at org.gradle.internal.event.ListenerBroadcast.dispatch(Listener
Broadcast.java:160)
	at org.gradle.internal.event.ListenerBroadcast.dispatch(Listener
Broadcast.java:37)
	at org.gradle.internal.dispatch.ProxyDispatchAdapter$Dispatching
InvocationHandler.invoke(ProxyDispatchAdapter.java:88)
	at jdk.proxy1/jdk.proxy1.$Proxy136.executionFinished(Unknown Sou
rce)
	at org.gradle.process.internal.DefaultExecHandle.setEndStateInfo
(DefaultExecHandle.java:222)
	at org.gradle.process.internal.DefaultExecHandle.finished(Defaul
tExecHandle.java:389)
	at org.gradle.process.internal.ExecHandleRunner.completed(ExecHa
ndleRunner.java:164)
	at org.gradle.process.internal.ExecHandleRunner.lambda$run$2(Exe
cHandleRunner.java:127)
	at org.gradle.internal.operations.CurrentBuildOperationRef.with(
CurrentBuildOperationRef.java:84)
	at org.gradle.process.internal.ExecHandleRunner.run(ExecHandleRu
nner.java:125)
	at org.gradle.internal.concurrent.ExecutorPolicy$CatchAndRecordF
ailures.onExecute(ExecutorPolicy.java:64)
	at org.gradle.internal.concurrent.AbstractManagedExecutor$1.run(
AbstractManagedExecutor.java:47)
	at java.base/java.util.concurrent.ThreadPoolExecutor.runWorker(T
hreadPoolExecutor.java:1144)
	at java.base/java.util.concurrent.ThreadPoolExecutor$Worker.run(
ThreadPoolExecutor.java:642)
	at java.base/java.lang.Thread.run(Thread.java:1583)
Error: Could not find or load main class worker.org.gradle.proces
s.internal.worker.GradleWorkerMain
Caused by: java.lang.ClassNotFoundException: worker.org.gradle.pr
ocess.internal.worker.GradleWorkerMain
Process 'Gradle Test Executor 10' finished with non-zero exit val
ue 1
org.gradle.process.ProcessExecutionException: Process 'Gradle Tes
t Executor 10' finished with non-zero exit value 1
	at org.gradle.process.internal.DefaultExecHandle$ExecResultImpl.
assertNormalExitValue(DefaultExecHandle.java:450)
	at org.gradle.process.internal.worker.DefaultWorkerProcess.onPro
cessStop(DefaultWorkerProcess.java:146)
	at org.gradle.process.internal.worker.DefaultWorkerProcess.acces
s$000(DefaultWorkerProcess.java:43)
	at org.gradle.process.internal.worker.DefaultWorkerProcess$1.exe
cutionFinished(DefaultWorkerProcess.java:99)
	at java.base/jdk.internal.reflect.DirectMethodHandleAccessor.inv
oke(DirectMethodHandleAccessor.java:103)
	at java.base/java.lang.reflect.Method.invoke(Method.java:580)
	at org.gradle.internal.dispatch.MethodInvocation.invokeOn(Method
Invocation.java:77)
	at org.gradle.internal.dispatch.ReflectionDispatch.dispatch(Refl
ectionDispatch.java:28)
	at org.gradle.internal.dispatch.ReflectionDispatch.dispatch(Refl
ectionDispatch.java:19)
	at org.gradle.internal.event.AbstractBroadcastDispatch.dispatch(
AbstractBroadcastDispatch.java:44)
	at org.gradle.internal.event.BroadcastDispatch$SingletonDispatch
.dispatch(BroadcastDispatch.java:270)
	at org.gradle.internal.event.BroadcastDispatch$SingletonDispatch
.dispatch(BroadcastDispatch.java:172)
	at org.gradle.internal.event.ListenerBroadcast.dispatch(Listener
Broadcast.java:160)
	at org.gradle.internal.event.ListenerBroadcast.dispatch(Listener
Broadcast.java:37)
	at org.gradle.internal.dispatch.ProxyDispatchAdapter$Dispatching
InvocationHandler.invoke(ProxyDispatchAdapter.java:88)
	at jdk.proxy1/jdk.proxy1.$Proxy136.executionFinished(Unknown Sou
rce)
	at org.gradle.process.internal.DefaultExecHandle.setEndStateInfo
(DefaultExecHandle.java:222)
	at org.gradle.process.internal.DefaultExecHandle.finished(Defaul
tExecHandle.java:389)
	at org.gradle.process.internal.ExecHandleRunner.completed(ExecHa
ndleRunner.java:164)
	at org.gradle.process.internal.ExecHandleRunner.lambda$run$2(Exe
cHandleRunner.java:127)
	at org.gradle.internal.operations.CurrentBuildOperationRef.with(
CurrentBuildOperationRef.java:84)
	at org.gradle.process.internal.ExecHandleRunner.run(ExecHandleRu
nner.java:125)
	at org.gradle.internal.concurrent.ExecutorPolicy$CatchAndRecordF
ailures.onExecute(ExecutorPolicy.java:64)
	at org.gradle.internal.concurrent.AbstractManagedExecutor$1.run(
AbstractManagedExecutor.java:47)
	at java.base/java.util.concurrent.ThreadPoolExecutor.runWorker(T
hreadPoolExecutor.java:1144)
	at java.base/java.util.concurrent.ThreadPoolExecutor$Worker.run(
ThreadPoolExecutor.java:642)
	at java.base/java.lang.Thread.run(Thread.java:1583)

Error: Could not find or load main class worker.org.gradle.proces
s.internal.worker.GradleWorkerMain
Caused by: java.lang.ClassNotFoundException: worker.org.gradle.pr
ocess.internal.worker.GradleWorkerMain
Could not write standard input to Gradle Test Executor 11.
java.io.IOException: ?뚯씠?꾧? ?ロ엳??以묒엯?덈떎
	at java.base/java.io.FileOutputStream.writeBytes(Native Method)
	at java.base/java.io.FileOutputStream.write(FileOutputStream.jav
a:367)
	at java.base/java.io.BufferedOutputStream.flushBuffer(BufferedOu
tputStream.java:125)
	at java.base/java.io.BufferedOutputStream.implFlush(BufferedOutp
utStream.java:252)
	at java.base/java.io.BufferedOutputStream.flush(BufferedOutputSt
ream.java:240)
	at org.gradle.process.internal.streams.ExecOutputHandleRunner.wr
iteBuffer(ExecOutputHandleRunner.java:98)
	at org.gradle.process.internal.streams.ExecOutputHandleRunner.fo
rwardContent(ExecOutputHandleRunner.java:85)
	at org.gradle.process.internal.streams.ExecOutputHandleRunner.ru
n(ExecOutputHandleRunner.java:64)
	at org.gradle.internal.concurrent.ExecutorPolicy$CatchAndRecordF
ailures.onExecute(ExecutorPolicy.java:64)
	at org.gradle.internal.concurrent.AbstractManagedExecutor$1.run(
AbstractManagedExecutor.java:47)
	at java.base/java.util.concurrent.ThreadPoolExecutor.runWorker(T
hreadPoolExecutor.java:1144)
	at java.base/java.util.concurrent.ThreadPoolExecutor$Worker.run(
ThreadPoolExecutor.java:642)
	at java.base/java.lang.Thread.run(Thread.java:1583)
Could not write standard input to Gradle Test Executor 12.
java.io.IOException: ?뚯씠?꾧? ?ロ엳??以묒엯?덈떎
	at java.base/java.io.FileOutputStream.writeBytes(Native Method)
	at java.base/java.io.FileOutputStream.write(FileOutputStream.jav
a:367)
	at java.base/java.io.BufferedOutputStream.flushBuffer(BufferedOu
tputStream.java:125)
	at java.base/java.io.BufferedOutputStream.implFlush(BufferedOutp
utStream.java:252)
	at java.base/java.io.BufferedOutputStream.flush(BufferedOutputSt
ream.java:240)
	at org.gradle.process.internal.streams.ExecOutputHandleRunner.wr
iteBuffer(ExecOutputHandleRunner.java:98)
	at org.gradle.process.internal.streams.ExecOutputHandleRunner.fo
rwardContent(ExecOutputHandleRunner.java:85)
	at org.gradle.process.internal.streams.ExecOutputHandleRunner.ru
n(ExecOutputHandleRunner.java:64)
	at org.gradle.internal.concurrent.ExecutorPolicy$CatchAndRecordF
ailures.onExecute(ExecutorPolicy.java:64)
	at org.gradle.internal.concurrent.AbstractManagedExecutor$1.run(
AbstractManagedExecutor.java:47)
	at java.base/java.util.concurrent.ThreadPoolExecutor.runWorker(T
hreadPoolExecutor.java:1144)
	at java.base/java.util.concurrent.ThreadPoolExecutor$Worker.run(
ThreadPoolExecutor.java:642)
	at java.base/java.lang.Thread.run(Thread.java:1583)
Could not write standard input to Gradle Test Executor 13.
java.io.IOException: ?뚯씠?꾧? ?ロ엳??以묒엯?덈떎
	at java.base/java.io.FileOutputStream.writeBytes(Native Method)
	at java.base/java.io.FileOutputStream.write(FileOutputStream.jav
a:367)
	at java.base/java.io.BufferedOutputStream.flushBuffer(BufferedOu
tputStream.java:125)
	at java.base/java.io.BufferedOutputStream.implFlush(BufferedOutp
utStream.java:252)
	at java.base/java.io.BufferedOutputStream.flush(BufferedOutputSt
ream.java:240)
	at org.gradle.process.internal.streams.ExecOutputHandleRunner.wr
iteBuffer(ExecOutputHandleRunner.java:98)
	at org.gradle.process.internal.streams.ExecOutputHandleRunner.fo
rwardContent(ExecOutputHandleRunner.java:85)
	at org.gradle.process.internal.streams.ExecOutputHandleRunner.ru
n(ExecOutputHandleRunner.java:64)
	at org.gradle.internal.concurrent.ExecutorPolicy$CatchAndRecordF
ailures.onExecute(ExecutorPolicy.java:64)
	at org.gradle.internal.concurrent.AbstractManagedExecutor$1.run(
AbstractManagedExecutor.java:47)
	at java.base/java.util.concurrent.ThreadPoolExecutor.runWorker(T
hreadPoolExecutor.java:1144)
	at java.base/java.util.concurrent.ThreadPoolExecutor$Worker.run(
ThreadPoolExecutor.java:642)
	at java.base/java.lang.Thread.run(Thread.java:1583)
Could not write standard input to Gradle Test Executor 14.
java.io.IOException: ?뚯씠?꾧? ?ロ엳??以묒엯?덈떎
	at java.base/java.io.FileOutputStream.writeBytes(Native Method)
	at java.base/java.io.FileOutputStream.write(FileOutputStream.jav
a:367)
	at java.base/java.io.BufferedOutputStream.flushBuffer(BufferedOu
tputStream.java:125)
	at java.base/java.io.BufferedOutputStream.implFlush(BufferedOutp
utStream.java:252)
	at java.base/java.io.BufferedOutputStream.flush(BufferedOutputSt
ream.java:240)
	at org.gradle.process.internal.streams.ExecOutputHandleRunner.wr
iteBuffer(ExecOutputHandleRunner.java:98)
	at org.gradle.process.internal.streams.ExecOutputHandleRunner.fo
rwardContent(ExecOutputHandleRunner.java:85)
	at org.gradle.process.internal.streams.ExecOutputHandleRunner.ru
n(ExecOutputHandleRunner.java:64)
	at org.gradle.internal.concurrent.ExecutorPolicy$CatchAndRecordF
ailures.onExecute(ExecutorPolicy.java:64)
	at org.gradle.internal.concurrent.AbstractManagedExecutor$1.run(
AbstractManagedExecutor.java:47)
	at java.base/java.util.concurrent.ThreadPoolExecutor.runWorker(T
hreadPoolExecutor.java:1144)
	at java.base/java.util.concurrent.ThreadPoolExecutor$Worker.run(
ThreadPoolExecutor.java:642)
	at java.base/java.lang.Thread.run(Thread.java:1583)
Could not write standard input to Gradle Test Executor 15.
java.io.IOException: ?뚯씠?꾧? ?ロ엳??以묒엯?덈떎
	at java.base/java.io.FileOutputStream.writeBytes(Native Method)
	at java.base/java.io.FileOutputStream.write(FileOutputStream.jav
a:367)
	at java.base/java.io.BufferedOutputStream.flushBuffer(BufferedOu
tputStream.java:125)
	at java.base/java.io.BufferedOutputStream.implFlush(BufferedOutp
utStream.java:252)
	at java.base/java.io.BufferedOutputStream.flush(BufferedOutputSt
ream.java:240)
	at org.gradle.process.internal.streams.ExecOutputHandleRunner.wr
iteBuffer(ExecOutputHandleRunner.java:98)
	at org.gradle.process.internal.streams.ExecOutputHandleRunner.fo
rwardContent(ExecOutputHandleRunner.java:85)
	at org.gradle.process.internal.streams.ExecOutputHandleRunner.ru
n(ExecOutputHandleRunner.java:64)
	at org.gradle.internal.concurrent.ExecutorPolicy$CatchAndRecordF
ailures.onExecute(ExecutorPolicy.java:64)
	at org.gradle.internal.concurrent.AbstractManagedExecutor$1.run(
AbstractManagedExecutor.java:47)
	at java.base/java.util.concurrent.ThreadPoolExecutor.runWorker(T
hreadPoolExecutor.java:1144)
	at java.base/java.util.concurrent.ThreadPoolExecutor$Worker.run(
ThreadPoolExecutor.java:642)
	at java.base/java.lang.Thread.run(Thread.java:1583)
Could not write standard input to Gradle Test Executor 16.
java.io.IOException: ?뚯씠?꾧? ?ロ엳??以묒엯?덈떎
	at java.base/java.io.FileOutputStream.writeBytes(Native Method)
	at java.base/java.io.FileOutputStream.write(FileOutputStream.jav
a:367)
	at java.base/java.io.BufferedOutputStream.flushBuffer(BufferedOu
tputStream.java:125)
	at java.base/java.io.BufferedOutputStream.implFlush(BufferedOutp
utStream.java:252)
	at java.base/java.io.BufferedOutputStream.flush(BufferedOutputSt
ream.java:240)
	at org.gradle.process.internal.streams.ExecOutputHandleRunner.wr
iteBuffer(ExecOutputHandleRunner.java:98)
	at org.gradle.process.internal.streams.ExecOutputHandleRunner.fo
rwardContent(ExecOutputHandleRunner.java:85)
	at org.gradle.process.internal.streams.ExecOutputHandleRunner.ru
n(ExecOutputHandleRunner.java:64)
	at org.gradle.internal.concurrent.ExecutorPolicy$CatchAndRecordF
ailures.onExecute(ExecutorPolicy.java:64)
	at org.gradle.internal.concurrent.AbstractManagedExecutor$1.run(
AbstractManagedExecutor.java:47)
	at java.base/java.util.concurrent.ThreadPoolExecutor.runWorker(T
hreadPoolExecutor.java:1144)
	at java.base/java.util.concurrent.ThreadPoolExecutor$Worker.run(
ThreadPoolExecutor.java:642)
	at java.base/java.lang.Thread.run(Thread.java:1583)
Could not write standard input to Gradle Test Executor 17.
java.io.IOException: ?뚯씠?꾧? ?ロ엳??以묒엯?덈떎
	at java.base/java.io.FileOutputStream.writeBytes(Native Method)
	at java.base/java.io.FileOutputStream.write(FileOutputStream.jav
a:367)
	at java.base/java.io.BufferedOutputStream.flushBuffer(BufferedOu
tputStream.java:125)
	at java.base/java.io.BufferedOutputStream.implFlush(BufferedOutp
utStream.java:252)
	at java.base/java.io.BufferedOutputStream.flush(BufferedOutputSt
ream.java:240)
	at org.gradle.process.internal.streams.ExecOutputHandleRunner.wr
iteBuffer(ExecOutputHandleRunner.java:98)
	at org.gradle.process.internal.streams.ExecOutputHandleRunner.fo
rwardContent(ExecOutputHandleRunner.java:85)
	at org.gradle.process.internal.streams.ExecOutputHandleRunner.ru
n(ExecOutputHandleRunner.java:64)
	at org.gradle.internal.concurrent.ExecutorPolicy$CatchAndRecordF
ailures.onExecute(ExecutorPolicy.java:64)
	at org.gradle.internal.concurrent.AbstractManagedExecutor$1.run(
AbstractManagedExecutor.java:47)
	at java.base/java.util.concurrent.ThreadPoolExecutor.runWorker(T
hreadPoolExecutor.java:1144)
	at java.base/java.util.concurrent.ThreadPoolExecutor$Worker.run(
ThreadPoolExecutor.java:642)
	at java.base/java.lang.Thread.run(Thread.java:1583)
Could not write standard input to Gradle Test Executor 18.
java.io.IOException: ?뚯씠?꾧? ?ロ엳??以묒엯?덈떎
	at java.base/java.io.FileOutputStream.writeBytes(Native Method)
	at java.base/java.io.FileOutputStream.write(FileOutputStream.jav
a:367)
	at java.base/java.io.BufferedOutputStream.flushBuffer(BufferedOu
tputStream.java:125)
	at java.base/java.io.BufferedOutputStream.implFlush(BufferedOutp
utStream.java:252)
	at java.base/java.io.BufferedOutputStream.flush(BufferedOutputSt
ream.java:240)
	at org.gradle.process.internal.streams.ExecOutputHandleRunner.wr
iteBuffer(ExecOutputHandleRunner.java:98)
	at org.gradle.process.internal.streams.ExecOutputHandleRunner.fo
rwardContent(ExecOutputHandleRunner.java:85)
	at org.gradle.process.internal.streams.ExecOutputHandleRunner.ru
n(ExecOutputHandleRunner.java:64)
	at org.gradle.internal.concurrent.ExecutorPolicy$CatchAndRecordF
ailures.onExecute(ExecutorPolicy.java:64)
	at org.gradle.internal.concurrent.AbstractManagedExecutor$1.run(
AbstractManagedExecutor.java:47)
	at java.base/java.util.concurrent.ThreadPoolExecutor.runWorker(T
hreadPoolExecutor.java:1144)
	at java.base/java.util.concurrent.ThreadPoolExecutor$Worker.run(
ThreadPoolExecutor.java:642)
	at java.base/java.lang.Thread.run(Thread.java:1583)
Could not write standard input to Gradle Test Executor 19.
java.io.IOException: ?뚯씠?꾧? ?ロ엳??以묒엯?덈떎
	at java.base/java.io.FileOutputStream.writeBytes(Native Method)
	at java.base/java.io.FileOutputStream.write(FileOutputStream.jav
a:367)
	at java.base/java.io.BufferedOutputStream.flushBuffer(BufferedOu
tputStream.java:125)
	at java.base/java.io.BufferedOutputStream.implFlush(BufferedOutp
utStream.java:252)
	at java.base/java.io.BufferedOutputStream.flush(BufferedOutputSt
ream.java:240)
	at org.gradle.process.internal.streams.ExecOutputHandleRunner.wr
iteBuffer(ExecOutputHandleRunner.java:98)
	at org.gradle.process.internal.streams.ExecOutputHandleRunner.fo
rwardContent(ExecOutputHandleRunner.java:85)
	at org.gradle.process.internal.streams.ExecOutputHandleRunner.ru
n(ExecOutputHandleRunner.java:64)
	at org.gradle.internal.concurrent.ExecutorPolicy$CatchAndRecordF
ailures.onExecute(ExecutorPolicy.java:64)
	at org.gradle.internal.concurrent.AbstractManagedExecutor$1.run(
AbstractManagedExecutor.java:47)
	at java.base/java.util.concurrent.ThreadPoolExecutor.runWorker(T
hreadPoolExecutor.java:1144)
	at java.base/java.util.concurrent.ThreadPoolExecutor$Worker.run(
ThreadPoolExecutor.java:642)
	at java.base/java.lang.Thread.run(Thread.java:1583)
Could not write standard input to Gradle Test Executor 20.
java.io.IOException: ?뚯씠?꾧? ?ロ엳??以묒엯?덈떎
	at java.base/java.io.FileOutputStream.writeBytes(Native Method)
	at java.base/java.io.FileOutputStream.write(FileOutputStream.jav
a:367)
	at java.base/java.io.BufferedOutputStream.flushBuffer(BufferedOu
tputStream.java:125)
	at java.base/java.io.BufferedOutputStream.implFlush(BufferedOutp
utStream.java:252)
	at java.base/java.io.BufferedOutputStream.flush(BufferedOutputSt
ream.java:240)
	at org.gradle.process.internal.streams.ExecOutputHandleRunner.wr
iteBuffer(ExecOutputHandleRunner.java:98)
	at org.gradle.process.internal.streams.ExecOutputHandleRunner.fo
rwardContent(ExecOutputHandleRunner.java:85)
	at org.gradle.process.internal.streams.ExecOutputHandleRunner.ru
n(ExecOutputHandleRunner.java:64)
	at org.gradle.internal.concurrent.ExecutorPolicy$CatchAndRecordF
ailures.onExecute(ExecutorPolicy.java:64)
	at org.gradle.internal.concurrent.AbstractManagedExecutor$1.run(
AbstractManagedExecutor.java:47)
	at java.base/java.util.concurrent.ThreadPoolExecutor.runWorker(T
hreadPoolExecutor.java:1144)
	at java.base/java.util.concurrent.ThreadPoolExecutor$Worker.run(
ThreadPoolExecutor.java:642)
	at java.base/java.lang.Thread.run(Thread.java:1583)
Could not write standard input to Gradle Test Executor 21.
java.io.IOException: ?뚯씠?꾧? ?ロ엳??以묒엯?덈떎
	at java.base/java.io.FileOutputStream.writeBytes(Native Method)
	at java.base/java.io.FileOutputStream.write(FileOutputStream.jav
a:367)
	at java.base/java.io.BufferedOutputStream.flushBuffer(BufferedOu
tputStream.java:125)
	at java.base/java.io.BufferedOutputStream.implFlush(BufferedOutp
utStream.java:252)
	at java.base/java.io.BufferedOutputStream.flush(BufferedOutputSt
ream.java:240)
	at org.gradle.process.internal.streams.ExecOutputHandleRunner.wr
iteBuffer(ExecOutputHandleRunner.java:98)
	at org.gradle.process.internal.streams.ExecOutputHandleRunner.fo
rwardContent(ExecOutputHandleRunner.java:85)
	at org.gradle.process.internal.streams.ExecOutputHandleRunner.ru
n(ExecOutputHandleRunner.java:64)
	at org.gradle.internal.concurrent.ExecutorPolicy$CatchAndRecordF
ailures.onExecute(ExecutorPolicy.java:64)
	at org.gradle.internal.concurrent.AbstractManagedExecutor$1.run(
AbstractManagedExecutor.java:47)
	at java.base/java.util.concurrent.ThreadPoolExecutor.runWorker(T
hreadPoolExecutor.java:1144)
	at java.base/java.util.concurrent.ThreadPoolExecutor$Worker.run(
ThreadPoolExecutor.java:642)
	at java.base/java.lang.Thread.run(Thread.java:1583)
Could not write standard input to Gradle Test Executor 22.
java.io.IOException: ?뚯씠?꾧? ?ロ엳??以묒엯?덈떎
	at java.base/java.io.FileOutputStream.writeBytes(Native Method)
	at java.base/java.io.FileOutputStream.write(FileOutputStream.jav
a:367)
	at java.base/java.io.BufferedOutputStream.flushBuffer(BufferedOu
tputStream.java:125)
	at java.base/java.io.BufferedOutputStream.implFlush(BufferedOutp
utStream.java:252)
	at java.base/java.io.BufferedOutputStream.flush(BufferedOutputSt
ream.java:240)
	at org.gradle.process.internal.streams.ExecOutputHandleRunner.wr
iteBuffer(ExecOutputHandleRunner.java:98)
	at org.gradle.process.internal.streams.ExecOutputHandleRunner.fo
rwardContent(ExecOutputHandleRunner.java:85)
	at org.gradle.process.internal.streams.ExecOutputHandleRunner.ru
n(ExecOutputHandleRunner.java:64)
	at org.gradle.internal.concurrent.ExecutorPolicy$CatchAndRecordF
ailures.onExecute(ExecutorPolicy.java:64)
	at org.gradle.internal.concurrent.AbstractManagedExecutor$1.run(
AbstractManagedExecutor.java:47)
	at java.base/java.util.concurrent.ThreadPoolExecutor.runWorker(T
hreadPoolExecutor.java:1144)
	at java.base/java.util.concurrent.ThreadPoolExecutor$Worker.run(
ThreadPoolExecutor.java:642)
	at java.base/java.lang.Thread.run(Thread.java:1583)
Could not write standard input to Gradle Test Executor 23.
java.io.IOException: ?뚯씠?꾧? ?ロ엳??以묒엯?덈떎
	at java.base/java.io.FileOutputStream.writeBytes(Native Method)
	at java.base/java.io.FileOutputStream.write(FileOutputStream.jav
a:367)
	at java.base/java.io.BufferedOutputStream.flushBuffer(BufferedOu
tputStream.java:125)
	at java.base/java.io.BufferedOutputStream.implFlush(BufferedOutp
utStream.java:252)
	at java.base/java.io.BufferedOutputStream.flush(BufferedOutputSt
ream.java:240)
	at org.gradle.process.internal.streams.ExecOutputHandleRunner.wr
iteBuffer(ExecOutputHandleRunner.java:98)
	at org.gradle.process.internal.streams.ExecOutputHandleRunner.fo
rwardContent(ExecOutputHandleRunner.java:85)
	at org.gradle.process.internal.streams.ExecOutputHandleRunner.ru
n(ExecOutputHandleRunner.java:64)
	at org.gradle.internal.concurrent.ExecutorPolicy$CatchAndRecordF
ailures.onExecute(ExecutorPolicy.java:64)
	at org.gradle.internal.concurrent.AbstractManagedExecutor$1.run(
AbstractManagedExecutor.java:47)
	at java.base/java.util.concurrent.ThreadPoolExecutor.runWorker(T
hreadPoolExecutor.java:1144)
	at java.base/java.util.concurrent.ThreadPoolExecutor$Worker.run(
ThreadPoolExecutor.java:642)
	at java.base/java.lang.Thread.run(Thread.java:1583)

> Task :lumia-core:test
Process 'Gradle Test Executor 11' finished with non-zero exit val
ue 1
org.gradle.process.ProcessExecutionException: Process 'Gradle Tes
t Executor 11' finished with non-zero exit value 1
	at org.gradle.process.internal.DefaultExecHandle$ExecResultImpl.
assertNormalExitValue(DefaultExecHandle.java:450)
	at org.gradle.process.internal.worker.DefaultWorkerProcess.onPro
cessStop(DefaultWorkerProcess.java:146)
	at org.gradle.process.internal.worker.DefaultWorkerProcess.acces
s$000(DefaultWorkerProcess.java:43)
	at org.gradle.process.internal.worker.DefaultWorkerProcess$1.exe
cutionFinished(DefaultWorkerProcess.java:99)
	at java.base/jdk.internal.reflect.DirectMethodHandleAccessor.inv
oke(DirectMethodHandleAccessor.java:103)
	at java.base/java.lang.reflect.Method.invoke(Method.java:580)
	at org.gradle.internal.dispatch.MethodInvocation.invokeOn(Method
Invocation.java:77)
	at org.gradle.internal.dispatch.ReflectionDispatch.dispatch(Refl
ectionDispatch.java:28)
	at org.gradle.internal.dispatch.ReflectionDispatch.dispatch(Refl
ectionDispatch.java:19)
	at org.gradle.internal.event.AbstractBroadcastDispatch.dispatch(
AbstractBroadcastDispatch.java:44)
	at org.gradle.internal.event.BroadcastDispatch$SingletonDispatch
.dispatch(BroadcastDispatch.java:270)
	at org.gradle.internal.event.BroadcastDispatch$SingletonDispatch
.dispatch(BroadcastDispatch.java:172)
	at org.gradle.internal.event.ListenerBroadcast.dispatch(Listener
Broadcast.java:160)
	at org.gradle.internal.event.ListenerBroadcast.dispatch(Listener
Broadcast.java:37)
	at org.gradle.internal.dispatch.ProxyDispatchAdapter$Dispatching
InvocationHandler.invoke(ProxyDispatchAdapter.java:88)
	at jdk.proxy1/jdk.proxy1.$Proxy136.executionFinished(Unknown Sou
rce)
	at org.gradle.process.internal.DefaultExecHandle.setEndStateInfo
(DefaultExecHandle.java:222)
	at org.gradle.process.internal.DefaultExecHandle.finished(Defaul
tExecHandle.java:389)
	at org.gradle.process.internal.ExecHandleRunner.completed(ExecHa
ndleRunner.java:164)
	at org.gradle.process.internal.ExecHandleRunner.lambda$run$2(Exe
cHandleRunner.java:127)
	at org.gradle.internal.operations.CurrentBuildOperationRef.with(
CurrentBuildOperationRef.java:84)
	at org.gradle.process.internal.ExecHandleRunner.run(ExecHandleRu
nner.java:125)
	at org.gradle.internal.concurrent.ExecutorPolicy$CatchAndRecordF
ailures.onExecute(ExecutorPolicy.java:64)
	at org.gradle.internal.concurrent.AbstractManagedExecutor$1.run(
AbstractManagedExecutor.java:47)
	at java.base/java.util.concurrent.ThreadPoolExecutor.runWorker(T
hreadPoolExecutor.java:1144)
	at java.base/java.util.concurrent.ThreadPoolExecutor$Worker.run(
ThreadPoolExecutor.java:642)
	at java.base/java.lang.Thread.run(Thread.java:1583)
Error: Could not find or load main class worker.org.gradle.proces
s.internal.worker.GradleWorkerMain
Caused by: java.lang.ClassNotFoundException: worker.org.gradle.pr
ocess.internal.worker.GradleWorkerMain
Process 'Gradle Test Executor 12' finished with non-zero exit val
ue 1
org.gradle.process.ProcessExecutionException: Process 'Gradle Tes
t Executor 12' finished with non-zero exit value 1
	at org.gradle.process.internal.DefaultExecHandle$ExecResultImpl.
assertNormalExitValue(DefaultExecHandle.java:450)
	at org.gradle.process.internal.worker.DefaultWorkerProcess.onPro
cessStop(DefaultWorkerProcess.java:146)
	at org.gradle.process.internal.worker.DefaultWorkerProcess.acces
s$000(DefaultWorkerProcess.java:43)
	at org.gradle.process.internal.worker.DefaultWorkerProcess$1.exe
cutionFinished(DefaultWorkerProcess.java:99)
	at java.base/jdk.internal.reflect.DirectMethodHandleAccessor.inv
oke(DirectMethodHandleAccessor.java:103)
	at java.base/java.lang.reflect.Method.invoke(Method.java:580)
	at org.gradle.internal.dispatch.MethodInvocation.invokeOn(Method
Invocation.java:77)
	at org.gradle.internal.dispatch.ReflectionDispatch.dispatch(Refl
ectionDispatch.java:28)
	at org.gradle.internal.dispatch.ReflectionDispatch.dispatch(Refl
ectionDispatch.java:19)
	at org.gradle.internal.event.AbstractBroadcastDispatch.dispatch(
AbstractBroadcastDispatch.java:44)
	at org.gradle.internal.event.BroadcastDispatch$SingletonDispatch
.dispatch(BroadcastDispatch.java:270)
	at org.gradle.internal.event.BroadcastDispatch$SingletonDispatch
.dispatch(BroadcastDispatch.java:172)
	at org.gradle.internal.event.ListenerBroadcast.dispatch(Listener
Broadcast.java:160)
	at org.gradle.internal.event.ListenerBroadcast.dispatch(Listener
Broadcast.java:37)
	at org.gradle.internal.dispatch.ProxyDispatchAdapter$Dispatching
InvocationHandler.invoke(ProxyDispatchAdapter.java:88)
	at jdk.proxy1/jdk.proxy1.$Proxy136.executionFinished(Unknown Sou
rce)
	at org.gradle.process.internal.DefaultExecHandle.setEndStateInfo
(DefaultExecHandle.java:222)
	at org.gradle.process.internal.DefaultExecHandle.finished(Defaul
tExecHandle.java:389)
	at org.gradle.process.internal.ExecHandleRunner.completed(ExecHa
ndleRunner.java:164)
	at org.gradle.process.internal.ExecHandleRunner.lambda$run$2(Exe
cHandleRunner.java:127)
	at org.gradle.internal.operations.CurrentBuildOperationRef.with(
CurrentBuildOperationRef.java:84)
	at org.gradle.process.internal.ExecHandleRunner.run(ExecHandleRu
nner.java:125)
	at org.gradle.internal.concurrent.ExecutorPolicy$CatchAndRecordF
ailures.onExecute(ExecutorPolicy.java:64)
	at org.gradle.internal.concurrent.AbstractManagedExecutor$1.run(
AbstractManagedExecutor.java:47)
	at java.base/java.util.concurrent.ThreadPoolExecutor.runWorker(T
hreadPoolExecutor.java:1144)
	at java.base/java.util.concurrent.ThreadPoolExecutor$Worker.run(
ThreadPoolExecutor.java:642)
	at java.base/java.lang.Thread.run(Thread.java:1583)
Error: Could not find or load main class worker.org.gradle.proces
s.internal.worker.GradleWorkerMain
Caused by: java.lang.ClassNotFoundException: worker.org.gradle.pr
ocess.internal.worker.GradleWorkerMain
Process 'Gradle Test Executor 13' finished with non-zero exit val
ue 1
org.gradle.process.ProcessExecutionException: Process 'Gradle Tes
t Executor 13' finished with non-zero exit value 1
	at org.gradle.process.internal.DefaultExecHandle$ExecResultImpl.
assertNormalExitValue(DefaultExecHandle.java:450)
	at org.gradle.process.internal.worker.DefaultWorkerProcess.onPro
cessStop(DefaultWorkerProcess.java:146)
	at org.gradle.process.internal.worker.DefaultWorkerProcess.acces
s$000(DefaultWorkerProcess.java:43)
	at org.gradle.process.internal.worker.DefaultWorkerProcess$1.exe
cutionFinished(DefaultWorkerProcess.java:99)
	at java.base/jdk.internal.reflect.DirectMethodHandleAccessor.inv
oke(DirectMethodHandleAccessor.java:103)
	at java.base/java.lang.reflect.Method.invoke(Method.java:580)
	at org.gradle.internal.dispatch.MethodInvocation.invokeOn(Method
Invocation.java:77)
	at org.gradle.internal.dispatch.ReflectionDispatch.dispatch(Refl
ectionDispatch.java:28)
	at org.gradle.internal.dispatch.ReflectionDispatch.dispatch(Refl
ectionDispatch.java:19)
	at org.gradle.internal.event.AbstractBroadcastDispatch.dispatch(
AbstractBroadcastDispatch.java:44)
	at org.gradle.internal.event.BroadcastDispatch$SingletonDispatch
.dispatch(BroadcastDispatch.java:270)
	at org.gradle.internal.event.BroadcastDispatch$SingletonDispatch
.dispatch(BroadcastDispatch.java:172)
	at org.gradle.internal.event.ListenerBroadcast.dispatch(Listener
Broadcast.java:160)
	at org.gradle.internal.event.ListenerBroadcast.dispatch(Listener
Broadcast.java:37)
	at org.gradle.internal.dispatch.ProxyDispatchAdapter$Dispatching
InvocationHandler.invoke(ProxyDispatchAdapter.java:88)
	at jdk.proxy1/jdk.proxy1.$Proxy136.executionFinished(Unknown Sou
rce)
	at org.gradle.process.internal.DefaultExecHandle.setEndStateInfo
(DefaultExecHandle.java:222)
	at org.gradle.process.internal.DefaultExecHandle.finished(Defaul
tExecHandle.java:389)
	at org.gradle.process.internal.ExecHandleRunner.completed(ExecHa
ndleRunner.java:164)
	at org.gradle.process.internal.ExecHandleRunner.lambda$run$2(Exe
cHandleRunner.java:127)
	at org.gradle.internal.operations.CurrentBuildOperationRef.with(
CurrentBuildOperationRef.java:84)
	at org.gradle.process.internal.ExecHandleRunner.run(ExecHandleRu
nner.java:125)
	at org.gradle.internal.concurrent.ExecutorPolicy$CatchAndRecordF
ailures.onExecute(ExecutorPolicy.java:64)
	at org.gradle.internal.concurrent.AbstractManagedExecutor$1.run(
AbstractManagedExecutor.java:47)
	at java.base/java.util.concurrent.ThreadPoolExecutor.runWorker(T
hreadPoolExecutor.java:1144)
	at java.base/java.util.concurrent.ThreadPoolExecutor$Worker.run(
ThreadPoolExecutor.java:642)
	at java.base/java.lang.Thread.run(Thread.java:1583)
Error: Could not find or load main class worker.org.gradle.proces
s.internal.worker.GradleWorkerMain
Caused by: java.lang.ClassNotFoundException: worker.org.gradle.pr
ocess.internal.worker.GradleWorkerMain
Process 'Gradle Test Executor 14' finished with non-zero exit val
ue 1
org.gradle.process.ProcessExecutionException: Process 'Gradle Tes
t Executor 14' finished with non-zero exit value 1
	at org.gradle.process.internal.DefaultExecHandle$ExecResultImpl.
assertNormalExitValue(DefaultExecHandle.java:450)
	at org.gradle.process.internal.worker.DefaultWorkerProcess.onPro
cessStop(DefaultWorkerProcess.java:146)
	at org.gradle.process.internal.worker.DefaultWorkerProcess.acces
s$000(DefaultWorkerProcess.java:43)
	at org.gradle.process.internal.worker.DefaultWorkerProcess$1.exe
cutionFinished(DefaultWorkerProcess.java:99)
	at java.base/jdk.internal.reflect.DirectMethodHandleAccessor.inv
oke(DirectMethodHandleAccessor.java:103)
	at java.base/java.lang.reflect.Method.invoke(Method.java:580)
	at org.gradle.internal.dispatch.MethodInvocation.invokeOn(Method
Invocation.java:77)
	at org.gradle.internal.dispatch.ReflectionDispatch.dispatch(Refl
ectionDispatch.java:28)
	at org.gradle.internal.dispatch.ReflectionDispatch.dispatch(Refl
ectionDispatch.java:19)
	at org.gradle.internal.event.AbstractBroadcastDispatch.dispatch(
AbstractBroadcastDispatch.java:44)
	at org.gradle.internal.event.BroadcastDispatch$SingletonDispatch
.dispatch(BroadcastDispatch.java:270)
	at org.gradle.internal.event.BroadcastDispatch$SingletonDispatch
.dispatch(BroadcastDispatch.java:172)
	at org.gradle.internal.event.ListenerBroadcast.dispatch(Listener
Broadcast.java:160)
	at org.gradle.internal.event.ListenerBroadcast.dispatch(Listener
Broadcast.java:37)
	at org.gradle.internal.dispatch.ProxyDispatchAdapter$Dispatching
InvocationHandler.invoke(ProxyDispatchAdapter.java:88)
	at jdk.proxy1/jdk.proxy1.$Proxy136.executionFinished(Unknown Sou
rce)
	at org.gradle.process.internal.DefaultExecHandle.setEndStateInfo
(DefaultExecHandle.java:222)
	at org.gradle.process.internal.DefaultExecHandle.finished(Defaul
tExecHandle.java:389)
	at org.gradle.process.internal.ExecHandleRunner.completed(ExecHa
ndleRunner.java:164)
	at org.gradle.process.internal.ExecHandleRunner.lambda$run$2(Exe
cHandleRunner.java:127)
	at org.gradle.internal.operations.CurrentBuildOperationRef.with(
CurrentBuildOperationRef.java:84)
	at org.gradle.process.internal.ExecHandleRunner.run(ExecHandleRu
nner.java:125)
	at org.gradle.internal.concurrent.ExecutorPolicy$CatchAndRecordF
ailures.onExecute(ExecutorPolicy.java:64)
	at org.gradle.internal.concurrent.AbstractManagedExecutor$1.run(
AbstractManagedExecutor.java:47)
	at java.base/java.util.concurrent.ThreadPoolExecutor.runWorker(T
hreadPoolExecutor.java:1144)
	at java.base/java.util.concurrent.ThreadPoolExecutor$Worker.run(
ThreadPoolExecutor.java:642)
	at java.base/java.lang.Thread.run(Thread.java:1583)
Error: Could not find or load main class worker.org.gradle.proces
s.internal.worker.GradleWorkerMain
Caused by: java.lang.ClassNotFoundException: worker.org.gradle.pr
ocess.internal.worker.GradleWorkerMain
Process 'Gradle Test Executor 15' finished with non-zero exit val
ue 1
org.gradle.process.ProcessExecutionException: Process 'Gradle Tes
t Executor 15' finished with non-zero exit value 1
	at org.gradle.process.internal.DefaultExecHandle$ExecResultImpl.
assertNormalExitValue(DefaultExecHandle.java:450)
	at org.gradle.process.internal.worker.DefaultWorkerProcess.onPro
cessStop(DefaultWorkerProcess.java:146)
	at org.gradle.process.internal.worker.DefaultWorkerProcess.acces
s$000(DefaultWorkerProcess.java:43)
	at org.gradle.process.internal.worker.DefaultWorkerProcess$1.exe
cutionFinished(DefaultWorkerProcess.java:99)
	at java.base/jdk.internal.reflect.DirectMethodHandleAccessor.inv
oke(DirectMethodHandleAccessor.java:103)
	at java.base/java.lang.reflect.Method.invoke(Method.java:580)
	at org.gradle.internal.dispatch.MethodInvocation.invokeOn(Method
Invocation.java:77)
	at org.gradle.internal.dispatch.ReflectionDispatch.dispatch(Refl
ectionDispatch.java:28)
	at org.gradle.internal.dispatch.ReflectionDispatch.dispatch(Refl
ectionDispatch.java:19)
	at org.gradle.internal.event.AbstractBroadcastDispatch.dispatch(
AbstractBroadcastDispatch.java:44)
	at org.gradle.internal.event.BroadcastDispatch$SingletonDispatch
.dispatch(BroadcastDispatch.java:270)
	at org.gradle.internal.event.BroadcastDispatch$SingletonDispatch
.dispatch(BroadcastDispatch.java:172)
	at org.gradle.internal.event.ListenerBroadcast.dispatch(Listener
Broadcast.java:160)
	at org.gradle.internal.event.ListenerBroadcast.dispatch(Listener
Broadcast.java:37)
	at org.gradle.internal.dispatch.ProxyDispatchAdapter$Dispatching
InvocationHandler.invoke(ProxyDispatchAdapter.java:88)
	at jdk.proxy1/jdk.proxy1.$Proxy136.executionFinished(Unknown Sou
rce)
	at org.gradle.process.internal.DefaultExecHandle.setEndStateInfo
(DefaultExecHandle.java:222)
	at org.gradle.process.internal.DefaultExecHandle.finished(Defaul
tExecHandle.java:389)
	at org.gradle.process.internal.ExecHandleRunner.completed(ExecHa
ndleRunner.java:164)
	at org.gradle.process.internal.ExecHandleRunner.lambda$run$2(Exe
cHandleRunner.java:127)
	at org.gradle.internal.operations.CurrentBuildOperationRef.with(
CurrentBuildOperationRef.java:84)
	at org.gradle.process.internal.ExecHandleRunner.run(ExecHandleRu
nner.java:125)
	at org.gradle.internal.concurrent.ExecutorPolicy$CatchAndRecordF
ailures.onExecute(ExecutorPolicy.java:64)
	at org.gradle.internal.concurrent.AbstractManagedExecutor$1.run(
AbstractManagedExecutor.java:47)
	at java.base/java.util.concurrent.ThreadPoolExecutor.runWorker(T
hreadPoolExecutor.java:1144)
	at java.base/java.util.concurrent.ThreadPoolExecutor$Worker.run(
ThreadPoolExecutor.java:642)
	at java.base/java.lang.Thread.run(Thread.java:1583)
Error: Could not find or load main class worker.org.gradle.proces
s.internal.worker.GradleWorkerMain
Caused by: java.lang.ClassNotFoundException: worker.org.gradle.pr
ocess.internal.worker.GradleWorkerMain
Process 'Gradle Test Executor 16' finished with non-zero exit val
ue 1
org.gradle.process.ProcessExecutionException: Process 'Gradle Tes
t Executor 16' finished with non-zero exit value 1
	at org.gradle.process.internal.DefaultExecHandle$ExecResultImpl.
assertNormalExitValue(DefaultExecHandle.java:450)
	at org.gradle.process.internal.worker.DefaultWorkerProcess.onPro
cessStop(DefaultWorkerProcess.java:146)
	at org.gradle.process.internal.worker.DefaultWorkerProcess.acces
s$000(DefaultWorkerProcess.java:43)
	at org.gradle.process.internal.worker.DefaultWorkerProcess$1.exe
cutionFinished(DefaultWorkerProcess.java:99)
	at java.base/jdk.internal.reflect.DirectMethodHandleAccessor.inv
oke(DirectMethodHandleAccessor.java:103)
	at java.base/java.lang.reflect.Method.invoke(Method.java:580)
	at org.gradle.internal.dispatch.MethodInvocation.invokeOn(Method
Invocation.java:77)
	at org.gradle.internal.dispatch.ReflectionDispatch.dispatch(Refl
ectionDispatch.java:28)
	at org.gradle.internal.dispatch.ReflectionDispatch.dispatch(Refl
ectionDispatch.java:19)
	at org.gradle.internal.event.AbstractBroadcastDispatch.dispatch(
AbstractBroadcastDispatch.java:44)
	at org.gradle.internal.event.BroadcastDispatch$SingletonDispatch
.dispatch(BroadcastDispatch.java:270)
	at org.gradle.internal.event.BroadcastDispatch$SingletonDispatch
.dispatch(BroadcastDispatch.java:172)
	at org.gradle.internal.event.ListenerBroadcast.dispatch(Listener
Broadcast.java:160)
	at org.gradle.internal.event.ListenerBroadcast.dispatch(Listener
Broadcast.java:37)
	at org.gradle.internal.dispatch.ProxyDispatchAdapter$Dispatching
InvocationHandler.invoke(ProxyDispatchAdapter.java:88)
	at jdk.proxy1/jdk.proxy1.$Proxy136.executionFinished(Unknown Sou
rce)
	at org.gradle.process.internal.DefaultExecHandle.setEndStateInfo
(DefaultExecHandle.java:222)
	at org.gradle.process.internal.DefaultExecHandle.finished(Defaul
tExecHandle.java:389)
	at org.gradle.process.internal.ExecHandleRunner.completed(ExecHa
ndleRunner.java:164)
	at org.gradle.process.internal.ExecHandleRunner.lambda$run$2(Exe
cHandleRunner.java:127)
	at org.gradle.internal.operations.CurrentBuildOperationRef.with(
CurrentBuildOperationRef.java:84)
	at org.gradle.process.internal.ExecHandleRunner.run(ExecHandleRu
nner.java:125)
	at org.gradle.internal.concurrent.ExecutorPolicy$CatchAndRecordF
ailures.onExecute(ExecutorPolicy.java:64)
	at org.gradle.internal.concurrent.AbstractManagedExecutor$1.run(
AbstractManagedExecutor.java:47)
	at java.base/java.util.concurrent.ThreadPoolExecutor.runWorker(T
hreadPoolExecutor.java:1144)
	at java.base/java.util.concurrent.ThreadPoolExecutor$Worker.run(
ThreadPoolExecutor.java:642)
	at java.base/java.lang.Thread.run(Thread.java:1583)
Error: Could not find or load main class worker.org.gradle.proces
s.internal.worker.GradleWorkerMain
Caused by: java.lang.ClassNotFoundException: worker.org.gradle.pr
ocess.internal.worker.GradleWorkerMain
Process 'Gradle Test Executor 17' finished with non-zero exit val
ue 1
org.gradle.process.ProcessExecutionException: Process 'Gradle Tes
t Executor 17' finished with non-zero exit value 1
	at org.gradle.process.internal.DefaultExecHandle$ExecResultImpl.
assertNormalExitValue(DefaultExecHandle.java:450)
	at org.gradle.process.internal.worker.DefaultWorkerProcess.onPro
cessStop(DefaultWorkerProcess.java:146)
	at org.gradle.process.internal.worker.DefaultWorkerProcess.acces
s$000(DefaultWorkerProcess.java:43)
	at org.gradle.process.internal.worker.DefaultWorkerProcess$1.exe
cutionFinished(DefaultWorkerProcess.java:99)
	at java.base/jdk.internal.reflect.DirectMethodHandleAccessor.inv
oke(DirectMethodHandleAccessor.java:103)
	at java.base/java.lang.reflect.Method.invoke(Method.java:580)
	at org.gradle.internal.dispatch.MethodInvocation.invokeOn(Method
Invocation.java:77)
	at org.gradle.internal.dispatch.ReflectionDispatch.dispatch(Refl
ectionDispatch.java:28)
	at org.gradle.internal.dispatch.ReflectionDispatch.dispatch(Refl
ectionDispatch.java:19)
	at org.gradle.internal.event.AbstractBroadcastDispatch.dispatch(
AbstractBroadcastDispatch.java:44)
	at org.gradle.internal.event.BroadcastDispatch$SingletonDispatch
.dispatch(BroadcastDispatch.java:270)
	at org.gradle.internal.event.BroadcastDispatch$SingletonDispatch
.dispatch(BroadcastDispatch.java:172)
	at org.gradle.internal.event.ListenerBroadcast.dispatch(Listener
Broadcast.java:160)
	at org.gradle.internal.event.ListenerBroadcast.dispatch(Listener
Broadcast.java:37)
	at org.gradle.internal.dispatch.ProxyDispatchAdapter$Dispatching
InvocationHandler.invoke(ProxyDispatchAdapter.java:88)
	at jdk.proxy1/jdk.proxy1.$Proxy136.executionFinished(Unknown Sou
rce)
	at org.gradle.process.internal.DefaultExecHandle.setEndStateInfo
(DefaultExecHandle.java:222)
	at org.gradle.process.internal.DefaultExecHandle.finished(Defaul
tExecHandle.java:389)
	at org.gradle.process.internal.ExecHandleRunner.completed(ExecHa
ndleRunner.java:164)
	at org.gradle.process.internal.ExecHandleRunner.lambda$run$2(Exe
cHandleRunner.java:127)
	at org.gradle.internal.operations.CurrentBuildOperationRef.with(
CurrentBuildOperationRef.java:84)
	at org.gradle.process.internal.ExecHandleRunner.run(ExecHandleRu
nner.java:125)
	at org.gradle.internal.concurrent.ExecutorPolicy$CatchAndRecordF
ailures.onExecute(ExecutorPolicy.java:64)
	at org.gradle.internal.concurrent.AbstractManagedExecutor$1.run(
AbstractManagedExecutor.java:47)
	at java.base/java.util.concurrent.ThreadPoolExecutor.runWorker(T
hreadPoolExecutor.java:1144)
	at java.base/java.util.concurrent.ThreadPoolExecutor$Worker.run(
ThreadPoolExecutor.java:642)
	at java.base/java.lang.Thread.run(Thread.java:1583)
Error: Could not find or load main class worker.org.gradle.proces
s.internal.worker.GradleWorkerMain
Caused by: java.lang.ClassNotFoundException: worker.org.gradle.pr
ocess.internal.worker.GradleWorkerMain
Process 'Gradle Test Executor 18' finished with non-zero exit val
ue 1
org.gradle.process.ProcessExecutionException: Process 'Gradle Tes
t Executor 18' finished with non-zero exit value 1
	at org.gradle.process.internal.DefaultExecHandle$ExecResultImpl.
assertNormalExitValue(DefaultExecHandle.java:450)
	at org.gradle.process.internal.worker.DefaultWorkerProcess.onPro
cessStop(DefaultWorkerProcess.java:146)
	at org.gradle.process.internal.worker.DefaultWorkerProcess.acces
s$000(DefaultWorkerProcess.java:43)
	at org.gradle.process.internal.worker.DefaultWorkerProcess$1.exe
cutionFinished(DefaultWorkerProcess.java:99)
	at java.base/jdk.internal.reflect.DirectMethodHandleAccessor.inv
oke(DirectMethodHandleAccessor.java:103)
	at java.base/java.lang.reflect.Method.invoke(Method.java:580)
	at org.gradle.internal.dispatch.MethodInvocation.invokeOn(Method
Invocation.java:77)
	at org.gradle.internal.dispatch.ReflectionDispatch.dispatch(Refl
ectionDispatch.java:28)
	at org.gradle.internal.dispatch.ReflectionDispatch.dispatch(Refl
ectionDispatch.java:19)
	at org.gradle.internal.event.AbstractBroadcastDispatch.dispatch(
AbstractBroadcastDispatch.java:44)
	at org.gradle.internal.event.BroadcastDispatch$SingletonDispatch
.dispatch(BroadcastDispatch.java:270)
	at org.gradle.internal.event.BroadcastDispatch$SingletonDispatch
.dispatch(BroadcastDispatch.java:172)
	at org.gradle.internal.event.ListenerBroadcast.dispatch(Listener
Broadcast.java:160)
	at org.gradle.internal.event.ListenerBroadcast.dispatch(Listener
Broadcast.java:37)
	at org.gradle.internal.dispatch.ProxyDispatchAdapter$Dispatching
InvocationHandler.invoke(ProxyDispatchAdapter.java:88)
	at jdk.proxy1/jdk.proxy1.$Proxy136.executionFinished(Unknown Sou
rce)
	at org.gradle.process.internal.DefaultExecHandle.setEndStateInfo
(DefaultExecHandle.java:222)
	at org.gradle.process.internal.DefaultExecHandle.finished(Defaul
tExecHandle.java:389)
	at org.gradle.process.internal.ExecHandleRunner.completed(ExecHa
ndleRunner.java:164)
	at org.gradle.process.internal.ExecHandleRunner.lambda$run$2(Exe
cHandleRunner.java:127)
	at org.gradle.internal.operations.CurrentBuildOperationRef.with(
CurrentBuildOperationRef.java:84)
	at org.gradle.process.internal.ExecHandleRunner.run(ExecHandleRu
nner.java:125)
	at org.gradle.internal.concurrent.ExecutorPolicy$CatchAndRecordF
ailures.onExecute(ExecutorPolicy.java:64)
	at org.gradle.internal.concurrent.AbstractManagedExecutor$1.run(
AbstractManagedExecutor.java:47)
	at java.base/java.util.concurrent.ThreadPoolExecutor.runWorker(T
hreadPoolExecutor.java:1144)
	at java.base/java.util.concurrent.ThreadPoolExecutor$Worker.run(
ThreadPoolExecutor.java:642)
	at java.base/java.lang.Thread.run(Thread.java:1583)
Error: Could not find or load main class worker.org.gradle.proces
s.internal.worker.GradleWorkerMain
Caused by: java.lang.ClassNotFoundException: worker.org.gradle.pr
ocess.internal.worker.GradleWorkerMain
Process 'Gradle Test Executor 19' finished with non-zero exit val
ue 1
org.gradle.process.ProcessExecutionException: Process 'Gradle Tes
t Executor 19' finished with non-zero exit value 1
	at org.gradle.process.internal.DefaultExecHandle$ExecResultImpl.
assertNormalExitValue(DefaultExecHandle.java:450)
	at org.gradle.process.internal.worker.DefaultWorkerProcess.onPro
cessStop(DefaultWorkerProcess.java:146)
	at org.gradle.process.internal.worker.DefaultWorkerProcess.acces
s$000(DefaultWorkerProcess.java:43)
	at org.gradle.process.internal.worker.DefaultWorkerProcess$1.exe
cutionFinished(DefaultWorkerProcess.java:99)
	at java.base/jdk.internal.reflect.DirectMethodHandleAccessor.inv
oke(DirectMethodHandleAccessor.java:103)
	at java.base/java.lang.reflect.Method.invoke(Method.java:580)
	at org.gradle.internal.dispatch.MethodInvocation.invokeOn(Method
Invocation.java:77)
	at org.gradle.internal.dispatch.ReflectionDispatch.dispatch(Refl
ectionDispatch.java:28)
	at org.gradle.internal.dispatch.ReflectionDispatch.dispatch(Refl
ectionDispatch.java:19)
	at org.gradle.internal.event.AbstractBroadcastDispatch.dispatch(
AbstractBroadcastDispatch.java:44)
	at org.gradle.internal.event.BroadcastDispatch$SingletonDispatch
.dispatch(BroadcastDispatch.java:270)
	at org.gradle.internal.event.BroadcastDispatch$SingletonDispatch
.dispatch(BroadcastDispatch.java:172)
	at org.gradle.internal.event.ListenerBroadcast.dispatch(Listener
Broadcast.java:160)
	at org.gradle.internal.event.ListenerBroadcast.dispatch(Listener
Broadcast.java:37)
	at org.gradle.internal.dispatch.ProxyDispatchAdapter$Dispatching
InvocationHandler.invoke(ProxyDispatchAdapter.java:88)
	at jdk.proxy1/jdk.proxy1.$Proxy136.executionFinished(Unknown Sou
rce)
	at org.gradle.process.internal.DefaultExecHandle.setEndStateInfo
(DefaultExecHandle.java:222)
	at org.gradle.process.internal.DefaultExecHandle.finished(Defaul
tExecHandle.java:389)
	at org.gradle.process.internal.ExecHandleRunner.completed(ExecHa
ndleRunner.java:164)
	at org.gradle.process.internal.ExecHandleRunner.lambda$run$2(Exe
cHandleRunner.java:127)
	at org.gradle.internal.operations.CurrentBuildOperationRef.with(
CurrentBuildOperationRef.java:84)
	at org.gradle.process.internal.ExecHandleRunner.run(ExecHandleRu
nner.java:125)
	at org.gradle.internal.concurrent.ExecutorPolicy$CatchAndRecordF
ailures.onExecute(ExecutorPolicy.java:64)
	at org.gradle.internal.concurrent.AbstractManagedExecutor$1.run(
AbstractManagedExecutor.java:47)
	at java.base/java.util.concurrent.ThreadPoolExecutor.runWorker(T
hreadPoolExecutor.java:1144)
	at java.base/java.util.concurrent.ThreadPoolExecutor$Worker.run(
ThreadPoolExecutor.java:642)
	at java.base/java.lang.Thread.run(Thread.java:1583)
Error: Could not find or load main class worker.org.gradle.proces
s.internal.worker.GradleWorkerMain
Caused by: java.lang.ClassNotFoundException: worker.org.gradle.pr
ocess.internal.worker.GradleWorkerMain
Process 'Gradle Test Executor 20' finished with non-zero exit val
ue 1
org.gradle.process.ProcessExecutionException: Process 'Gradle Tes
t Executor 20' finished with non-zero exit value 1
	at org.gradle.process.internal.DefaultExecHandle$ExecResultImpl.
assertNormalExitValue(DefaultExecHandle.java:450)
	at org.gradle.process.internal.worker.DefaultWorkerProcess.onPro
cessStop(DefaultWorkerProcess.java:146)
	at org.gradle.process.internal.worker.DefaultWorkerProcess.acces
s$000(DefaultWorkerProcess.java:43)
	at org.gradle.process.internal.worker.DefaultWorkerProcess$1.exe
cutionFinished(DefaultWorkerProcess.java:99)
	at java.base/jdk.internal.reflect.DirectMethodHandleAccessor.inv
oke(DirectMethodHandleAccessor.java:103)
	at java.base/java.lang.reflect.Method.invoke(Method.java:580)
	at org.gradle.internal.dispatch.MethodInvocation.invokeOn(Method
Invocation.java:77)
	at org.gradle.internal.dispatch.ReflectionDispatch.dispatch(Refl
ectionDispatch.java:28)
	at org.gradle.internal.dispatch.ReflectionDispatch.dispatch(Refl
ectionDispatch.java:19)
	at org.gradle.internal.event.AbstractBroadcastDispatch.dispatch(
AbstractBroadcastDispatch.java:44)
	at org.gradle.internal.event.BroadcastDispatch$SingletonDispatch
.dispatch(BroadcastDispatch.java:270)
	at org.gradle.internal.event.BroadcastDispatch$SingletonDispatch
.dispatch(BroadcastDispatch.java:172)
	at org.gradle.internal.event.ListenerBroadcast.dispatch(Listener
Broadcast.java:160)
	at org.gradle.internal.event.ListenerBroadcast.dispatch(Listener
Broadcast.java:37)
	at org.gradle.internal.dispatch.ProxyDispatchAdapter$Dispatching
InvocationHandler.invoke(ProxyDispatchAdapter.java:88)
	at jdk.proxy1/jdk.proxy1.$Proxy136.executionFinished(Unknown Sou
rce)
	at org.gradle.process.internal.DefaultExecHandle.setEndStateInfo
(DefaultExecHandle.java:222)
	at org.gradle.process.internal.DefaultExecHandle.finished(Defaul
tExecHandle.java:389)
	at org.gradle.process.internal.ExecHandleRunner.completed(ExecHa
ndleRunner.java:164)
	at org.gradle.process.internal.ExecHandleRunner.lambda$run$2(Exe
cHandleRunner.java:127)
	at org.gradle.internal.operations.CurrentBuildOperationRef.with(
CurrentBuildOperationRef.java:84)
	at org.gradle.process.internal.ExecHandleRunner.run(ExecHandleRu
nner.java:125)
	at org.gradle.internal.concurrent.ExecutorPolicy$CatchAndRecordF
ailures.onExecute(ExecutorPolicy.java:64)
	at org.gradle.internal.concurrent.AbstractManagedExecutor$1.run(
AbstractManagedExecutor.java:47)
	at java.base/java.util.concurrent.ThreadPoolExecutor.runWorker(T
hreadPoolExecutor.java:1144)
	at java.base/java.util.concurrent.ThreadPoolExecutor$Worker.run(
ThreadPoolExecutor.java:642)
	at java.base/java.lang.Thread.run(Thread.java:1583)
Error: Could not find or load main class worker.org.gradle.proces
s.internal.worker.GradleWorkerMain
Caused by: java.lang.ClassNotFoundException: worker.org.gradle.pr
ocess.internal.worker.GradleWorkerMain
Process 'Gradle Test Executor 21' finished with non-zero exit val
ue 1
org.gradle.process.ProcessExecutionException: Process 'Gradle Tes
t Executor 21' finished with non-zero exit value 1
	at org.gradle.process.internal.DefaultExecHandle$ExecResultImpl.
assertNormalExitValue(DefaultExecHandle.java:450)
	at org.gradle.process.internal.worker.DefaultWorkerProcess.onPro
cessStop(DefaultWorkerProcess.java:146)
	at org.gradle.process.internal.worker.DefaultWorkerProcess.acces
s$000(DefaultWorkerProcess.java:43)
	at org.gradle.process.internal.worker.DefaultWorkerProcess$1.exe
cutionFinished(DefaultWorkerProcess.java:99)
	at java.base/jdk.internal.reflect.DirectMethodHandleAccessor.inv
oke(DirectMethodHandleAccessor.java:103)
	at java.base/java.lang.reflect.Method.invoke(Method.java:580)
	at org.gradle.internal.dispatch.MethodInvocation.invokeOn(Method
Invocation.java:77)
	at org.gradle.internal.dispatch.ReflectionDispatch.dispatch(Refl
ectionDispatch.java:28)
	at org.gradle.internal.dispatch.ReflectionDispatch.dispatch(Refl
ectionDispatch.java:19)
	at org.gradle.internal.event.AbstractBroadcastDispatch.dispatch(
AbstractBroadcastDispatch.java:44)
	at org.gradle.internal.event.BroadcastDispatch$SingletonDispatch
.dispatch(BroadcastDispatch.java:270)
	at org.gradle.internal.event.BroadcastDispatch$SingletonDispatch
.dispatch(BroadcastDispatch.java:172)
	at org.gradle.internal.event.ListenerBroadcast.dispatch(Listener
Broadcast.java:160)
	at org.gradle.internal.event.ListenerBroadcast.dispatch(Listener
Broadcast.java:37)
	at org.gradle.internal.dispatch.ProxyDispatchAdapter$Dispatching
InvocationHandler.invoke(ProxyDispatchAdapter.java:88)
	at jdk.proxy1/jdk.proxy1.$Proxy136.executionFinished(Unknown Sou
rce)
	at org.gradle.process.internal.DefaultExecHandle.setEndStateInfo
(DefaultExecHandle.java:222)
	at org.gradle.process.internal.DefaultExecHandle.finished(Defaul
tExecHandle.java:389)
	at org.gradle.process.internal.ExecHandleRunner.completed(ExecHa
ndleRunner.java:164)
	at org.gradle.process.internal.ExecHandleRunner.lambda$run$2(Exe
cHandleRunner.java:127)
	at org.gradle.internal.operations.CurrentBuildOperationRef.with(
CurrentBuildOperationRef.java:84)
	at org.gradle.process.internal.ExecHandleRunner.run(ExecHandleRu
nner.java:125)
	at org.gradle.internal.concurrent.ExecutorPolicy$CatchAndRecordF
ailures.onExecute(ExecutorPolicy.java:64)
	at org.gradle.internal.concurrent.AbstractManagedExecutor$1.run(
AbstractManagedExecutor.java:47)
	at java.base/java.util.concurrent.ThreadPoolExecutor.runWorker(T
hreadPoolExecutor.java:1144)
	at java.base/java.util.concurrent.ThreadPoolExecutor$Worker.run(
ThreadPoolExecutor.java:642)
	at java.base/java.lang.Thread.run(Thread.java:1583)
Error: Could not find or load main class worker.org.gradle.proces
s.internal.worker.GradleWorkerMain
Caused by: java.lang.ClassNotFoundException: worker.org.gradle.pr
ocess.internal.worker.GradleWorkerMain
Process 'Gradle Test Executor 22' finished with non-zero exit val
ue 1
org.gradle.process.ProcessExecutionException: Process 'Gradle Tes
t Executor 22' finished with non-zero exit value 1
	at org.gradle.process.internal.DefaultExecHandle$ExecResultImpl.
assertNormalExitValue(DefaultExecHandle.java:450)
	at org.gradle.process.internal.worker.DefaultWorkerProcess.onPro
cessStop(DefaultWorkerProcess.java:146)
	at org.gradle.process.internal.worker.DefaultWorkerProcess.acces
s$000(DefaultWorkerProcess.java:43)
	at org.gradle.process.internal.worker.DefaultWorkerProcess$1.exe
cutionFinished(DefaultWorkerProcess.java:99)
	at java.base/jdk.internal.reflect.DirectMethodHandleAccessor.inv
oke(DirectMethodHandleAccessor.java:103)
	at java.base/java.lang.reflect.Method.invoke(Method.java:580)
	at org.gradle.internal.dispatch.MethodInvocation.invokeOn(Method
Invocation.java:77)
	at org.gradle.internal.dispatch.ReflectionDispatch.dispatch(Refl
ectionDispatch.java:28)
	at org.gradle.internal.dispatch.ReflectionDispatch.dispatch(Refl
ectionDispatch.java:19)
	at org.gradle.internal.event.AbstractBroadcastDispatch.dispatch(
AbstractBroadcastDispatch.java:44)
	at org.gradle.internal.event.BroadcastDispatch$SingletonDispatch
.dispatch(BroadcastDispatch.java:270)
	at org.gradle.internal.event.BroadcastDispatch$SingletonDispatch
.dispatch(BroadcastDispatch.java:172)
	at org.gradle.internal.event.ListenerBroadcast.dispatch(Listener
Broadcast.java:160)
	at org.gradle.internal.event.ListenerBroadcast.dispatch(Listener
Broadcast.java:37)
	at org.gradle.internal.dispatch.ProxyDispatchAdapter$Dispatching
InvocationHandler.invoke(ProxyDispatchAdapter.java:88)
	at jdk.proxy1/jdk.proxy1.$Proxy136.executionFinished(Unknown Sou
rce)
	at org.gradle.process.internal.DefaultExecHandle.setEndStateInfo
(DefaultExecHandle.java:222)
	at org.gradle.process.internal.DefaultExecHandle.finished(Defaul
tExecHandle.java:389)
	at org.gradle.process.internal.ExecHandleRunner.completed(ExecHa
ndleRunner.java:164)
	at org.gradle.process.internal.ExecHandleRunner.lambda$run$2(Exe
cHandleRunner.java:127)
	at org.gradle.internal.operations.CurrentBuildOperationRef.with(
CurrentBuildOperationRef.java:84)
	at org.gradle.process.internal.ExecHandleRunner.run(ExecHandleRu
nner.java:125)
	at org.gradle.internal.concurrent.ExecutorPolicy$CatchAndRecordF
ailures.onExecute(ExecutorPolicy.java:64)
	at org.gradle.internal.concurrent.AbstractManagedExecutor$1.run(
AbstractManagedExecutor.java:47)
	at java.base/java.util.concurrent.ThreadPoolExecutor.runWorker(T
hreadPoolExecutor.java:1144)
	at java.base/java.util.concurrent.ThreadPoolExecutor$Worker.run(
ThreadPoolExecutor.java:642)
	at java.base/java.lang.Thread.run(Thread.java:1583)
Error: Could not find or load main class worker.org.gradle.proces
s.internal.worker.GradleWorkerMain
Caused by: java.lang.ClassNotFoundException: worker.org.gradle.pr
ocess.internal.worker.GradleWorkerMain
Process 'Gradle Test Executor 23' finished with non-zero exit val
ue 1
org.gradle.process.ProcessExecutionException: Process 'Gradle Tes
t Executor 23' finished with non-zero exit value 1
	at org.gradle.process.internal.DefaultExecHandle$ExecResultImpl.
assertNormalExitValue(DefaultExecHandle.java:450)
	at org.gradle.process.internal.worker.DefaultWorkerProcess.onPro
cessStop(DefaultWorkerProcess.java:146)
	at org.gradle.process.internal.worker.DefaultWorkerProcess.acces
s$000(DefaultWorkerProcess.java:43)
	at org.gradle.process.internal.worker.DefaultWorkerProcess$1.exe
cutionFinished(DefaultWorkerProcess.java:99)
	at java.base/jdk.internal.reflect.DirectMethodHandleAccessor.inv
oke(DirectMethodHandleAccessor.java:103)
	at java.base/java.lang.reflect.Method.invoke(Method.java:580)
	at org.gradle.internal.dispatch.MethodInvocation.invokeOn(Method
Invocation.java:77)
	at org.gradle.internal.dispatch.ReflectionDispatch.dispatch(Refl
ectionDispatch.java:28)
	at org.gradle.internal.dispatch.ReflectionDispatch.dispatch(Refl
ectionDispatch.java:19)
	at org.gradle.internal.event.AbstractBroadcastDispatch.dispatch(
AbstractBroadcastDispatch.java:44)
	at org.gradle.internal.event.BroadcastDispatch$SingletonDispatch
.dispatch(BroadcastDispatch.java:270)
	at org.gradle.internal.event.BroadcastDispatch$SingletonDispatch
.dispatch(BroadcastDispatch.java:172)
	at org.gradle.internal.event.ListenerBroadcast.dispatch(Listener
Broadcast.java:160)
	at org.gradle.internal.event.ListenerBroadcast.dispatch(Listener
Broadcast.java:37)
	at org.gradle.internal.dispatch.ProxyDispatchAdapter$Dispatching
InvocationHandler.invoke(ProxyDispatchAdapter.java:88)
	at jdk.proxy1/jdk.proxy1.$Proxy136.executionFinished(Unknown Sou
rce)
	at org.gradle.process.internal.DefaultExecHandle.setEndStateInfo
(DefaultExecHandle.java:222)
	at org.gradle.process.internal.DefaultExecHandle.finished(Defaul
tExecHandle.java:389)
	at org.gradle.process.internal.ExecHandleRunner.completed(ExecHa
ndleRunner.java:164)
	at org.gradle.process.internal.ExecHandleRunner.lambda$run$2(Exe
cHandleRunner.java:127)
	at org.gradle.internal.operations.CurrentBuildOperationRef.with(
CurrentBuildOperationRef.java:84)
	at org.gradle.process.internal.ExecHandleRunner.run(ExecHandleRu
nner.java:125)
	at org.gradle.internal.concurrent.ExecutorPolicy$CatchAndRecordF
ailures.onExecute(ExecutorPolicy.java:64)
	at org.gradle.internal.concurrent.AbstractManagedExecutor$1.run(
AbstractManagedExecutor.java:47)
	at java.base/java.util.concurrent.ThreadPoolExecutor.runWorker(T
hreadPoolExecutor.java:1144)
	at java.base/java.util.concurrent.ThreadPoolExecutor$Worker.run(
ThreadPoolExecutor.java:642)
	at java.base/java.lang.Thread.run(Thread.java:1583)
Error: Could not find or load main class worker.org.gradle.proces
s.internal.worker.GradleWorkerMain
Caused by: java.lang.ClassNotFoundException: worker.org.gradle.pr
ocess.internal.worker.GradleWorkerMain

Could not write standard input to Gradle Test Executor 24.
java.io.IOException: ?뚯씠?꾧? ?ロ엳??以묒엯?덈떎
	at java.base/java.io.FileOutputStream.writeBytes(Native Method)
	at java.base/java.io.FileOutputStream.write(FileOutputStream.jav
a:367)
	at java.base/java.io.BufferedOutputStream.flushBuffer(BufferedOu
tputStream.java:125)
	at java.base/java.io.BufferedOutputStream.implFlush(BufferedOutp
utStream.java:252)
	at java.base/java.io.BufferedOutputStream.flush(BufferedOutputSt
ream.java:240)
	at org.gradle.process.internal.streams.ExecOutputHandleRunner.wr
iteBuffer(ExecOutputHandleRunner.java:98)
	at org.gradle.process.internal.streams.ExecOutputHandleRunner.fo
rwardContent(ExecOutputHandleRunner.java:85)
	at org.gradle.process.internal.streams.ExecOutputHandleRunner.ru
n(ExecOutputHandleRunner.java:64)
	at org.gradle.internal.concurrent.ExecutorPolicy$CatchAndRecordF
ailures.onExecute(ExecutorPolicy.java:64)
	at org.gradle.internal.concurrent.AbstractManagedExecutor$1.run(
AbstractManagedExecutor.java:47)
	at java.base/java.util.concurrent.ThreadPoolExecutor.runWorker(T
hreadPoolExecutor.java:1144)
	at java.base/java.util.concurrent.ThreadPoolExecutor$Worker.run(
ThreadPoolExecutor.java:642)
	at java.base/java.lang.Thread.run(Thread.java:1583)
Could not write standard input to Gradle Test Executor 25.
java.io.IOException: ?뚯씠?꾧? ?ロ엳??以묒엯?덈떎
	at java.base/java.io.FileOutputStream.writeBytes(Native Method)
	at java.base/java.io.FileOutputStream.write(FileOutputStream.jav
a:367)
	at java.base/java.io.BufferedOutputStream.flushBuffer(BufferedOu
tputStream.java:125)
	at java.base/java.io.BufferedOutputStream.implFlush(BufferedOutp
utStream.java:252)
	at java.base/java.io.BufferedOutputStream.flush(BufferedOutputSt
ream.java:240)
	at org.gradle.process.internal.streams.ExecOutputHandleRunner.wr
iteBuffer(ExecOutputHandleRunner.java:98)
	at org.gradle.process.internal.streams.ExecOutputHandleRunner.fo
rwardContent(ExecOutputHandleRunner.java:85)
	at org.gradle.process.internal.streams.ExecOutputHandleRunner.ru
n(ExecOutputHandleRunner.java:64)
	at org.gradle.internal.concurrent.ExecutorPolicy$CatchAndRecordF
ailures.onExecute(ExecutorPolicy.java:64)
	at org.gradle.internal.concurrent.AbstractManagedExecutor$1.run(
AbstractManagedExecutor.java:47)
	at java.base/java.util.concurrent.ThreadPoolExecutor.runWorker(T
hreadPoolExecutor.java:1144)
	at java.base/java.util.concurrent.ThreadPoolExecutor$Worker.run(
ThreadPoolExecutor.java:642)
	at java.base/java.lang.Thread.run(Thread.java:1583)
Could not write standard input to Gradle Test Executor 26.
java.io.IOException: ?뚯씠?꾧? ?ロ엳??以묒엯?덈떎
	at java.base/java.io.FileOutputStream.writeBytes(Native Method)
	at java.base/java.io.FileOutputStream.write(FileOutputStream.jav
a:367)
	at java.base/java.io.BufferedOutputStream.flushBuffer(BufferedOu
tputStream.java:125)
	at java.base/java.io.BufferedOutputStream.implFlush(BufferedOutp
utStream.java:252)
	at java.base/java.io.BufferedOutputStream.flush(BufferedOutputSt
ream.java:240)
	at org.gradle.process.internal.streams.ExecOutputHandleRunner.wr
iteBuffer(ExecOutputHandleRunner.java:98)
	at org.gradle.process.internal.streams.ExecOutputHandleRunner.fo
rwardContent(ExecOutputHandleRunner.java:85)
	at org.gradle.process.internal.streams.ExecOutputHandleRunner.ru
n(ExecOutputHandleRunner.java:64)
	at org.gradle.internal.concurrent.ExecutorPolicy$CatchAndRecordF
ailures.onExecute(ExecutorPolicy.java:64)
	at org.gradle.internal.concurrent.AbstractManagedExecutor$1.run(
AbstractManagedExecutor.java:47)
	at java.base/java.util.concurrent.ThreadPoolExecutor.runWorker(T
hreadPoolExecutor.java:1144)
	at java.base/java.util.concurrent.ThreadPoolExecutor$Worker.run(
ThreadPoolExecutor.java:642)
	at java.base/java.lang.Thread.run(Thread.java:1583)
Could not write standard input to Gradle Test Executor 27.
java.io.IOException: ?뚯씠?꾧? ?ロ엳??以묒엯?덈떎
	at java.base/java.io.FileOutputStream.writeBytes(Native Method)
	at java.base/java.io.FileOutputStream.write(FileOutputStream.jav
a:367)
	at java.base/java.io.BufferedOutputStream.flushBuffer(BufferedOu
tputStream.java:125)
	at java.base/java.io.BufferedOutputStream.implFlush(BufferedOutp
utStream.java:252)
	at java.base/java.io.BufferedOutputStream.flush(BufferedOutputSt
ream.java:240)
	at org.gradle.process.internal.streams.ExecOutputHandleRunner.wr
iteBuffer(ExecOutputHandleRunner.java:98)
	at org.gradle.process.internal.streams.ExecOutputHandleRunner.fo
rwardContent(ExecOutputHandleRunner.java:85)
	at org.gradle.process.internal.streams.ExecOutputHandleRunner.ru
n(ExecOutputHandleRunner.java:64)
	at org.gradle.internal.concurrent.ExecutorPolicy$CatchAndRecordF
ailures.onExecute(ExecutorPolicy.java:64)
	at org.gradle.internal.concurrent.AbstractManagedExecutor$1.run(
AbstractManagedExecutor.java:47)
	at java.base/java.util.concurrent.ThreadPoolExecutor.runWorker(T
hreadPoolExecutor.java:1144)
	at java.base/java.util.concurrent.ThreadPoolExecutor$Worker.run(
ThreadPoolExecutor.java:642)
	at java.base/java.lang.Thread.run(Thread.java:1583)
Could not write standard input to Gradle Test Executor 28.
java.io.IOException: ?뚯씠?꾧? ?ロ엳??以묒엯?덈떎
	at java.base/java.io.FileOutputStream.writeBytes(Native Method)
	at java.base/java.io.FileOutputStream.write(FileOutputStream.jav
a:367)
	at java.base/java.io.BufferedOutputStream.flushBuffer(BufferedOu
tputStream.java:125)
	at java.base/java.io.BufferedOutputStream.implFlush(BufferedOutp
utStream.java:252)
	at java.base/java.io.BufferedOutputStream.flush(BufferedOutputSt
ream.java:240)
	at org.gradle.process.internal.streams.ExecOutputHandleRunner.wr
iteBuffer(ExecOutputHandleRunner.java:98)
	at org.gradle.process.internal.streams.ExecOutputHandleRunner.fo
rwardContent(ExecOutputHandleRunner.java:85)
	at org.gradle.process.internal.streams.ExecOutputHandleRunner.ru
n(ExecOutputHandleRunner.java:64)
	at org.gradle.internal.concurrent.ExecutorPolicy$CatchAndRecordF
ailures.onExecute(ExecutorPolicy.java:64)
	at org.gradle.internal.concurrent.AbstractManagedExecutor$1.run(
AbstractManagedExecutor.java:47)
	at java.base/java.util.concurrent.ThreadPoolExecutor.runWorker(T
hreadPoolExecutor.java:1144)
	at java.base/java.util.concurrent.ThreadPoolExecutor$Worker.run(
ThreadPoolExecutor.java:642)
	at java.base/java.lang.Thread.run(Thread.java:1583)
Could not write standard input to Gradle Test Executor 29.
java.io.IOException: ?뚯씠?꾧? ?ロ엳??以묒엯?덈떎
	at java.base/java.io.FileOutputStream.writeBytes(Native Method)
	at java.base/java.io.FileOutputStream.write(FileOutputStream.jav
a:367)
	at java.base/java.io.BufferedOutputStream.flushBuffer(BufferedOu
tputStream.java:125)
	at java.base/java.io.BufferedOutputStream.implFlush(BufferedOutp
utStream.java:252)
	at java.base/java.io.BufferedOutputStream.flush(BufferedOutputSt
ream.java:240)
	at org.gradle.process.internal.streams.ExecOutputHandleRunner.wr
iteBuffer(ExecOutputHandleRunner.java:98)
	at org.gradle.process.internal.streams.ExecOutputHandleRunner.fo
rwardContent(ExecOutputHandleRunner.java:85)
	at org.gradle.process.internal.streams.ExecOutputHandleRunner.ru
n(ExecOutputHandleRunner.java:64)
	at org.gradle.internal.concurrent.ExecutorPolicy$CatchAndRecordF
ailures.onExecute(ExecutorPolicy.java:64)
	at org.gradle.internal.concurrent.AbstractManagedExecutor$1.run(
AbstractManagedExecutor.java:47)
	at java.base/java.util.concurrent.ThreadPoolExecutor.runWorker(T
hreadPoolExecutor.java:1144)
	at java.base/java.util.concurrent.ThreadPoolExecutor$Worker.run(
ThreadPoolExecutor.java:642)
	at java.base/java.lang.Thread.run(Thread.java:1583)
Could not write standard input to Gradle Test Executor 30.
java.io.IOException: ?뚯씠?꾧? ?ロ엳??以묒엯?덈떎
	at java.base/java.io.FileOutputStream.writeBytes(Native Method)
	at java.base/java.io.FileOutputStream.write(FileOutputStream.jav
a:367)
	at java.base/java.io.BufferedOutputStream.flushBuffer(BufferedOu
tputStream.java:125)
	at java.base/java.io.BufferedOutputStream.implFlush(BufferedOutp
utStream.java:252)
	at java.base/java.io.BufferedOutputStream.flush(BufferedOutputSt
ream.java:240)
	at org.gradle.process.internal.streams.ExecOutputHandleRunner.wr
iteBuffer(ExecOutputHandleRunner.java:98)
	at org.gradle.process.internal.streams.ExecOutputHandleRunner.fo
rwardContent(ExecOutputHandleRunner.java:85)
	at org.gradle.process.internal.streams.ExecOutputHandleRunner.ru
n(ExecOutputHandleRunner.java:64)
	at org.gradle.internal.concurrent.ExecutorPolicy$CatchAndRecordF
ailures.onExecute(ExecutorPolicy.java:64)
	at org.gradle.internal.concurrent.AbstractManagedExecutor$1.run(
AbstractManagedExecutor.java:47)
	at java.base/java.util.concurrent.ThreadPoolExecutor.runWorker(T
hreadPoolExecutor.java:1144)
	at java.base/java.util.concurrent.ThreadPoolExecutor$Worker.run(
ThreadPoolExecutor.java:642)
	at java.base/java.lang.Thread.run(Thread.java:1583)
Could not write standard input to Gradle Test Executor 31.
java.io.IOException: ?뚯씠?꾧? ?ロ엳??以묒엯?덈떎
	at java.base/java.io.FileOutputStream.writeBytes(Native Method)
	at java.base/java.io.FileOutputStream.write(FileOutputStream.jav
a:367)
	at java.base/java.io.BufferedOutputStream.flushBuffer(BufferedOu
tputStream.java:125)
	at java.base/java.io.BufferedOutputStream.implFlush(BufferedOutp
utStream.java:252)
	at java.base/java.io.BufferedOutputStream.flush(BufferedOutputSt
ream.java:240)
	at org.gradle.process.internal.streams.ExecOutputHandleRunner.wr
iteBuffer(ExecOutputHandleRunner.java:98)
	at org.gradle.process.internal.streams.ExecOutputHandleRunner.fo
rwardContent(ExecOutputHandleRunner.java:85)
	at org.gradle.process.internal.streams.ExecOutputHandleRunner.ru
n(ExecOutputHandleRunner.java:64)
	at org.gradle.internal.concurrent.ExecutorPolicy$CatchAndRecordF
ailures.onExecute(ExecutorPolicy.java:64)
	at org.gradle.internal.concurrent.AbstractManagedExecutor$1.run(
AbstractManagedExecutor.java:47)
	at java.base/java.util.concurrent.ThreadPoolExecutor.runWorker(T
hreadPoolExecutor.java:1144)
	at java.base/java.util.concurrent.ThreadPoolExecutor$Worker.run(
ThreadPoolExecutor.java:642)
	at java.base/java.lang.Thread.run(Thread.java:1583)
Could not write standard input to Gradle Test Executor 32.
java.io.IOException: ?뚯씠?꾧? ?ロ엳??以묒엯?덈떎
	at java.base/java.io.FileOutputStream.writeBytes(Native Method)
	at java.base/java.io.FileOutputStream.write(FileOutputStream.jav
a:367)
	at java.base/java.io.BufferedOutputStream.flushBuffer(BufferedOu
tputStream.java:125)
	at java.base/java.io.BufferedOutputStream.implFlush(BufferedOutp
utStream.java:252)
	at java.base/java.io.BufferedOutputStream.flush(BufferedOutputSt
ream.java:240)
	at org.gradle.process.internal.streams.ExecOutputHandleRunner.wr
iteBuffer(ExecOutputHandleRunner.java:98)
	at org.gradle.process.internal.streams.ExecOutputHandleRunner.fo
rwardContent(ExecOutputHandleRunner.java:85)
	at org.gradle.process.internal.streams.ExecOutputHandleRunner.ru
n(ExecOutputHandleRunner.java:64)
	at org.gradle.internal.concurrent.ExecutorPolicy$CatchAndRecordF
ailures.onExecute(ExecutorPolicy.java:64)
	at org.gradle.internal.concurrent.AbstractManagedExecutor$1.run(
AbstractManagedExecutor.java:47)
	at java.base/java.util.concurrent.ThreadPoolExecutor.runWorker(T
hreadPoolExecutor.java:1144)
	at java.base/java.util.concurrent.ThreadPoolExecutor$Worker.run(
ThreadPoolExecutor.java:642)
	at java.base/java.lang.Thread.run(Thread.java:1583)
Could not write standard input to Gradle Test Executor 33.
java.io.IOException: ?뚯씠?꾧? ?ロ엳??以묒엯?덈떎
	at java.base/java.io.FileOutputStream.writeBytes(Native Method)
	at java.base/java.io.FileOutputStream.write(FileOutputStream.jav
a:367)
	at java.base/java.io.BufferedOutputStream.flushBuffer(BufferedOu
tputStream.java:125)
	at java.base/java.io.BufferedOutputStream.implFlush(BufferedOutp
utStream.java:252)
	at java.base/java.io.BufferedOutputStream.flush(BufferedOutputSt
ream.java:240)
	at org.gradle.process.internal.streams.ExecOutputHandleRunner.wr
iteBuffer(ExecOutputHandleRunner.java:98)
	at org.gradle.process.internal.streams.ExecOutputHandleRunner.fo
rwardContent(ExecOutputHandleRunner.java:85)
	at org.gradle.process.internal.streams.ExecOutputHandleRunner.ru
n(ExecOutputHandleRunner.java:64)
	at org.gradle.internal.concurrent.ExecutorPolicy$CatchAndRecordF
ailures.onExecute(ExecutorPolicy.java:64)
	at org.gradle.internal.concurrent.AbstractManagedExecutor$1.run(
AbstractManagedExecutor.java:47)
	at java.base/java.util.concurrent.ThreadPoolExecutor.runWorker(T
hreadPoolExecutor.java:1144)
	at java.base/java.util.concurrent.ThreadPoolExecutor$Worker.run(
ThreadPoolExecutor.java:642)
	at java.base/java.lang.Thread.run(Thread.java:1583)
Could not write standard input to Gradle Test Executor 34.
java.io.IOException: ?뚯씠?꾧? ?ロ엳??以묒엯?덈떎
	at java.base/java.io.FileOutputStream.writeBytes(Native Method)
	at java.base/java.io.FileOutputStream.write(FileOutputStream.jav
a:367)
	at java.base/java.io.BufferedOutputStream.flushBuffer(BufferedOu
tputStream.java:125)
	at java.base/java.io.BufferedOutputStream.implFlush(BufferedOutp
utStream.java:252)
	at java.base/java.io.BufferedOutputStream.flush(BufferedOutputSt
ream.java:240)
	at org.gradle.process.internal.streams.ExecOutputHandleRunner.wr
iteBuffer(ExecOutputHandleRunner.java:98)
	at org.gradle.process.internal.streams.ExecOutputHandleRunner.fo
rwardContent(ExecOutputHandleRunner.java:85)
	at org.gradle.process.internal.streams.ExecOutputHandleRunner.ru
n(ExecOutputHandleRunner.java:64)
	at org.gradle.internal.concurrent.ExecutorPolicy$CatchAndRecordF
ailures.onExecute(ExecutorPolicy.java:64)
	at org.gradle.internal.concurrent.AbstractManagedExecutor$1.run(
AbstractManagedExecutor.java:47)
	at java.base/java.util.concurrent.ThreadPoolExecutor.runWorker(T
hreadPoolExecutor.java:1144)
	at java.base/java.util.concurrent.ThreadPoolExecutor$Worker.run(
ThreadPoolExecutor.java:642)
	at java.base/java.lang.Thread.run(Thread.java:1583)
Could not write standard input to Gradle Test Executor 35.
java.io.IOException: ?뚯씠?꾧? ?ロ엳??以묒엯?덈떎
	at java.base/java.io.FileOutputStream.writeBytes(Native Method)
	at java.base/java.io.FileOutputStream.write(FileOutputStream.jav
a:367)
	at java.base/java.io.BufferedOutputStream.flushBuffer(BufferedOu
tputStream.java:125)
	at java.base/java.io.BufferedOutputStream.implFlush(BufferedOutp
utStream.java:252)
	at java.base/java.io.BufferedOutputStream.flush(BufferedOutputSt
ream.java:240)
	at org.gradle.process.internal.streams.ExecOutputHandleRunner.wr
iteBuffer(ExecOutputHandleRunner.java:98)
	at org.gradle.process.internal.streams.ExecOutputHandleRunner.fo
rwardContent(ExecOutputHandleRunner.java:85)
	at org.gradle.process.internal.streams.ExecOutputHandleRunner.ru
n(ExecOutputHandleRunner.java:64)
	at org.gradle.internal.concurrent.ExecutorPolicy$CatchAndRecordF
ailures.onExecute(ExecutorPolicy.java:64)
	at org.gradle.internal.concurrent.AbstractManagedExecutor$1.run(
AbstractManagedExecutor.java:47)
	at java.base/java.util.concurrent.ThreadPoolExecutor.runWorker(T
hreadPoolExecutor.java:1144)
	at java.base/java.util.concurrent.ThreadPoolExecutor$Worker.run(
ThreadPoolExecutor.java:642)
	at java.base/java.lang.Thread.run(Thread.java:1583)

Process 'Gradle Test Executor 24' finished with non-zero exit val
ue 1
> Task :lumia-core:test
org.gradle.process.ProcessExecutionException: Process 'Gradle Tes
t Executor 24' finished with non-zero exit value 1
	at org.gradle.process.internal.DefaultExecHandle$ExecResultImpl.
assertNormalExitValue(DefaultExecHandle.java:450)
	at org.gradle.process.internal.worker.DefaultWorkerProcess.onPro
cessStop(DefaultWorkerProcess.java:146)
	at org.gradle.process.internal.worker.DefaultWorkerProcess.acces
s$000(DefaultWorkerProcess.java:43)
	at org.gradle.process.internal.worker.DefaultWorkerProcess$1.exe
cutionFinished(DefaultWorkerProcess.java:99)
	at java.base/jdk.internal.reflect.DirectMethodHandleAccessor.inv
oke(DirectMethodHandleAccessor.java:103)
	at java.base/java.lang.reflect.Method.invoke(Method.java:580)
	at org.gradle.internal.dispatch.MethodInvocation.invokeOn(Method
Invocation.java:77)
	at org.gradle.internal.dispatch.ReflectionDispatch.dispatch(Refl
ectionDispatch.java:28)
	at org.gradle.internal.dispatch.ReflectionDispatch.dispatch(Refl
ectionDispatch.java:19)
	at org.gradle.internal.event.AbstractBroadcastDispatch.dispatch(
AbstractBroadcastDispatch.java:44)
	at org.gradle.internal.event.BroadcastDispatch$SingletonDispatch
.dispatch(BroadcastDispatch.java:270)
	at org.gradle.internal.event.BroadcastDispatch$SingletonDispatch
.dispatch(BroadcastDispatch.java:172)
	at org.gradle.internal.event.ListenerBroadcast.dispatch(Listener
Broadcast.java:160)
	at org.gradle.internal.event.ListenerBroadcast.dispatch(Listener
Broadcast.java:37)
	at org.gradle.internal.dispatch.ProxyDispatchAdapter$Dispatching
InvocationHandler.invoke(ProxyDispatchAdapter.java:88)
	at jdk.proxy1/jdk.proxy1.$Proxy136.executionFinished(Unknown Sou
rce)
	at org.gradle.process.internal.DefaultExecHandle.setEndStateInfo
(DefaultExecHandle.java:222)
	at org.gradle.process.internal.DefaultExecHandle.finished(Defaul
tExecHandle.java:389)
	at org.gradle.process.internal.ExecHandleRunner.completed(ExecHa
ndleRunner.java:164)
	at org.gradle.process.internal.ExecHandleRunner.lambda$run$2(Exe
cHandleRunner.java:127)
	at org.gradle.internal.operations.CurrentBuildOperationRef.with(
CurrentBuildOperationRef.java:84)
	at org.gradle.process.internal.ExecHandleRunner.run(ExecHandleRu
nner.java:125)
	at org.gradle.internal.concurrent.ExecutorPolicy$CatchAndRecordF
ailures.onExecute(ExecutorPolicy.java:64)
	at org.gradle.internal.concurrent.AbstractManagedExecutor$1.run(
AbstractManagedExecutor.java:47)
	at java.base/java.util.concurrent.ThreadPoolExecutor.runWorker(T
hreadPoolExecutor.java:1144)
	at java.base/java.util.concurrent.ThreadPoolExecutor$Worker.run(
ThreadPoolExecutor.java:642)
	at java.base/java.lang.Thread.run(Thread.java:1583)
Error: Could not find or load main class worker.org.gradle.proces
s.internal.worker.GradleWorkerMain
Caused by: java.lang.ClassNotFoundException: worker.org.gradle.pr
ocess.internal.worker.GradleWorkerMain
Process 'Gradle Test Executor 25' finished with non-zero exit val
ue 1
org.gradle.process.ProcessExecutionException: Process 'Gradle Tes
t Executor 25' finished with non-zero exit value 1
	at org.gradle.process.internal.DefaultExecHandle$ExecResultImpl.
assertNormalExitValue(DefaultExecHandle.java:450)
	at org.gradle.process.internal.worker.DefaultWorkerProcess.onPro
cessStop(DefaultWorkerProcess.java:146)
	at org.gradle.process.internal.worker.DefaultWorkerProcess.acces
s$000(DefaultWorkerProcess.java:43)
	at org.gradle.process.internal.worker.DefaultWorkerProcess$1.exe
cutionFinished(DefaultWorkerProcess.java:99)
	at java.base/jdk.internal.reflect.DirectMethodHandleAccessor.inv
oke(DirectMethodHandleAccessor.java:103)
	at java.base/java.lang.reflect.Method.invoke(Method.java:580)
	at org.gradle.internal.dispatch.MethodInvocation.invokeOn(Method
Invocation.java:77)
	at org.gradle.internal.dispatch.ReflectionDispatch.dispatch(Refl
ectionDispatch.java:28)
	at org.gradle.internal.dispatch.ReflectionDispatch.dispatch(Refl
ectionDispatch.java:19)
	at org.gradle.internal.event.AbstractBroadcastDispatch.dispatch(
AbstractBroadcastDispatch.java:44)
	at org.gradle.internal.event.BroadcastDispatch$SingletonDispatch
.dispatch(BroadcastDispatch.java:270)
	at org.gradle.internal.event.BroadcastDispatch$SingletonDispatch
.dispatch(BroadcastDispatch.java:172)
	at org.gradle.internal.event.ListenerBroadcast.dispatch(Listener
Broadcast.java:160)
	at org.gradle.internal.event.ListenerBroadcast.dispatch(Listener
Broadcast.java:37)
	at org.gradle.internal.dispatch.ProxyDispatchAdapter$Dispatching
InvocationHandler.invoke(ProxyDispatchAdapter.java:88)
	at jdk.proxy1/jdk.proxy1.$Proxy136.executionFinished(Unknown Sou
rce)
	at org.gradle.process.internal.DefaultExecHandle.setEndStateInfo
(DefaultExecHandle.java:222)
	at org.gradle.process.internal.DefaultExecHandle.finished(Defaul
tExecHandle.java:389)
	at org.gradle.process.internal.ExecHandleRunner.completed(ExecHa
ndleRunner.java:164)
	at org.gradle.process.internal.ExecHandleRunner.lambda$run$2(Exe
cHandleRunner.java:127)
	at org.gradle.internal.operations.CurrentBuildOperationRef.with(
CurrentBuildOperationRef.java:84)
	at org.gradle.process.internal.ExecHandleRunner.run(ExecHandleRu
nner.java:125)
	at org.gradle.internal.concurrent.ExecutorPolicy$CatchAndRecordF
ailures.onExecute(ExecutorPolicy.java:64)
	at org.gradle.internal.concurrent.AbstractManagedExecutor$1.run(
AbstractManagedExecutor.java:47)
	at java.base/java.util.concurrent.ThreadPoolExecutor.runWorker(T
hreadPoolExecutor.java:1144)
	at java.base/java.util.concurrent.ThreadPoolExecutor$Worker.run(
ThreadPoolExecutor.java:642)
	at java.base/java.lang.Thread.run(Thread.java:1583)
Error: Could not find or load main class worker.org.gradle.proces
s.internal.worker.GradleWorkerMain
Caused by: java.lang.ClassNotFoundException: worker.org.gradle.pr
ocess.internal.worker.GradleWorkerMain
Process 'Gradle Test Executor 26' finished with non-zero exit val
ue 1
org.gradle.process.ProcessExecutionException: Process 'Gradle Tes
t Executor 26' finished with non-zero exit value 1
	at org.gradle.process.internal.DefaultExecHandle$ExecResultImpl.
assertNormalExitValue(DefaultExecHandle.java:450)
	at org.gradle.process.internal.worker.DefaultWorkerProcess.onPro
cessStop(DefaultWorkerProcess.java:146)
	at org.gradle.process.internal.worker.DefaultWorkerProcess.acces
s$000(DefaultWorkerProcess.java:43)
	at org.gradle.process.internal.worker.DefaultWorkerProcess$1.exe
cutionFinished(DefaultWorkerProcess.java:99)
	at java.base/jdk.internal.reflect.DirectMethodHandleAccessor.inv
oke(DirectMethodHandleAccessor.java:103)
	at java.base/java.lang.reflect.Method.invoke(Method.java:580)
	at org.gradle.internal.dispatch.MethodInvocation.invokeOn(Method
Invocation.java:77)
	at org.gradle.internal.dispatch.ReflectionDispatch.dispatch(Refl
ectionDispatch.java:28)
	at org.gradle.internal.dispatch.ReflectionDispatch.dispatch(Refl
ectionDispatch.java:19)
	at org.gradle.internal.event.AbstractBroadcastDispatch.dispatch(
AbstractBroadcastDispatch.java:44)
	at org.gradle.internal.event.BroadcastDispatch$SingletonDispatch
.dispatch(BroadcastDispatch.java:270)
	at org.gradle.internal.event.BroadcastDispatch$SingletonDispatch
.dispatch(BroadcastDispatch.java:172)
	at org.gradle.internal.event.ListenerBroadcast.dispatch(Listener
Broadcast.java:160)
	at org.gradle.internal.event.ListenerBroadcast.dispatch(Listener
Broadcast.java:37)
	at org.gradle.internal.dispatch.ProxyDispatchAdapter$Dispatching
InvocationHandler.invoke(ProxyDispatchAdapter.java:88)
	at jdk.proxy1/jdk.proxy1.$Proxy136.executionFinished(Unknown Sou
rce)
	at org.gradle.process.internal.DefaultExecHandle.setEndStateInfo
(DefaultExecHandle.java:222)
	at org.gradle.process.internal.DefaultExecHandle.finished(Defaul
tExecHandle.java:389)
	at org.gradle.process.internal.ExecHandleRunner.completed(ExecHa
ndleRunner.java:164)
	at org.gradle.process.internal.ExecHandleRunner.lambda$run$2(Exe
cHandleRunner.java:127)
	at org.gradle.internal.operations.CurrentBuildOperationRef.with(
CurrentBuildOperationRef.java:84)
	at org.gradle.process.internal.ExecHandleRunner.run(ExecHandleRu
nner.java:125)
	at org.gradle.internal.concurrent.ExecutorPolicy$CatchAndRecordF
ailures.onExecute(ExecutorPolicy.java:64)
	at org.gradle.internal.concurrent.AbstractManagedExecutor$1.run(
AbstractManagedExecutor.java:47)
	at java.base/java.util.concurrent.ThreadPoolExecutor.runWorker(T
hreadPoolExecutor.java:1144)
	at java.base/java.util.concurrent.ThreadPoolExecutor$Worker.run(
ThreadPoolExecutor.java:642)
	at java.base/java.lang.Thread.run(Thread.java:1583)
Error: Could not find or load main class worker.org.gradle.proces
s.internal.worker.GradleWorkerMain
Caused by: java.lang.ClassNotFoundException: worker.org.gradle.pr
ocess.internal.worker.GradleWorkerMain
Process 'Gradle Test Executor 27' finished with non-zero exit val
ue 1
org.gradle.process.ProcessExecutionException: Process 'Gradle Tes
t Executor 27' finished with non-zero exit value 1
	at org.gradle.process.internal.DefaultExecHandle$ExecResultImpl.
assertNormalExitValue(DefaultExecHandle.java:450)
	at org.gradle.process.internal.worker.DefaultWorkerProcess.onPro
cessStop(DefaultWorkerProcess.java:146)
	at org.gradle.process.internal.worker.DefaultWorkerProcess.acces
s$000(DefaultWorkerProcess.java:43)
	at org.gradle.process.internal.worker.DefaultWorkerProcess$1.exe
cutionFinished(DefaultWorkerProcess.java:99)
	at java.base/jdk.internal.reflect.DirectMethodHandleAccessor.inv
oke(DirectMethodHandleAccessor.java:103)
	at java.base/java.lang.reflect.Method.invoke(Method.java:580)
	at org.gradle.internal.dispatch.MethodInvocation.invokeOn(Method
Invocation.java:77)
	at org.gradle.internal.dispatch.ReflectionDispatch.dispatch(Refl
ectionDispatch.java:28)
	at org.gradle.internal.dispatch.ReflectionDispatch.dispatch(Refl
ectionDispatch.java:19)
	at org.gradle.internal.event.AbstractBroadcastDispatch.dispatch(
AbstractBroadcastDispatch.java:44)
	at org.gradle.internal.event.BroadcastDispatch$SingletonDispatch
.dispatch(BroadcastDispatch.java:270)
	at org.gradle.internal.event.BroadcastDispatch$SingletonDispatch
.dispatch(BroadcastDispatch.java:172)
	at org.gradle.internal.event.ListenerBroadcast.dispatch(Listener
Broadcast.java:160)
	at org.gradle.internal.event.ListenerBroadcast.dispatch(Listener
Broadcast.java:37)
	at org.gradle.internal.dispatch.ProxyDispatchAdapter$Dispatching
InvocationHandler.invoke(ProxyDispatchAdapter.java:88)
	at jdk.proxy1/jdk.proxy1.$Proxy136.executionFinished(Unknown Sou
rce)
	at org.gradle.process.internal.DefaultExecHandle.setEndStateInfo
(DefaultExecHandle.java:222)
	at org.gradle.process.internal.DefaultExecHandle.finished(Defaul
tExecHandle.java:389)
	at org.gradle.process.internal.ExecHandleRunner.completed(ExecHa
ndleRunner.java:164)
	at org.gradle.process.internal.ExecHandleRunner.lambda$run$2(Exe
cHandleRunner.java:127)
	at org.gradle.internal.operations.CurrentBuildOperationRef.with(
CurrentBuildOperationRef.java:84)
	at org.gradle.process.internal.ExecHandleRunner.run(ExecHandleRu
nner.java:125)
	at org.gradle.internal.concurrent.ExecutorPolicy$CatchAndRecordF
ailures.onExecute(ExecutorPolicy.java:64)
	at org.gradle.internal.concurrent.AbstractManagedExecutor$1.run(
AbstractManagedExecutor.java:47)
	at java.base/java.util.concurrent.ThreadPoolExecutor.runWorker(T
hreadPoolExecutor.java:1144)
	at java.base/java.util.concurrent.ThreadPoolExecutor$Worker.run(
ThreadPoolExecutor.java:642)
	at java.base/java.lang.Thread.run(Thread.java:1583)
Error: Could not find or load main class worker.org.gradle.proces
s.internal.worker.GradleWorkerMain
Caused by: java.lang.ClassNotFoundException: worker.org.gradle.pr
ocess.internal.worker.GradleWorkerMain
Process 'Gradle Test Executor 28' finished with non-zero exit val
ue 1
org.gradle.process.ProcessExecutionException: Process 'Gradle Tes
t Executor 28' finished with non-zero exit value 1
	at org.gradle.process.internal.DefaultExecHandle$ExecResultImpl.
assertNormalExitValue(DefaultExecHandle.java:450)
	at org.gradle.process.internal.worker.DefaultWorkerProcess.onPro
cessStop(DefaultWorkerProcess.java:146)
	at org.gradle.process.internal.worker.DefaultWorkerProcess.acces
s$000(DefaultWorkerProcess.java:43)
	at org.gradle.process.internal.worker.DefaultWorkerProcess$1.exe
cutionFinished(DefaultWorkerProcess.java:99)
	at java.base/jdk.internal.reflect.DirectMethodHandleAccessor.inv
oke(DirectMethodHandleAccessor.java:103)
	at java.base/java.lang.reflect.Method.invoke(Method.java:580)
	at org.gradle.internal.dispatch.MethodInvocation.invokeOn(Method
Invocation.java:77)
	at org.gradle.internal.dispatch.ReflectionDispatch.dispatch(Refl
ectionDispatch.java:28)
	at org.gradle.internal.dispatch.ReflectionDispatch.dispatch(Refl
ectionDispatch.java:19)
	at org.gradle.internal.event.AbstractBroadcastDispatch.dispatch(
AbstractBroadcastDispatch.java:44)
	at org.gradle.internal.event.BroadcastDispatch$SingletonDispatch
.dispatch(BroadcastDispatch.java:270)
	at org.gradle.internal.event.BroadcastDispatch$SingletonDispatch
.dispatch(BroadcastDispatch.java:172)
	at org.gradle.internal.event.ListenerBroadcast.dispatch(Listener
Broadcast.java:160)
	at org.gradle.internal.event.ListenerBroadcast.dispatch(Listener
Broadcast.java:37)
	at org.gradle.internal.dispatch.ProxyDispatchAdapter$Dispatching
InvocationHandler.invoke(ProxyDispatchAdapter.java:88)
	at jdk.proxy1/jdk.proxy1.$Proxy136.executionFinished(Unknown Sou
rce)
	at org.gradle.process.internal.DefaultExecHandle.setEndStateInfo
(DefaultExecHandle.java:222)
	at org.gradle.process.internal.DefaultExecHandle.finished(Defaul
tExecHandle.java:389)
	at org.gradle.process.internal.ExecHandleRunner.completed(ExecHa
ndleRunner.java:164)
	at org.gradle.process.internal.ExecHandleRunner.lambda$run$2(Exe
cHandleRunner.java:127)
	at org.gradle.internal.operations.CurrentBuildOperationRef.with(
CurrentBuildOperationRef.java:84)
	at org.gradle.process.internal.ExecHandleRunner.run(ExecHandleRu
nner.java:125)
	at org.gradle.internal.concurrent.ExecutorPolicy$CatchAndRecordF
ailures.onExecute(ExecutorPolicy.java:64)
	at org.gradle.internal.concurrent.AbstractManagedExecutor$1.run(
AbstractManagedExecutor.java:47)
	at java.base/java.util.concurrent.ThreadPoolExecutor.runWorker(T
hreadPoolExecutor.java:1144)
	at java.base/java.util.concurrent.ThreadPoolExecutor$Worker.run(
ThreadPoolExecutor.java:642)
	at java.base/java.lang.Thread.run(Thread.java:1583)
Error: Could not find or load main class worker.org.gradle.proces
s.internal.worker.GradleWorkerMain
Caused by: java.lang.ClassNotFoundException: worker.org.gradle.pr
ocess.internal.worker.GradleWorkerMain
Process 'Gradle Test Executor 29' finished with non-zero exit val
ue 1
org.gradle.process.ProcessExecutionException: Process 'Gradle Tes
t Executor 29' finished with non-zero exit value 1
	at org.gradle.process.internal.DefaultExecHandle$ExecResultImpl.
assertNormalExitValue(DefaultExecHandle.java:450)
	at org.gradle.process.internal.worker.DefaultWorkerProcess.onPro
cessStop(DefaultWorkerProcess.java:146)
	at org.gradle.process.internal.worker.DefaultWorkerProcess.acces
s$000(DefaultWorkerProcess.java:43)
	at org.gradle.process.internal.worker.DefaultWorkerProcess$1.exe
cutionFinished(DefaultWorkerProcess.java:99)
	at java.base/jdk.internal.reflect.DirectMethodHandleAccessor.inv
oke(DirectMethodHandleAccessor.java:103)
	at java.base/java.lang.reflect.Method.invoke(Method.java:580)
	at org.gradle.internal.dispatch.MethodInvocation.invokeOn(Method
Invocation.java:77)
	at org.gradle.internal.dispatch.ReflectionDispatch.dispatch(Refl
ectionDispatch.java:28)
	at org.gradle.internal.dispatch.ReflectionDispatch.dispatch(Refl
ectionDispatch.java:19)
	at org.gradle.internal.event.AbstractBroadcastDispatch.dispatch(
AbstractBroadcastDispatch.java:44)
	at org.gradle.internal.event.BroadcastDispatch$SingletonDispatch
.dispatch(BroadcastDispatch.java:270)
	at org.gradle.internal.event.BroadcastDispatch$SingletonDispatch
.dispatch(BroadcastDispatch.java:172)
	at org.gradle.internal.event.ListenerBroadcast.dispatch(Listener
Broadcast.java:160)
	at org.gradle.internal.event.ListenerBroadcast.dispatch(Listener
Broadcast.java:37)
	at org.gradle.internal.dispatch.ProxyDispatchAdapter$Dispatching
InvocationHandler.invoke(ProxyDispatchAdapter.java:88)
	at jdk.proxy1/jdk.proxy1.$Proxy136.executionFinished(Unknown Sou
rce)
	at org.gradle.process.internal.DefaultExecHandle.setEndStateInfo
(DefaultExecHandle.java:222)
	at org.gradle.process.internal.DefaultExecHandle.finished(Defaul
tExecHandle.java:389)
	at org.gradle.process.internal.ExecHandleRunner.completed(ExecHa
ndleRunner.java:164)
	at org.gradle.process.internal.ExecHandleRunner.lambda$run$2(Exe
cHandleRunner.java:127)
	at org.gradle.internal.operations.CurrentBuildOperationRef.with(
CurrentBuildOperationRef.java:84)
	at org.gradle.process.internal.ExecHandleRunner.run(ExecHandleRu
nner.java:125)
	at org.gradle.internal.concurrent.ExecutorPolicy$CatchAndRecordF
ailures.onExecute(ExecutorPolicy.java:64)
	at org.gradle.internal.concurrent.AbstractManagedExecutor$1.run(
AbstractManagedExecutor.java:47)
	at java.base/java.util.concurrent.ThreadPoolExecutor.runWorker(T
hreadPoolExecutor.java:1144)
	at java.base/java.util.concurrent.ThreadPoolExecutor$Worker.run(
ThreadPoolExecutor.java:642)
	at java.base/java.lang.Thread.run(Thread.java:1583)
Error: Could not find or load main class worker.org.gradle.proces
s.internal.worker.GradleWorkerMain
Caused by: java.lang.ClassNotFoundException: worker.org.gradle.pr
ocess.internal.worker.GradleWorkerMain
Process 'Gradle Test Executor 30' finished with non-zero exit val
ue 1
org.gradle.process.ProcessExecutionException: Process 'Gradle Tes
t Executor 30' finished with non-zero exit value 1
	at org.gradle.process.internal.DefaultExecHandle$ExecResultImpl.
assertNormalExitValue(DefaultExecHandle.java:450)
	at org.gradle.process.internal.worker.DefaultWorkerProcess.onPro
cessStop(DefaultWorkerProcess.java:146)
	at org.gradle.process.internal.worker.DefaultWorkerProcess.acces
s$000(DefaultWorkerProcess.java:43)
	at org.gradle.process.internal.worker.DefaultWorkerProcess$1.exe
cutionFinished(DefaultWorkerProcess.java:99)
	at java.base/jdk.internal.reflect.DirectMethodHandleAccessor.inv
oke(DirectMethodHandleAccessor.java:103)
	at java.base/java.lang.reflect.Method.invoke(Method.java:580)
	at org.gradle.internal.dispatch.MethodInvocation.invokeOn(Method
Invocation.java:77)
	at org.gradle.internal.dispatch.ReflectionDispatch.dispatch(Refl
ectionDispatch.java:28)
	at org.gradle.internal.dispatch.ReflectionDispatch.dispatch(Refl
ectionDispatch.java:19)
	at org.gradle.internal.event.AbstractBroadcastDispatch.dispatch(
AbstractBroadcastDispatch.java:44)
	at org.gradle.internal.event.BroadcastDispatch$SingletonDispatch
.dispatch(BroadcastDispatch.java:270)
	at org.gradle.internal.event.BroadcastDispatch$SingletonDispatch
.dispatch(BroadcastDispatch.java:172)
	at org.gradle.internal.event.ListenerBroadcast.dispatch(Listener
Broadcast.java:160)
	at org.gradle.internal.event.ListenerBroadcast.dispatch(Listener
Broadcast.java:37)
	at org.gradle.internal.dispatch.ProxyDispatchAdapter$Dispatching
InvocationHandler.invoke(ProxyDispatchAdapter.java:88)
	at jdk.proxy1/jdk.proxy1.$Proxy136.executionFinished(Unknown Sou
rce)
	at org.gradle.process.internal.DefaultExecHandle.setEndStateInfo
(DefaultExecHandle.java:222)
	at org.gradle.process.internal.DefaultExecHandle.finished(Defaul
tExecHandle.java:389)
	at org.gradle.process.internal.ExecHandleRunner.completed(ExecHa
ndleRunner.java:164)
	at org.gradle.process.internal.ExecHandleRunner.lambda$run$2(Exe
cHandleRunner.java:127)
	at org.gradle.internal.operations.CurrentBuildOperationRef.with(
CurrentBuildOperationRef.java:84)
	at org.gradle.process.internal.ExecHandleRunner.run(ExecHandleRu
nner.java:125)
	at org.gradle.internal.concurrent.ExecutorPolicy$CatchAndRecordF
ailures.onExecute(ExecutorPolicy.java:64)
	at org.gradle.internal.concurrent.AbstractManagedExecutor$1.run(
AbstractManagedExecutor.java:47)
	at java.base/java.util.concurrent.ThreadPoolExecutor.runWorker(T
hreadPoolExecutor.java:1144)
	at java.base/java.util.concurrent.ThreadPoolExecutor$Worker.run(
ThreadPoolExecutor.java:642)
	at java.base/java.lang.Thread.run(Thread.java:1583)
Error: Could not find or load main class worker.org.gradle.proces
s.internal.worker.GradleWorkerMain
Caused by: java.lang.ClassNotFoundException: worker.org.gradle.pr
ocess.internal.worker.GradleWorkerMain
Process 'Gradle Test Executor 31' finished with non-zero exit val
ue 1
org.gradle.process.ProcessExecutionException: Process 'Gradle Tes
t Executor 31' finished with non-zero exit value 1
	at org.gradle.process.internal.DefaultExecHandle$ExecResultImpl.
assertNormalExitValue(DefaultExecHandle.java:450)
	at org.gradle.process.internal.worker.DefaultWorkerProcess.onPro
cessStop(DefaultWorkerProcess.java:146)
	at org.gradle.process.internal.worker.DefaultWorkerProcess.acces
s$000(DefaultWorkerProcess.java:43)
	at org.gradle.process.internal.worker.DefaultWorkerProcess$1.exe
cutionFinished(DefaultWorkerProcess.java:99)
	at java.base/jdk.internal.reflect.DirectMethodHandleAccessor.inv
oke(DirectMethodHandleAccessor.java:103)
	at java.base/java.lang.reflect.Method.invoke(Method.java:580)
	at org.gradle.internal.dispatch.MethodInvocation.invokeOn(Method
Invocation.java:77)
	at org.gradle.internal.dispatch.ReflectionDispatch.dispatch(Refl
ectionDispatch.java:28)
	at org.gradle.internal.dispatch.ReflectionDispatch.dispatch(Refl
ectionDispatch.java:19)
	at org.gradle.internal.event.AbstractBroadcastDispatch.dispatch(
AbstractBroadcastDispatch.java:44)
	at org.gradle.internal.event.BroadcastDispatch$SingletonDispatch
.dispatch(BroadcastDispatch.java:270)
	at org.gradle.internal.event.BroadcastDispatch$SingletonDispatch
.dispatch(BroadcastDispatch.java:172)
	at org.gradle.internal.event.ListenerBroadcast.dispatch(Listener
Broadcast.java:160)
	at org.gradle.internal.event.ListenerBroadcast.dispatch(Listener
Broadcast.java:37)
	at org.gradle.internal.dispatch.ProxyDispatchAdapter$Dispatching
InvocationHandler.invoke(ProxyDispatchAdapter.java:88)
	at jdk.proxy1/jdk.proxy1.$Proxy136.executionFinished(Unknown Sou
rce)
	at org.gradle.process.internal.DefaultExecHandle.setEndStateInfo
(DefaultExecHandle.java:222)
	at org.gradle.process.internal.DefaultExecHandle.finished(Defaul
tExecHandle.java:389)
	at org.gradle.process.internal.ExecHandleRunner.completed(ExecHa
ndleRunner.java:164)
	at org.gradle.process.internal.ExecHandleRunner.lambda$run$2(Exe
cHandleRunner.java:127)
	at org.gradle.internal.operations.CurrentBuildOperationRef.with(
CurrentBuildOperationRef.java:84)
	at org.gradle.process.internal.ExecHandleRunner.run(ExecHandleRu
nner.java:125)
	at org.gradle.internal.concurrent.ExecutorPolicy$CatchAndRecordF
ailures.onExecute(ExecutorPolicy.java:64)
	at org.gradle.internal.concurrent.AbstractManagedExecutor$1.run(
AbstractManagedExecutor.java:47)
	at java.base/java.util.concurrent.ThreadPoolExecutor.runWorker(T
hreadPoolExecutor.java:1144)
	at java.base/java.util.concurrent.ThreadPoolExecutor$Worker.run(
ThreadPoolExecutor.java:642)
	at java.base/java.lang.Thread.run(Thread.java:1583)
Error: Could not find or load main class worker.org.gradle.proces
s.internal.worker.GradleWorkerMain
Caused by: java.lang.ClassNotFoundException: worker.org.gradle.pr
ocess.internal.worker.GradleWorkerMain
Process 'Gradle Test Executor 32' finished with non-zero exit val
ue 1
org.gradle.process.ProcessExecutionException: Process 'Gradle Tes
t Executor 32' finished with non-zero exit value 1
	at org.gradle.process.internal.DefaultExecHandle$ExecResultImpl.
assertNormalExitValue(DefaultExecHandle.java:450)
	at org.gradle.process.internal.worker.DefaultWorkerProcess.onPro
cessStop(DefaultWorkerProcess.java:146)
	at org.gradle.process.internal.worker.DefaultWorkerProcess.acces
s$000(DefaultWorkerProcess.java:43)
	at org.gradle.process.internal.worker.DefaultWorkerProcess$1.exe
cutionFinished(DefaultWorkerProcess.java:99)
	at java.base/jdk.internal.reflect.DirectMethodHandleAccessor.inv
oke(DirectMethodHandleAccessor.java:103)
	at java.base/java.lang.reflect.Method.invoke(Method.java:580)
	at org.gradle.internal.dispatch.MethodInvocation.invokeOn(Method
Invocation.java:77)
	at org.gradle.internal.dispatch.ReflectionDispatch.dispatch(Refl
ectionDispatch.java:28)
	at org.gradle.internal.dispatch.ReflectionDispatch.dispatch(Refl
ectionDispatch.java:19)
	at org.gradle.internal.event.AbstractBroadcastDispatch.dispatch(
AbstractBroadcastDispatch.java:44)
	at org.gradle.internal.event.BroadcastDispatch$SingletonDispatch
.dispatch(BroadcastDispatch.java:270)
	at org.gradle.internal.event.BroadcastDispatch$SingletonDispatch
.dispatch(BroadcastDispatch.java:172)
	at org.gradle.internal.event.ListenerBroadcast.dispatch(Listener
Broadcast.java:160)
	at org.gradle.internal.event.ListenerBroadcast.dispatch(Listener
Broadcast.java:37)
	at org.gradle.internal.dispatch.ProxyDispatchAdapter$Dispatching
InvocationHandler.invoke(ProxyDispatchAdapter.java:88)
	at jdk.proxy1/jdk.proxy1.$Proxy136.executionFinished(Unknown Sou
rce)
	at org.gradle.process.internal.DefaultExecHandle.setEndStateInfo
(DefaultExecHandle.java:222)
	at org.gradle.process.internal.DefaultExecHandle.finished(Defaul
tExecHandle.java:389)
	at org.gradle.process.internal.ExecHandleRunner.completed(ExecHa
ndleRunner.java:164)
	at org.gradle.process.internal.ExecHandleRunner.lambda$run$2(Exe
cHandleRunner.java:127)
	at org.gradle.internal.operations.CurrentBuildOperationRef.with(
CurrentBuildOperationRef.java:84)
	at org.gradle.process.internal.ExecHandleRunner.run(ExecHandleRu
nner.java:125)
	at org.gradle.internal.concurrent.ExecutorPolicy$CatchAndRecordF
ailures.onExecute(ExecutorPolicy.java:64)
	at org.gradle.internal.concurrent.AbstractManagedExecutor$1.run(
AbstractManagedExecutor.java:47)
	at java.base/java.util.concurrent.ThreadPoolExecutor.runWorker(T
hreadPoolExecutor.java:1144)
	at java.base/java.util.concurrent.ThreadPoolExecutor$Worker.run(
ThreadPoolExecutor.java:642)
	at java.base/java.lang.Thread.run(Thread.java:1583)
Error: Could not find or load main class worker.org.gradle.proces
s.internal.worker.GradleWorkerMain
Caused by: java.lang.ClassNotFoundException: worker.org.gradle.pr
ocess.internal.worker.GradleWorkerMain
Process 'Gradle Test Executor 33' finished with non-zero exit val
ue 1
org.gradle.process.ProcessExecutionException: Process 'Gradle Tes
t Executor 33' finished with non-zero exit value 1
	at org.gradle.process.internal.DefaultExecHandle$ExecResultImpl.
assertNormalExitValue(DefaultExecHandle.java:450)
	at org.gradle.process.internal.worker.DefaultWorkerProcess.onPro
cessStop(DefaultWorkerProcess.java:146)
	at org.gradle.process.internal.worker.DefaultWorkerProcess.acces
s$000(DefaultWorkerProcess.java:43)
	at org.gradle.process.internal.worker.DefaultWorkerProcess$1.exe
cutionFinished(DefaultWorkerProcess.java:99)
	at java.base/jdk.internal.reflect.DirectMethodHandleAccessor.inv
oke(DirectMethodHandleAccessor.java:103)
	at java.base/java.lang.reflect.Method.invoke(Method.java:580)
	at org.gradle.internal.dispatch.MethodInvocation.invokeOn(Method
Invocation.java:77)
	at org.gradle.internal.dispatch.ReflectionDispatch.dispatch(Refl
ectionDispatch.java:28)
	at org.gradle.internal.dispatch.ReflectionDispatch.dispatch(Refl
ectionDispatch.java:19)
	at org.gradle.internal.event.AbstractBroadcastDispatch.dispatch(
AbstractBroadcastDispatch.java:44)
	at org.gradle.internal.event.BroadcastDispatch$SingletonDispatch
.dispatch(BroadcastDispatch.java:270)
	at org.gradle.internal.event.BroadcastDispatch$SingletonDispatch
.dispatch(BroadcastDispatch.java:172)
	at org.gradle.internal.event.ListenerBroadcast.dispatch(Listener
Broadcast.java:160)
	at org.gradle.internal.event.ListenerBroadcast.dispatch(Listener
Broadcast.java:37)
	at org.gradle.internal.dispatch.ProxyDispatchAdapter$Dispatching
InvocationHandler.invoke(ProxyDispatchAdapter.java:88)
	at jdk.proxy1/jdk.proxy1.$Proxy136.executionFinished(Unknown Sou
rce)
	at org.gradle.process.internal.DefaultExecHandle.setEndStateInfo
(DefaultExecHandle.java:222)
	at org.gradle.process.internal.DefaultExecHandle.finished(Defaul
tExecHandle.java:389)
	at org.gradle.process.internal.ExecHandleRunner.completed(ExecHa
ndleRunner.java:164)
	at org.gradle.process.internal.ExecHandleRunner.lambda$run$2(Exe
cHandleRunner.java:127)
	at org.gradle.internal.operations.CurrentBuildOperationRef.with(
CurrentBuildOperationRef.java:84)
	at org.gradle.process.internal.ExecHandleRunner.run(ExecHandleRu
nner.java:125)
	at org.gradle.internal.concurrent.ExecutorPolicy$CatchAndRecordF
ailures.onExecute(ExecutorPolicy.java:64)
	at org.gradle.internal.concurrent.AbstractManagedExecutor$1.run(
AbstractManagedExecutor.java:47)
	at java.base/java.util.concurrent.ThreadPoolExecutor.runWorker(T
hreadPoolExecutor.java:1144)
	at java.base/java.util.concurrent.ThreadPoolExecutor$Worker.run(
ThreadPoolExecutor.java:642)
	at java.base/java.lang.Thread.run(Thread.java:1583)
Error: Could not find or load main class worker.org.gradle.proces
s.internal.worker.GradleWorkerMain
Caused by: java.lang.ClassNotFoundException: worker.org.gradle.pr
ocess.internal.worker.GradleWorkerMain
Process 'Gradle Test Executor 34' finished with non-zero exit val
ue 1
org.gradle.process.ProcessExecutionException: Process 'Gradle Tes
t Executor 34' finished with non-zero exit value 1
	at org.gradle.process.internal.DefaultExecHandle$ExecResultImpl.
assertNormalExitValue(DefaultExecHandle.java:450)
	at org.gradle.process.internal.worker.DefaultWorkerProcess.onPro
cessStop(DefaultWorkerProcess.java:146)
	at org.gradle.process.internal.worker.DefaultWorkerProcess.acces
s$000(DefaultWorkerProcess.java:43)
	at org.gradle.process.internal.worker.DefaultWorkerProcess$1.exe
cutionFinished(DefaultWorkerProcess.java:99)
	at java.base/jdk.internal.reflect.DirectMethodHandleAccessor.inv
oke(DirectMethodHandleAccessor.java:103)
	at java.base/java.lang.reflect.Method.invoke(Method.java:580)
	at org.gradle.internal.dispatch.MethodInvocation.invokeOn(Method
Invocation.java:77)
	at org.gradle.internal.dispatch.ReflectionDispatch.dispatch(Refl
ectionDispatch.java:28)
	at org.gradle.internal.dispatch.ReflectionDispatch.dispatch(Refl
ectionDispatch.java:19)
	at org.gradle.internal.event.AbstractBroadcastDispatch.dispatch(
AbstractBroadcastDispatch.java:44)
	at org.gradle.internal.event.BroadcastDispatch$SingletonDispatch
.dispatch(BroadcastDispatch.java:270)
	at org.gradle.internal.event.BroadcastDispatch$SingletonDispatch
.dispatch(BroadcastDispatch.java:172)
	at org.gradle.internal.event.ListenerBroadcast.dispatch(Listener
Broadcast.java:160)
	at org.gradle.internal.event.ListenerBroadcast.dispatch(Listener
Broadcast.java:37)
	at org.gradle.internal.dispatch.ProxyDispatchAdapter$Dispatching
InvocationHandler.invoke(ProxyDispatchAdapter.java:88)
	at jdk.proxy1/jdk.proxy1.$Proxy136.executionFinished(Unknown Sou
rce)
	at org.gradle.process.internal.DefaultExecHandle.setEndStateInfo
(DefaultExecHandle.java:222)
	at org.gradle.process.internal.DefaultExecHandle.finished(Defaul
tExecHandle.java:389)
	at org.gradle.process.internal.ExecHandleRunner.completed(ExecHa
ndleRunner.java:164)
	at org.gradle.process.internal.ExecHandleRunner.lambda$run$2(Exe
cHandleRunner.java:127)
	at org.gradle.internal.operations.CurrentBuildOperationRef.with(
CurrentBuildOperationRef.java:84)
	at org.gradle.process.internal.ExecHandleRunner.run(ExecHandleRu
nner.java:125)
	at org.gradle.internal.concurrent.ExecutorPolicy$CatchAndRecordF
ailures.onExecute(ExecutorPolicy.java:64)
	at org.gradle.internal.concurrent.AbstractManagedExecutor$1.run(
AbstractManagedExecutor.java:47)
	at java.base/java.util.concurrent.ThreadPoolExecutor.runWorker(T
hreadPoolExecutor.java:1144)
	at java.base/java.util.concurrent.ThreadPoolExecutor$Worker.run(
ThreadPoolExecutor.java:642)
	at java.base/java.lang.Thread.run(Thread.java:1583)
Error: Could not find or load main class worker.org.gradle.proces
s.internal.worker.GradleWorkerMain
Caused by: java.lang.ClassNotFoundException: worker.org.gradle.pr
ocess.internal.worker.GradleWorkerMain
Process 'Gradle Test Executor 35' finished with non-zero exit val
ue 1
org.gradle.process.ProcessExecutionException: Process 'Gradle Tes
t Executor 35' finished with non-zero exit value 1
	at org.gradle.process.internal.DefaultExecHandle$ExecResultImpl.
assertNormalExitValue(DefaultExecHandle.java:450)
	at org.gradle.process.internal.worker.DefaultWorkerProcess.onPro
cessStop(DefaultWorkerProcess.java:146)
	at org.gradle.process.internal.worker.DefaultWorkerProcess.acces
s$000(DefaultWorkerProcess.java:43)
	at org.gradle.process.internal.worker.DefaultWorkerProcess$1.exe
cutionFinished(DefaultWorkerProcess.java:99)
	at java.base/jdk.internal.reflect.DirectMethodHandleAccessor.inv
oke(DirectMethodHandleAccessor.java:103)
	at java.base/java.lang.reflect.Method.invoke(Method.java:580)
	at org.gradle.internal.dispatch.MethodInvocation.invokeOn(Method
Invocation.java:77)
	at org.gradle.internal.dispatch.ReflectionDispatch.dispatch(Refl
ectionDispatch.java:28)
	at org.gradle.internal.dispatch.ReflectionDispatch.dispatch(Refl
ectionDispatch.java:19)
	at org.gradle.internal.event.AbstractBroadcastDispatch.dispatch(
AbstractBroadcastDispatch.java:44)
	at org.gradle.internal.event.BroadcastDispatch$SingletonDispatch
.dispatch(BroadcastDispatch.java:270)
	at org.gradle.internal.event.BroadcastDispatch$SingletonDispatch
.dispatch(BroadcastDispatch.java:172)
	at org.gradle.internal.event.ListenerBroadcast.dispatch(Listener
Broadcast.java:160)
	at org.gradle.internal.event.ListenerBroadcast.dispatch(Listener
Broadcast.java:37)
	at org.gradle.internal.dispatch.ProxyDispatchAdapter$Dispatching
InvocationHandler.invoke(ProxyDispatchAdapter.java:88)
	at jdk.proxy1/jdk.proxy1.$Proxy136.executionFinished(Unknown Sou
rce)
	at org.gradle.process.internal.DefaultExecHandle.setEndStateInfo
(DefaultExecHandle.java:222)
	at org.gradle.process.internal.DefaultExecHandle.finished(Defaul
tExecHandle.java:389)
	at org.gradle.process.internal.ExecHandleRunner.completed(ExecHa
ndleRunner.java:164)
	at org.gradle.process.internal.ExecHandleRunner.lambda$run$2(Exe
cHandleRunner.java:127)
	at org.gradle.internal.operations.CurrentBuildOperationRef.with(
CurrentBuildOperationRef.java:84)
	at org.gradle.process.internal.ExecHandleRunner.run(ExecHandleRu
nner.java:125)
	at org.gradle.internal.concurrent.ExecutorPolicy$CatchAndRecordF
ailures.onExecute(ExecutorPolicy.java:64)
	at org.gradle.internal.concurrent.AbstractManagedExecutor$1.run(
AbstractManagedExecutor.java:47)
	at java.base/java.util.concurrent.ThreadPoolExecutor.runWorker(T
hreadPoolExecutor.java:1144)
	at java.base/java.util.concurrent.ThreadPoolExecutor$Worker.run(
ThreadPoolExecutor.java:642)
	at java.base/java.lang.Thread.run(Thread.java:1583)
Error: Could not find or load main class worker.org.gradle.proces
s.internal.worker.GradleWorkerMain
Caused by: java.lang.ClassNotFoundException: worker.org.gradle.pr
ocess.internal.worker.GradleWorkerMain
Could not write standard input to Gradle Test Executor 36.

java.io.IOException: ?뚯씠?꾧? ?ロ엳??以묒엯?덈떎
	at java.base/java.io.FileOutputStream.writeBytes(Native Method)
	at java.base/java.io.FileOutputStream.write(FileOutputStream.jav
a:367)
	at java.base/java.io.BufferedOutputStream.flushBuffer(BufferedOu
tputStream.java:125)
	at java.base/java.io.BufferedOutputStream.implFlush(BufferedOutp
utStream.java:252)
	at java.base/java.io.BufferedOutputStream.flush(BufferedOutputSt
ream.java:240)
	at org.gradle.process.internal.streams.ExecOutputHandleRunner.wr
iteBuffer(ExecOutputHandleRunner.java:98)
	at org.gradle.process.internal.streams.ExecOutputHandleRunner.fo
rwardContent(ExecOutputHandleRunner.java:85)
	at org.gradle.process.internal.streams.ExecOutputHandleRunner.ru
n(ExecOutputHandleRunner.java:64)
	at org.gradle.internal.concurrent.ExecutorPolicy$CatchAndRecordF
ailures.onExecute(ExecutorPolicy.java:64)
	at org.gradle.internal.concurrent.AbstractManagedExecutor$1.run(
AbstractManagedExecutor.java:47)
	at java.base/java.util.concurrent.ThreadPoolExecutor.runWorker(T
hreadPoolExecutor.java:1144)
	at java.base/java.util.concurrent.ThreadPoolExecutor$Worker.run(
ThreadPoolExecutor.java:642)
	at java.base/java.lang.Thread.run(Thread.java:1583)
Could not write standard input to Gradle Test Executor 37.
java.io.IOException: ?뚯씠?꾧? ?ロ엳??以묒엯?덈떎
	at java.base/java.io.FileOutputStream.writeBytes(Native Method)
	at java.base/java.io.FileOutputStream.write(FileOutputStream.jav
a:367)
	at java.base/java.io.BufferedOutputStream.flushBuffer(BufferedOu
tputStream.java:125)
	at java.base/java.io.BufferedOutputStream.implFlush(BufferedOutp
utStream.java:252)
	at java.base/java.io.BufferedOutputStream.flush(BufferedOutputSt
ream.java:240)
	at org.gradle.process.internal.streams.ExecOutputHandleRunner.wr
iteBuffer(ExecOutputHandleRunner.java:98)
	at org.gradle.process.internal.streams.ExecOutputHandleRunner.fo
rwardContent(ExecOutputHandleRunner.java:85)
	at org.gradle.process.internal.streams.ExecOutputHandleRunner.ru
n(ExecOutputHandleRunner.java:64)
	at org.gradle.internal.concurrent.ExecutorPolicy$CatchAndRecordF
ailures.onExecute(ExecutorPolicy.java:64)
	at org.gradle.internal.concurrent.AbstractManagedExecutor$1.run(
AbstractManagedExecutor.java:47)
	at java.base/java.util.concurrent.ThreadPoolExecutor.runWorker(T
hreadPoolExecutor.java:1144)
	at java.base/java.util.concurrent.ThreadPoolExecutor$Worker.run(
ThreadPoolExecutor.java:642)
	at java.base/java.lang.Thread.run(Thread.java:1583)
Could not write standard input to Gradle Test Executor 38.
java.io.IOException: ?뚯씠?꾧? ?ロ엳??以묒엯?덈떎
	at java.base/java.io.FileOutputStream.writeBytes(Native Method)
	at java.base/java.io.FileOutputStream.write(FileOutputStream.jav
a:367)
	at java.base/java.io.BufferedOutputStream.flushBuffer(BufferedOu
tputStream.java:125)
	at java.base/java.io.BufferedOutputStream.implFlush(BufferedOutp
utStream.java:252)
	at java.base/java.io.BufferedOutputStream.flush(BufferedOutputSt
ream.java:240)
	at org.gradle.process.internal.streams.ExecOutputHandleRunner.wr
iteBuffer(ExecOutputHandleRunner.java:98)
	at org.gradle.process.internal.streams.ExecOutputHandleRunner.fo
rwardContent(ExecOutputHandleRunner.java:85)
	at org.gradle.process.internal.streams.ExecOutputHandleRunner.ru
n(ExecOutputHandleRunner.java:64)
	at org.gradle.internal.concurrent.ExecutorPolicy$CatchAndRecordF
ailures.onExecute(ExecutorPolicy.java:64)
	at org.gradle.internal.concurrent.AbstractManagedExecutor$1.run(
AbstractManagedExecutor.java:47)
	at java.base/java.util.concurrent.ThreadPoolExecutor.runWorker(T
hreadPoolExecutor.java:1144)
	at java.base/java.util.concurrent.ThreadPoolExecutor$Worker.run(
ThreadPoolExecutor.java:642)
	at java.base/java.lang.Thread.run(Thread.java:1583)
Could not write standard input to Gradle Test Executor 39.
java.io.IOException: ?뚯씠?꾧? ?ロ엳??以묒엯?덈떎
	at java.base/java.io.FileOutputStream.writeBytes(Native Method)
	at java.base/java.io.FileOutputStream.write(FileOutputStream.jav
a:367)
	at java.base/java.io.BufferedOutputStream.flushBuffer(BufferedOu
tputStream.java:125)
	at java.base/java.io.BufferedOutputStream.implFlush(BufferedOutp
utStream.java:252)
	at java.base/java.io.BufferedOutputStream.flush(BufferedOutputSt
ream.java:240)
	at org.gradle.process.internal.streams.ExecOutputHandleRunner.wr
iteBuffer(ExecOutputHandleRunner.java:98)
	at org.gradle.process.internal.streams.ExecOutputHandleRunner.fo
rwardContent(ExecOutputHandleRunner.java:85)
	at org.gradle.process.internal.streams.ExecOutputHandleRunner.ru
n(ExecOutputHandleRunner.java:64)
	at org.gradle.internal.concurrent.ExecutorPolicy$CatchAndRecordF
ailures.onExecute(ExecutorPolicy.java:64)
	at org.gradle.internal.concurrent.AbstractManagedExecutor$1.run(
AbstractManagedExecutor.java:47)
	at java.base/java.util.concurrent.ThreadPoolExecutor.runWorker(T
hreadPoolExecutor.java:1144)
	at java.base/java.util.concurrent.ThreadPoolExecutor$Worker.run(
ThreadPoolExecutor.java:642)
	at java.base/java.lang.Thread.run(Thread.java:1583)
Could not write standard input to Gradle Test Executor 40.
java.io.IOException: ?뚯씠?꾧? ?ロ엳??以묒엯?덈떎
	at java.base/java.io.FileOutputStream.writeBytes(Native Method)
	at java.base/java.io.FileOutputStream.write(FileOutputStream.jav
a:367)
	at java.base/java.io.BufferedOutputStream.flushBuffer(BufferedOu
tputStream.java:125)
	at java.base/java.io.BufferedOutputStream.implFlush(BufferedOutp
utStream.java:252)
	at java.base/java.io.BufferedOutputStream.flush(BufferedOutputSt
ream.java:240)
	at org.gradle.process.internal.streams.ExecOutputHandleRunner.wr
iteBuffer(ExecOutputHandleRunner.java:98)
	at org.gradle.process.internal.streams.ExecOutputHandleRunner.fo
rwardContent(ExecOutputHandleRunner.java:85)
	at org.gradle.process.internal.streams.ExecOutputHandleRunner.ru
n(ExecOutputHandleRunner.java:64)
	at org.gradle.internal.concurrent.ExecutorPolicy$CatchAndRecordF
ailures.onExecute(ExecutorPolicy.java:64)
	at org.gradle.internal.concurrent.AbstractManagedExecutor$1.run(
AbstractManagedExecutor.java:47)
	at java.base/java.util.concurrent.ThreadPoolExecutor.runWorker(T
hreadPoolExecutor.java:1144)
	at java.base/java.util.concurrent.ThreadPoolExecutor$Worker.run(
ThreadPoolExecutor.java:642)
	at java.base/java.lang.Thread.run(Thread.java:1583)
Could not write standard input to Gradle Test Executor 41.
java.io.IOException: ?뚯씠?꾧? ?ロ엳??以묒엯?덈떎
	at java.base/java.io.FileOutputStream.writeBytes(Native Method)
	at java.base/java.io.FileOutputStream.write(FileOutputStream.jav
a:367)
	at java.base/java.io.BufferedOutputStream.flushBuffer(BufferedOu
tputStream.java:125)
	at java.base/java.io.BufferedOutputStream.implFlush(BufferedOutp
utStream.java:252)
	at java.base/java.io.BufferedOutputStream.flush(BufferedOutputSt
ream.java:240)
	at org.gradle.process.internal.streams.ExecOutputHandleRunner.wr
iteBuffer(ExecOutputHandleRunner.java:98)
	at org.gradle.process.internal.streams.ExecOutputHandleRunner.fo
rwardContent(ExecOutputHandleRunner.java:85)
	at org.gradle.process.internal.streams.ExecOutputHandleRunner.ru
n(ExecOutputHandleRunner.java:64)
	at org.gradle.internal.concurrent.ExecutorPolicy$CatchAndRecordF
ailures.onExecute(ExecutorPolicy.java:64)
	at org.gradle.internal.concurrent.AbstractManagedExecutor$1.run(
AbstractManagedExecutor.java:47)
	at java.base/java.util.concurrent.ThreadPoolExecutor.runWorker(T
hreadPoolExecutor.java:1144)
	at java.base/java.util.concurrent.ThreadPoolExecutor$Worker.run(
ThreadPoolExecutor.java:642)
	at java.base/java.lang.Thread.run(Thread.java:1583)
Could not write standard input to Gradle Test Executor 42.
java.io.IOException: ?뚯씠?꾧? ?ロ엳??以묒엯?덈떎
	at java.base/java.io.FileOutputStream.writeBytes(Native Method)
	at java.base/java.io.FileOutputStream.write(FileOutputStream.jav
a:367)
	at java.base/java.io.BufferedOutputStream.flushBuffer(BufferedOu
tputStream.java:125)
	at java.base/java.io.BufferedOutputStream.implFlush(BufferedOutp
utStream.java:252)
	at java.base/java.io.BufferedOutputStream.flush(BufferedOutputSt
ream.java:240)
	at org.gradle.process.internal.streams.ExecOutputHandleRunner.wr
iteBuffer(ExecOutputHandleRunner.java:98)
	at org.gradle.process.internal.streams.ExecOutputHandleRunner.fo
rwardContent(ExecOutputHandleRunner.java:85)
	at org.gradle.process.internal.streams.ExecOutputHandleRunner.ru
n(ExecOutputHandleRunner.java:64)
	at org.gradle.internal.concurrent.ExecutorPolicy$CatchAndRecordF
ailures.onExecute(ExecutorPolicy.java:64)
	at org.gradle.internal.concurrent.AbstractManagedExecutor$1.run(
AbstractManagedExecutor.java:47)
	at java.base/java.util.concurrent.ThreadPoolExecutor.runWorker(T
hreadPoolExecutor.java:1144)
	at java.base/java.util.concurrent.ThreadPoolExecutor$Worker.run(
ThreadPoolExecutor.java:642)
	at java.base/java.lang.Thread.run(Thread.java:1583)
Could not write standard input to Gradle Test Executor 43.
java.io.IOException: ?뚯씠?꾧? ?ロ엳??以묒엯?덈떎
	at java.base/java.io.FileOutputStream.writeBytes(Native Method)
	at java.base/java.io.FileOutputStream.write(FileOutputStream.jav
a:367)
	at java.base/java.io.BufferedOutputStream.flushBuffer(BufferedOu
tputStream.java:125)
	at java.base/java.io.BufferedOutputStream.implFlush(BufferedOutp
utStream.java:252)
	at java.base/java.io.BufferedOutputStream.flush(BufferedOutputSt
ream.java:240)
	at org.gradle.process.internal.streams.ExecOutputHandleRunner.wr
iteBuffer(ExecOutputHandleRunner.java:98)
	at org.gradle.process.internal.streams.ExecOutputHandleRunner.fo
rwardContent(ExecOutputHandleRunner.java:85)
	at org.gradle.process.internal.streams.ExecOutputHandleRunner.ru
n(ExecOutputHandleRunner.java:64)
	at org.gradle.internal.concurrent.ExecutorPolicy$CatchAndRecordF
ailures.onExecute(ExecutorPolicy.java:64)
	at org.gradle.internal.concurrent.AbstractManagedExecutor$1.run(
AbstractManagedExecutor.java:47)
	at java.base/java.util.concurrent.ThreadPoolExecutor.runWorker(T
hreadPoolExecutor.java:1144)
	at java.base/java.util.concurrent.ThreadPoolExecutor$Worker.run(
ThreadPoolExecutor.java:642)
	at java.base/java.lang.Thread.run(Thread.java:1583)
Could not write standard input to Gradle Test Executor 44.
java.io.IOException: ?뚯씠?꾧? ?ロ엳??以묒엯?덈떎
	at java.base/java.io.FileOutputStream.writeBytes(Native Method)
	at java.base/java.io.FileOutputStream.write(FileOutputStream.jav
a:367)
	at java.base/java.io.BufferedOutputStream.flushBuffer(BufferedOu
tputStream.java:125)
	at java.base/java.io.BufferedOutputStream.implFlush(BufferedOutp
utStream.java:252)
	at java.base/java.io.BufferedOutputStream.flush(BufferedOutputSt
ream.java:240)
	at org.gradle.process.internal.streams.ExecOutputHandleRunner.wr
iteBuffer(ExecOutputHandleRunner.java:98)
	at org.gradle.process.internal.streams.ExecOutputHandleRunner.fo
rwardContent(ExecOutputHandleRunner.java:85)
	at org.gradle.process.internal.streams.ExecOutputHandleRunner.ru
n(ExecOutputHandleRunner.java:64)
	at org.gradle.internal.concurrent.ExecutorPolicy$CatchAndRecordF
ailures.onExecute(ExecutorPolicy.java:64)
	at org.gradle.internal.concurrent.AbstractManagedExecutor$1.run(
AbstractManagedExecutor.java:47)
	at java.base/java.util.concurrent.ThreadPoolExecutor.runWorker(T
hreadPoolExecutor.java:1144)
	at java.base/java.util.concurrent.ThreadPoolExecutor$Worker.run(
ThreadPoolExecutor.java:642)
	at java.base/java.lang.Thread.run(Thread.java:1583)
Could not write standard input to Gradle Test Executor 45.
java.io.IOException: ?뚯씠?꾧? ?ロ엳??以묒엯?덈떎
	at java.base/java.io.FileOutputStream.writeBytes(Native Method)
	at java.base/java.io.FileOutputStream.write(FileOutputStream.jav
a:367)
	at java.base/java.io.BufferedOutputStream.flushBuffer(BufferedOu
tputStream.java:125)
	at java.base/java.io.BufferedOutputStream.implFlush(BufferedOutp
utStream.java:252)
	at java.base/java.io.BufferedOutputStream.flush(BufferedOutputSt
ream.java:240)
	at org.gradle.process.internal.streams.ExecOutputHandleRunner.wr
iteBuffer(ExecOutputHandleRunner.java:98)
	at org.gradle.process.internal.streams.ExecOutputHandleRunner.fo
rwardContent(ExecOutputHandleRunner.java:85)
	at org.gradle.process.internal.streams.ExecOutputHandleRunner.ru
n(ExecOutputHandleRunner.java:64)
	at org.gradle.internal.concurrent.ExecutorPolicy$CatchAndRecordF
ailures.onExecute(ExecutorPolicy.java:64)
	at org.gradle.internal.concurrent.AbstractManagedExecutor$1.run(
AbstractManagedExecutor.java:47)
	at java.base/java.util.concurrent.ThreadPoolExecutor.runWorker(T
hreadPoolExecutor.java:1144)
	at java.base/java.util.concurrent.ThreadPoolExecutor$Worker.run(
ThreadPoolExecutor.java:642)
	at java.base/java.lang.Thread.run(Thread.java:1583)
Could not write standard input to Gradle Test Executor 46.
java.io.IOException: ?뚯씠?꾧? ?ロ엳??以묒엯?덈떎
	at java.base/java.io.FileOutputStream.writeBytes(Native Method)
	at java.base/java.io.FileOutputStream.write(FileOutputStream.jav
a:367)
	at java.base/java.io.BufferedOutputStream.flushBuffer(BufferedOu
tputStream.java:125)
	at java.base/java.io.BufferedOutputStream.implFlush(BufferedOutp
utStream.java:252)
	at java.base/java.io.BufferedOutputStream.flush(BufferedOutputSt
ream.java:240)
	at org.gradle.process.internal.streams.ExecOutputHandleRunner.wr
iteBuffer(ExecOutputHandleRunner.java:98)
	at org.gradle.process.internal.streams.ExecOutputHandleRunner.fo
rwardContent(ExecOutputHandleRunner.java:85)
	at org.gradle.process.internal.streams.ExecOutputHandleRunner.ru
n(ExecOutputHandleRunner.java:64)
	at org.gradle.internal.concurrent.ExecutorPolicy$CatchAndRecordF
ailures.onExecute(ExecutorPolicy.java:64)
	at org.gradle.internal.concurrent.AbstractManagedExecutor$1.run(
AbstractManagedExecutor.java:47)
	at java.base/java.util.concurrent.ThreadPoolExecutor.runWorker(T
hreadPoolExecutor.java:1144)
	at java.base/java.util.concurrent.ThreadPoolExecutor$Worker.run(
ThreadPoolExecutor.java:642)
	at java.base/java.lang.Thread.run(Thread.java:1583)
Could not write standard input to Gradle Test Executor 47.
java.io.IOException: ?뚯씠?꾧? ?ロ엳??以묒엯?덈떎
	at java.base/java.io.FileOutputStream.writeBytes(Native Method)
	at java.base/java.io.FileOutputStream.write(FileOutputStream.jav
a:367)
	at java.base/java.io.BufferedOutputStream.flushBuffer(BufferedOu
tputStream.java:125)
	at java.base/java.io.BufferedOutputStream.implFlush(BufferedOutp
utStream.java:252)
	at java.base/java.io.BufferedOutputStream.flush(BufferedOutputSt
ream.java:240)
	at org.gradle.process.internal.streams.ExecOutputHandleRunner.wr
iteBuffer(ExecOutputHandleRunner.java:98)
	at org.gradle.process.internal.streams.ExecOutputHandleRunner.fo
rwardContent(ExecOutputHandleRunner.java:85)
	at org.gradle.process.internal.streams.ExecOutputHandleRunner.ru
n(ExecOutputHandleRunner.java:64)
	at org.gradle.internal.concurrent.ExecutorPolicy$CatchAndRecordF
ailures.onExecute(ExecutorPolicy.java:64)
	at org.gradle.internal.concurrent.AbstractManagedExecutor$1.run(
AbstractManagedExecutor.java:47)
	at java.base/java.util.concurrent.ThreadPoolExecutor.runWorker(T
hreadPoolExecutor.java:1144)
	at java.base/java.util.concurrent.ThreadPoolExecutor$Worker.run(
ThreadPoolExecutor.java:642)
	at java.base/java.lang.Thread.run(Thread.java:1583)
Could not write standard input to Gradle Test Executor 48.
java.io.IOException: ?뚯씠?꾧? ?ロ엳??以묒엯?덈떎
	at java.base/java.io.FileOutputStream.writeBytes(Native Method)
	at java.base/java.io.FileOutputStream.write(FileOutputStream.jav
a:367)
	at java.base/java.io.BufferedOutputStream.flushBuffer(BufferedOu
tputStream.java:125)
	at java.base/java.io.BufferedOutputStream.implFlush(BufferedOutp
utStream.java:252)
	at java.base/java.io.BufferedOutputStream.flush(BufferedOutputSt
ream.java:240)
	at org.gradle.process.internal.streams.ExecOutputHandleRunner.wr
iteBuffer(ExecOutputHandleRunner.java:98)
	at org.gradle.process.internal.streams.ExecOutputHandleRunner.fo
rwardContent(ExecOutputHandleRunner.java:85)
	at org.gradle.process.internal.streams.ExecOutputHandleRunner.ru
n(ExecOutputHandleRunner.java:64)
	at org.gradle.internal.concurrent.ExecutorPolicy$CatchAndRecordF
ailures.onExecute(ExecutorPolicy.java:64)
	at org.gradle.internal.concurrent.AbstractManagedExecutor$1.run(
AbstractManagedExecutor.java:47)
	at java.base/java.util.concurrent.ThreadPoolExecutor.runWorker(T
hreadPoolExecutor.java:1144)
	at java.base/java.util.concurrent.ThreadPoolExecutor$Worker.run(
ThreadPoolExecutor.java:642)
	at java.base/java.lang.Thread.run(Thread.java:1583)

> Task :lumia-core:test
Process 'Gradle Test Executor 36' finished with non-zero exit val
ue 1
org.gradle.process.ProcessExecutionException: Process 'Gradle Tes
t Executor 36' finished with non-zero exit value 1
	at org.gradle.process.internal.DefaultExecHandle$ExecResultImpl.
assertNormalExitValue(DefaultExecHandle.java:450)
	at org.gradle.process.internal.worker.DefaultWorkerProcess.onPro
cessStop(DefaultWorkerProcess.java:146)
	at org.gradle.process.internal.worker.DefaultWorkerProcess.acces
s$000(DefaultWorkerProcess.java:43)
	at org.gradle.process.internal.worker.DefaultWorkerProcess$1.exe
cutionFinished(DefaultWorkerProcess.java:99)
	at java.base/jdk.internal.reflect.DirectMethodHandleAccessor.inv
oke(DirectMethodHandleAccessor.java:103)
	at java.base/java.lang.reflect.Method.invoke(Method.java:580)
	at org.gradle.internal.dispatch.MethodInvocation.invokeOn(Method
Invocation.java:77)
	at org.gradle.internal.dispatch.ReflectionDispatch.dispatch(Refl
ectionDispatch.java:28)
	at org.gradle.internal.dispatch.ReflectionDispatch.dispatch(Refl
ectionDispatch.java:19)
	at org.gradle.internal.event.AbstractBroadcastDispatch.dispatch(
AbstractBroadcastDispatch.java:44)
	at org.gradle.internal.event.BroadcastDispatch$SingletonDispatch
.dispatch(BroadcastDispatch.java:270)
	at org.gradle.internal.event.BroadcastDispatch$SingletonDispatch
.dispatch(BroadcastDispatch.java:172)
	at org.gradle.internal.event.ListenerBroadcast.dispatch(Listener
Broadcast.java:160)
	at org.gradle.internal.event.ListenerBroadcast.dispatch(Listener
Broadcast.java:37)
	at org.gradle.internal.dispatch.ProxyDispatchAdapter$Dispatching
InvocationHandler.invoke(ProxyDispatchAdapter.java:88)
	at jdk.proxy1/jdk.proxy1.$Proxy136.executionFinished(Unknown Sou
rce)
	at org.gradle.process.internal.DefaultExecHandle.setEndStateInfo
(DefaultExecHandle.java:222)
	at org.gradle.process.internal.DefaultExecHandle.finished(Defaul
tExecHandle.java:389)
	at org.gradle.process.internal.ExecHandleRunner.completed(ExecHa
ndleRunner.java:164)
	at org.gradle.process.internal.ExecHandleRunner.lambda$run$2(Exe
cHandleRunner.java:127)
	at org.gradle.internal.operations.CurrentBuildOperationRef.with(
CurrentBuildOperationRef.java:84)
	at org.gradle.process.internal.ExecHandleRunner.run(ExecHandleRu
nner.java:125)
	at org.gradle.internal.concurrent.ExecutorPolicy$CatchAndRecordF
ailures.onExecute(ExecutorPolicy.java:64)
	at org.gradle.internal.concurrent.AbstractManagedExecutor$1.run(
AbstractManagedExecutor.java:47)
	at java.base/java.util.concurrent.ThreadPoolExecutor.runWorker(T
hreadPoolExecutor.java:1144)
	at java.base/java.util.concurrent.ThreadPoolExecutor$Worker.run(
ThreadPoolExecutor.java:642)
	at java.base/java.lang.Thread.run(Thread.java:1583)
Error: Could not find or load main class worker.org.gradle.proces
s.internal.worker.GradleWorkerMain
Caused by: java.lang.ClassNotFoundException: worker.org.gradle.pr
ocess.internal.worker.GradleWorkerMain
Process 'Gradle Test Executor 37' finished with non-zero exit val
ue 1
org.gradle.process.ProcessExecutionException: Process 'Gradle Tes
t Executor 37' finished with non-zero exit value 1
	at org.gradle.process.internal.DefaultExecHandle$ExecResultImpl.
assertNormalExitValue(DefaultExecHandle.java:450)
	at org.gradle.process.internal.worker.DefaultWorkerProcess.onPro
cessStop(DefaultWorkerProcess.java:146)
	at org.gradle.process.internal.worker.DefaultWorkerProcess.acces
s$000(DefaultWorkerProcess.java:43)
	at org.gradle.process.internal.worker.DefaultWorkerProcess$1.exe
cutionFinished(DefaultWorkerProcess.java:99)
	at java.base/jdk.internal.reflect.DirectMethodHandleAccessor.inv
oke(DirectMethodHandleAccessor.java:103)
	at java.base/java.lang.reflect.Method.invoke(Method.java:580)
	at org.gradle.internal.dispatch.MethodInvocation.invokeOn(Method
Invocation.java:77)
	at org.gradle.internal.dispatch.ReflectionDispatch.dispatch(Refl
ectionDispatch.java:28)
	at org.gradle.internal.dispatch.ReflectionDispatch.dispatch(Refl
ectionDispatch.java:19)
	at org.gradle.internal.event.AbstractBroadcastDispatch.dispatch(
AbstractBroadcastDispatch.java:44)
	at org.gradle.internal.event.BroadcastDispatch$SingletonDispatch
.dispatch(BroadcastDispatch.java:270)
	at org.gradle.internal.event.BroadcastDispatch$SingletonDispatch
.dispatch(BroadcastDispatch.java:172)
	at org.gradle.internal.event.ListenerBroadcast.dispatch(Listener
Broadcast.java:160)
	at org.gradle.internal.event.ListenerBroadcast.dispatch(Listener
Broadcast.java:37)
	at org.gradle.internal.dispatch.ProxyDispatchAdapter$Dispatching
InvocationHandler.invoke(ProxyDispatchAdapter.java:88)
	at jdk.proxy1/jdk.proxy1.$Proxy136.executionFinished(Unknown Sou
rce)
	at org.gradle.process.internal.DefaultExecHandle.setEndStateInfo
(DefaultExecHandle.java:222)
	at org.gradle.process.internal.DefaultExecHandle.finished(Defaul
tExecHandle.java:389)
	at org.gradle.process.internal.ExecHandleRunner.completed(ExecHa
ndleRunner.java:164)
	at org.gradle.process.internal.ExecHandleRunner.lambda$run$2(Exe
cHandleRunner.java:127)
	at org.gradle.internal.operations.CurrentBuildOperationRef.with(
CurrentBuildOperationRef.java:84)
	at org.gradle.process.internal.ExecHandleRunner.run(ExecHandleRu
nner.java:125)
	at org.gradle.internal.concurrent.ExecutorPolicy$CatchAndRecordF
ailures.onExecute(ExecutorPolicy.java:64)
	at org.gradle.internal.concurrent.AbstractManagedExecutor$1.run(
AbstractManagedExecutor.java:47)
	at java.base/java.util.concurrent.ThreadPoolExecutor.runWorker(T
hreadPoolExecutor.java:1144)
	at java.base/java.util.concurrent.ThreadPoolExecutor$Worker.run(
ThreadPoolExecutor.java:642)
	at java.base/java.lang.Thread.run(Thread.java:1583)
Error: Could not find or load main class worker.org.gradle.proces
s.internal.worker.GradleWorkerMain
Caused by: java.lang.ClassNotFoundException: worker.org.gradle.pr
ocess.internal.worker.GradleWorkerMain
Process 'Gradle Test Executor 38' finished with non-zero exit val
ue 1
org.gradle.process.ProcessExecutionException: Process 'Gradle Tes
t Executor 38' finished with non-zero exit value 1
	at org.gradle.process.internal.DefaultExecHandle$ExecResultImpl.
assertNormalExitValue(DefaultExecHandle.java:450)
	at org.gradle.process.internal.worker.DefaultWorkerProcess.onPro
cessStop(DefaultWorkerProcess.java:146)
	at org.gradle.process.internal.worker.DefaultWorkerProcess.acces
s$000(DefaultWorkerProcess.java:43)
	at org.gradle.process.internal.worker.DefaultWorkerProcess$1.exe
cutionFinished(DefaultWorkerProcess.java:99)
	at java.base/jdk.internal.reflect.DirectMethodHandleAccessor.inv
oke(DirectMethodHandleAccessor.java:103)
	at java.base/java.lang.reflect.Method.invoke(Method.java:580)
	at org.gradle.internal.dispatch.MethodInvocation.invokeOn(Method
Invocation.java:77)
	at org.gradle.internal.dispatch.ReflectionDispatch.dispatch(Refl
ectionDispatch.java:28)
	at org.gradle.internal.dispatch.ReflectionDispatch.dispatch(Refl
ectionDispatch.java:19)
	at org.gradle.internal.event.AbstractBroadcastDispatch.dispatch(
AbstractBroadcastDispatch.java:44)
	at org.gradle.internal.event.BroadcastDispatch$SingletonDispatch
.dispatch(BroadcastDispatch.java:270)
	at org.gradle.internal.event.BroadcastDispatch$SingletonDispatch
.dispatch(BroadcastDispatch.java:172)
	at org.gradle.internal.event.ListenerBroadcast.dispatch(Listener
Broadcast.java:160)
	at org.gradle.internal.event.ListenerBroadcast.dispatch(Listener
Broadcast.java:37)
	at org.gradle.internal.dispatch.ProxyDispatchAdapter$Dispatching
InvocationHandler.invoke(ProxyDispatchAdapter.java:88)
	at jdk.proxy1/jdk.proxy1.$Proxy136.executionFinished(Unknown Sou
rce)
	at org.gradle.process.internal.DefaultExecHandle.setEndStateInfo
(DefaultExecHandle.java:222)
	at org.gradle.process.internal.DefaultExecHandle.finished(Defaul
tExecHandle.java:389)
	at org.gradle.process.internal.ExecHandleRunner.completed(ExecHa
ndleRunner.java:164)
	at org.gradle.process.internal.ExecHandleRunner.lambda$run$2(Exe
cHandleRunner.java:127)
	at org.gradle.internal.operations.CurrentBuildOperationRef.with(
CurrentBuildOperationRef.java:84)
	at org.gradle.process.internal.ExecHandleRunner.run(ExecHandleRu
nner.java:125)
	at org.gradle.internal.concurrent.ExecutorPolicy$CatchAndRecordF
ailures.onExecute(ExecutorPolicy.java:64)
	at org.gradle.internal.concurrent.AbstractManagedExecutor$1.run(
AbstractManagedExecutor.java:47)
	at java.base/java.util.concurrent.ThreadPoolExecutor.runWorker(T
hreadPoolExecutor.java:1144)
	at java.base/java.util.concurrent.ThreadPoolExecutor$Worker.run(
ThreadPoolExecutor.java:642)
	at java.base/java.lang.Thread.run(Thread.java:1583)
Error: Could not find or load main class worker.org.gradle.proces
s.internal.worker.GradleWorkerMain
Caused by: java.lang.ClassNotFoundException: worker.org.gradle.pr
ocess.internal.worker.GradleWorkerMain
Process 'Gradle Test Executor 39' finished with non-zero exit val
ue 1
org.gradle.process.ProcessExecutionException: Process 'Gradle Tes
t Executor 39' finished with non-zero exit value 1
	at org.gradle.process.internal.DefaultExecHandle$ExecResultImpl.
assertNormalExitValue(DefaultExecHandle.java:450)
	at org.gradle.process.internal.worker.DefaultWorkerProcess.onPro
cessStop(DefaultWorkerProcess.java:146)
	at org.gradle.process.internal.worker.DefaultWorkerProcess.acces
s$000(DefaultWorkerProcess.java:43)
	at org.gradle.process.internal.worker.DefaultWorkerProcess$1.exe
cutionFinished(DefaultWorkerProcess.java:99)
	at java.base/jdk.internal.reflect.DirectMethodHandleAccessor.inv
oke(DirectMethodHandleAccessor.java:103)
	at java.base/java.lang.reflect.Method.invoke(Method.java:580)
	at org.gradle.internal.dispatch.MethodInvocation.invokeOn(Method
Invocation.java:77)
	at org.gradle.internal.dispatch.ReflectionDispatch.dispatch(Refl
ectionDispatch.java:28)
	at org.gradle.internal.dispatch.ReflectionDispatch.dispatch(Refl
ectionDispatch.java:19)
	at org.gradle.internal.event.AbstractBroadcastDispatch.dispatch(
AbstractBroadcastDispatch.java:44)
	at org.gradle.internal.event.BroadcastDispatch$SingletonDispatch
.dispatch(BroadcastDispatch.java:270)
	at org.gradle.internal.event.BroadcastDispatch$SingletonDispatch
.dispatch(BroadcastDispatch.java:172)
	at org.gradle.internal.event.ListenerBroadcast.dispatch(Listener
Broadcast.java:160)
	at org.gradle.internal.event.ListenerBroadcast.dispatch(Listener
Broadcast.java:37)
	at org.gradle.internal.dispatch.ProxyDispatchAdapter$Dispatching
InvocationHandler.invoke(ProxyDispatchAdapter.java:88)
	at jdk.proxy1/jdk.proxy1.$Proxy136.executionFinished(Unknown Sou
rce)
	at org.gradle.process.internal.DefaultExecHandle.setEndStateInfo
(DefaultExecHandle.java:222)
	at org.gradle.process.internal.DefaultExecHandle.finished(Defaul
tExecHandle.java:389)
	at org.gradle.process.internal.ExecHandleRunner.completed(ExecHa
ndleRunner.java:164)
	at org.gradle.process.internal.ExecHandleRunner.lambda$run$2(Exe
cHandleRunner.java:127)
	at org.gradle.internal.operations.CurrentBuildOperationRef.with(
CurrentBuildOperationRef.java:84)
	at org.gradle.process.internal.ExecHandleRunner.run(ExecHandleRu
nner.java:125)
	at org.gradle.internal.concurrent.ExecutorPolicy$CatchAndRecordF
ailures.onExecute(ExecutorPolicy.java:64)
	at org.gradle.internal.concurrent.AbstractManagedExecutor$1.run(
AbstractManagedExecutor.java:47)
	at java.base/java.util.concurrent.ThreadPoolExecutor.runWorker(T
hreadPoolExecutor.java:1144)
	at java.base/java.util.concurrent.ThreadPoolExecutor$Worker.run(
ThreadPoolExecutor.java:642)
	at java.base/java.lang.Thread.run(Thread.java:1583)
Error: Could not find or load main class worker.org.gradle.proces
s.internal.worker.GradleWorkerMain
Caused by: java.lang.ClassNotFoundException: worker.org.gradle.pr
ocess.internal.worker.GradleWorkerMain
Process 'Gradle Test Executor 40' finished with non-zero exit val
ue 1
org.gradle.process.ProcessExecutionException: Process 'Gradle Tes
t Executor 40' finished with non-zero exit value 1
	at org.gradle.process.internal.DefaultExecHandle$ExecResultImpl.
assertNormalExitValue(DefaultExecHandle.java:450)
	at org.gradle.process.internal.worker.DefaultWorkerProcess.onPro
cessStop(DefaultWorkerProcess.java:146)
	at org.gradle.process.internal.worker.DefaultWorkerProcess.acces
s$000(DefaultWorkerProcess.java:43)
	at org.gradle.process.internal.worker.DefaultWorkerProcess$1.exe
cutionFinished(DefaultWorkerProcess.java:99)
	at java.base/jdk.internal.reflect.DirectMethodHandleAccessor.inv
oke(DirectMethodHandleAccessor.java:103)
	at java.base/java.lang.reflect.Method.invoke(Method.java:580)
	at org.gradle.internal.dispatch.MethodInvocation.invokeOn(Method
Invocation.java:77)
	at org.gradle.internal.dispatch.ReflectionDispatch.dispatch(Refl
ectionDispatch.java:28)
	at org.gradle.internal.dispatch.ReflectionDispatch.dispatch(Refl
ectionDispatch.java:19)
	at org.gradle.internal.event.AbstractBroadcastDispatch.dispatch(
AbstractBroadcastDispatch.java:44)
	at org.gradle.internal.event.BroadcastDispatch$SingletonDispatch
.dispatch(BroadcastDispatch.java:270)
	at org.gradle.internal.event.BroadcastDispatch$SingletonDispatch
.dispatch(BroadcastDispatch.java:172)
	at org.gradle.internal.event.ListenerBroadcast.dispatch(Listener
Broadcast.java:160)
	at org.gradle.internal.event.ListenerBroadcast.dispatch(Listener
Broadcast.java:37)
	at org.gradle.internal.dispatch.ProxyDispatchAdapter$Dispatching
InvocationHandler.invoke(ProxyDispatchAdapter.java:88)
	at jdk.proxy1/jdk.proxy1.$Proxy136.executionFinished(Unknown Sou
rce)
	at org.gradle.process.internal.DefaultExecHandle.setEndStateInfo
(DefaultExecHandle.java:222)
	at org.gradle.process.internal.DefaultExecHandle.finished(Defaul
tExecHandle.java:389)
	at org.gradle.process.internal.ExecHandleRunner.completed(ExecHa
ndleRunner.java:164)
	at org.gradle.process.internal.ExecHandleRunner.lambda$run$2(Exe
cHandleRunner.java:127)
	at org.gradle.internal.operations.CurrentBuildOperationRef.with(
CurrentBuildOperationRef.java:84)
	at org.gradle.process.internal.ExecHandleRunner.run(ExecHandleRu
nner.java:125)
	at org.gradle.internal.concurrent.ExecutorPolicy$CatchAndRecordF
ailures.onExecute(ExecutorPolicy.java:64)
	at org.gradle.internal.concurrent.AbstractManagedExecutor$1.run(
AbstractManagedExecutor.java:47)
	at java.base/java.util.concurrent.ThreadPoolExecutor.runWorker(T
hreadPoolExecutor.java:1144)
	at java.base/java.util.concurrent.ThreadPoolExecutor$Worker.run(
ThreadPoolExecutor.java:642)
	at java.base/java.lang.Thread.run(Thread.java:1583)
Error: Could not find or load main class worker.org.gradle.proces
s.internal.worker.GradleWorkerMain
Caused by: java.lang.ClassNotFoundException: worker.org.gradle.pr
ocess.internal.worker.GradleWorkerMain
Process 'Gradle Test Executor 41' finished with non-zero exit val
ue 1
org.gradle.process.ProcessExecutionException: Process 'Gradle Tes
t Executor 41' finished with non-zero exit value 1
	at org.gradle.process.internal.DefaultExecHandle$ExecResultImpl.
assertNormalExitValue(DefaultExecHandle.java:450)
	at org.gradle.process.internal.worker.DefaultWorkerProcess.onPro
cessStop(DefaultWorkerProcess.java:146)
	at org.gradle.process.internal.worker.DefaultWorkerProcess.acces
s$000(DefaultWorkerProcess.java:43)
	at org.gradle.process.internal.worker.DefaultWorkerProcess$1.exe
cutionFinished(DefaultWorkerProcess.java:99)
	at java.base/jdk.internal.reflect.DirectMethodHandleAccessor.inv
oke(DirectMethodHandleAccessor.java:103)
	at java.base/java.lang.reflect.Method.invoke(Method.java:580)
	at org.gradle.internal.dispatch.MethodInvocation.invokeOn(Method
Invocation.java:77)
	at org.gradle.internal.dispatch.ReflectionDispatch.dispatch(Refl
ectionDispatch.java:28)
	at org.gradle.internal.dispatch.ReflectionDispatch.dispatch(Refl
ectionDispatch.java:19)
	at org.gradle.internal.event.AbstractBroadcastDispatch.dispatch(
AbstractBroadcastDispatch.java:44)
	at org.gradle.internal.event.BroadcastDispatch$SingletonDispatch
.dispatch(BroadcastDispatch.java:270)
	at org.gradle.internal.event.BroadcastDispatch$SingletonDispatch
.dispatch(BroadcastDispatch.java:172)
	at org.gradle.internal.event.ListenerBroadcast.dispatch(Listener
Broadcast.java:160)
	at org.gradle.internal.event.ListenerBroadcast.dispatch(Listener
Broadcast.java:37)
	at org.gradle.internal.dispatch.ProxyDispatchAdapter$Dispatching
InvocationHandler.invoke(ProxyDispatchAdapter.java:88)
	at jdk.proxy1/jdk.proxy1.$Proxy136.executionFinished(Unknown Sou
rce)
	at org.gradle.process.internal.DefaultExecHandle.setEndStateInfo
(DefaultExecHandle.java:222)
	at org.gradle.process.internal.DefaultExecHandle.finished(Defaul
tExecHandle.java:389)
	at org.gradle.process.internal.ExecHandleRunner.completed(ExecHa
ndleRunner.java:164)
	at org.gradle.process.internal.ExecHandleRunner.lambda$run$2(Exe
cHandleRunner.java:127)
	at org.gradle.internal.operations.CurrentBuildOperationRef.with(
CurrentBuildOperationRef.java:84)
	at org.gradle.process.internal.ExecHandleRunner.run(ExecHandleRu
nner.java:125)
	at org.gradle.internal.concurrent.ExecutorPolicy$CatchAndRecordF
ailures.onExecute(ExecutorPolicy.java:64)
	at org.gradle.internal.concurrent.AbstractManagedExecutor$1.run(
AbstractManagedExecutor.java:47)
	at java.base/java.util.concurrent.ThreadPoolExecutor.runWorker(T
hreadPoolExecutor.java:1144)
	at java.base/java.util.concurrent.ThreadPoolExecutor$Worker.run(
ThreadPoolExecutor.java:642)
	at java.base/java.lang.Thread.run(Thread.java:1583)
Error: Could not find or load main class worker.org.gradle.proces
s.internal.worker.GradleWorkerMain
Caused by: java.lang.ClassNotFoundException: worker.org.gradle.pr
ocess.internal.worker.GradleWorkerMain
Process 'Gradle Test Executor 42' finished with non-zero exit val
ue 1
org.gradle.process.ProcessExecutionException: Process 'Gradle Tes
t Executor 42' finished with non-zero exit value 1
	at org.gradle.process.internal.DefaultExecHandle$ExecResultImpl.
assertNormalExitValue(DefaultExecHandle.java:450)
	at org.gradle.process.internal.worker.DefaultWorkerProcess.onPro
cessStop(DefaultWorkerProcess.java:146)
	at org.gradle.process.internal.worker.DefaultWorkerProcess.acces
s$000(DefaultWorkerProcess.java:43)
	at org.gradle.process.internal.worker.DefaultWorkerProcess$1.exe
cutionFinished(DefaultWorkerProcess.java:99)
	at java.base/jdk.internal.reflect.DirectMethodHandleAccessor.inv
oke(DirectMethodHandleAccessor.java:103)
	at java.base/java.lang.reflect.Method.invoke(Method.java:580)
	at org.gradle.internal.dispatch.MethodInvocation.invokeOn(Method
Invocation.java:77)
	at org.gradle.internal.dispatch.ReflectionDispatch.dispatch(Refl
ectionDispatch.java:28)
	at org.gradle.internal.dispatch.ReflectionDispatch.dispatch(Refl
ectionDispatch.java:19)
	at org.gradle.internal.event.AbstractBroadcastDispatch.dispatch(
AbstractBroadcastDispatch.java:44)
	at org.gradle.internal.event.BroadcastDispatch$SingletonDispatch
.dispatch(BroadcastDispatch.java:270)
	at org.gradle.internal.event.BroadcastDispatch$SingletonDispatch
.dispatch(BroadcastDispatch.java:172)
	at org.gradle.internal.event.ListenerBroadcast.dispatch(Listener
Broadcast.java:160)
	at org.gradle.internal.event.ListenerBroadcast.dispatch(Listener
Broadcast.java:37)
	at org.gradle.internal.dispatch.ProxyDispatchAdapter$Dispatching
InvocationHandler.invoke(ProxyDispatchAdapter.java:88)
	at jdk.proxy1/jdk.proxy1.$Proxy136.executionFinished(Unknown Sou
rce)
	at org.gradle.process.internal.DefaultExecHandle.setEndStateInfo
(DefaultExecHandle.java:222)
	at org.gradle.process.internal.DefaultExecHandle.finished(Defaul
tExecHandle.java:389)
	at org.gradle.process.internal.ExecHandleRunner.completed(ExecHa
ndleRunner.java:164)
	at org.gradle.process.internal.ExecHandleRunner.lambda$run$2(Exe
cHandleRunner.java:127)
	at org.gradle.internal.operations.CurrentBuildOperationRef.with(
CurrentBuildOperationRef.java:84)
	at org.gradle.process.internal.ExecHandleRunner.run(ExecHandleRu
nner.java:125)
	at org.gradle.internal.concurrent.ExecutorPolicy$CatchAndRecordF
ailures.onExecute(ExecutorPolicy.java:64)
	at org.gradle.internal.concurrent.AbstractManagedExecutor$1.run(
AbstractManagedExecutor.java:47)
	at java.base/java.util.concurrent.ThreadPoolExecutor.runWorker(T
hreadPoolExecutor.java:1144)
	at java.base/java.util.concurrent.ThreadPoolExecutor$Worker.run(
ThreadPoolExecutor.java:642)
	at java.base/java.lang.Thread.run(Thread.java:1583)
Error: Could not find or load main class worker.org.gradle.proces
s.internal.worker.GradleWorkerMain
Caused by: java.lang.ClassNotFoundException: worker.org.gradle.pr
ocess.internal.worker.GradleWorkerMain
Process 'Gradle Test Executor 43' finished with non-zero exit val
ue 1
org.gradle.process.ProcessExecutionException: Process 'Gradle Tes
t Executor 43' finished with non-zero exit value 1
	at org.gradle.process.internal.DefaultExecHandle$ExecResultImpl.
assertNormalExitValue(DefaultExecHandle.java:450)
	at org.gradle.process.internal.worker.DefaultWorkerProcess.onPro
cessStop(DefaultWorkerProcess.java:146)
	at org.gradle.process.internal.worker.DefaultWorkerProcess.acces
s$000(DefaultWorkerProcess.java:43)
	at org.gradle.process.internal.worker.DefaultWorkerProcess$1.exe
cutionFinished(DefaultWorkerProcess.java:99)
	at java.base/jdk.internal.reflect.DirectMethodHandleAccessor.inv
oke(DirectMethodHandleAccessor.java:103)
	at java.base/java.lang.reflect.Method.invoke(Method.java:580)
	at org.gradle.internal.dispatch.MethodInvocation.invokeOn(Method
Invocation.java:77)
	at org.gradle.internal.dispatch.ReflectionDispatch.dispatch(Refl
ectionDispatch.java:28)
	at org.gradle.internal.dispatch.ReflectionDispatch.dispatch(Refl
ectionDispatch.java:19)
	at org.gradle.internal.event.AbstractBroadcastDispatch.dispatch(
AbstractBroadcastDispatch.java:44)
	at org.gradle.internal.event.BroadcastDispatch$SingletonDispatch
.dispatch(BroadcastDispatch.java:270)
	at org.gradle.internal.event.BroadcastDispatch$SingletonDispatch
.dispatch(BroadcastDispatch.java:172)
	at org.gradle.internal.event.ListenerBroadcast.dispatch(Listener
Broadcast.java:160)
	at org.gradle.internal.event.ListenerBroadcast.dispatch(Listener
Broadcast.java:37)
	at org.gradle.internal.dispatch.ProxyDispatchAdapter$Dispatching
InvocationHandler.invoke(ProxyDispatchAdapter.java:88)
	at jdk.proxy1/jdk.proxy1.$Proxy136.executionFinished(Unknown Sou
rce)
	at org.gradle.process.internal.DefaultExecHandle.setEndStateInfo
(DefaultExecHandle.java:222)
	at org.gradle.process.internal.DefaultExecHandle.finished(Defaul
tExecHandle.java:389)
	at org.gradle.process.internal.ExecHandleRunner.completed(ExecHa
ndleRunner.java:164)
	at org.gradle.process.internal.ExecHandleRunner.lambda$run$2(Exe
cHandleRunner.java:127)
	at org.gradle.internal.operations.CurrentBuildOperationRef.with(
CurrentBuildOperationRef.java:84)
	at org.gradle.process.internal.ExecHandleRunner.run(ExecHandleRu
nner.java:125)
	at org.gradle.internal.concurrent.ExecutorPolicy$CatchAndRecordF
ailures.onExecute(ExecutorPolicy.java:64)
	at org.gradle.internal.concurrent.AbstractManagedExecutor$1.run(
AbstractManagedExecutor.java:47)
	at java.base/java.util.concurrent.ThreadPoolExecutor.runWorker(T
hreadPoolExecutor.java:1144)
	at java.base/java.util.concurrent.ThreadPoolExecutor$Worker.run(
ThreadPoolExecutor.java:642)
	at java.base/java.lang.Thread.run(Thread.java:1583)
Error: Could not find or load main class worker.org.gradle.proces
s.internal.worker.GradleWorkerMain
Caused by: java.lang.ClassNotFoundException: worker.org.gradle.pr
ocess.internal.worker.GradleWorkerMain
Process 'Gradle Test Executor 44' finished with non-zero exit val
ue 1
org.gradle.process.ProcessExecutionException: Process 'Gradle Tes
t Executor 44' finished with non-zero exit value 1
	at org.gradle.process.internal.DefaultExecHandle$ExecResultImpl.
assertNormalExitValue(DefaultExecHandle.java:450)
	at org.gradle.process.internal.worker.DefaultWorkerProcess.onPro
cessStop(DefaultWorkerProcess.java:146)
	at org.gradle.process.internal.worker.DefaultWorkerProcess.acces
s$000(DefaultWorkerProcess.java:43)
	at org.gradle.process.internal.worker.DefaultWorkerProcess$1.exe
cutionFinished(DefaultWorkerProcess.java:99)
	at java.base/jdk.internal.reflect.DirectMethodHandleAccessor.inv
oke(DirectMethodHandleAccessor.java:103)
	at java.base/java.lang.reflect.Method.invoke(Method.java:580)
	at org.gradle.internal.dispatch.MethodInvocation.invokeOn(Method
Invocation.java:77)
	at org.gradle.internal.dispatch.ReflectionDispatch.dispatch(Refl
ectionDispatch.java:28)
	at org.gradle.internal.dispatch.ReflectionDispatch.dispatch(Refl
ectionDispatch.java:19)
	at org.gradle.internal.event.AbstractBroadcastDispatch.dispatch(
AbstractBroadcastDispatch.java:44)
	at org.gradle.internal.event.BroadcastDispatch$SingletonDispatch
.dispatch(BroadcastDispatch.java:270)
	at org.gradle.internal.event.BroadcastDispatch$SingletonDispatch
.dispatch(BroadcastDispatch.java:172)
	at org.gradle.internal.event.ListenerBroadcast.dispatch(Listener
Broadcast.java:160)
	at org.gradle.internal.event.ListenerBroadcast.dispatch(Listener
Broadcast.java:37)
	at org.gradle.internal.dispatch.ProxyDispatchAdapter$Dispatching
InvocationHandler.invoke(ProxyDispatchAdapter.java:88)
	at jdk.proxy1/jdk.proxy1.$Proxy136.executionFinished(Unknown Sou
rce)
	at org.gradle.process.internal.DefaultExecHandle.setEndStateInfo
(DefaultExecHandle.java:222)
	at org.gradle.process.internal.DefaultExecHandle.finished(Defaul
tExecHandle.java:389)
	at org.gradle.process.internal.ExecHandleRunner.completed(ExecHa
ndleRunner.java:164)
	at org.gradle.process.internal.ExecHandleRunner.lambda$run$2(Exe
cHandleRunner.java:127)
	at org.gradle.internal.operations.CurrentBuildOperationRef.with(
CurrentBuildOperationRef.java:84)
	at org.gradle.process.internal.ExecHandleRunner.run(ExecHandleRu
nner.java:125)
	at org.gradle.internal.concurrent.ExecutorPolicy$CatchAndRecordF
ailures.onExecute(ExecutorPolicy.java:64)
	at org.gradle.internal.concurrent.AbstractManagedExecutor$1.run(
AbstractManagedExecutor.java:47)
	at java.base/java.util.concurrent.ThreadPoolExecutor.runWorker(T
hreadPoolExecutor.java:1144)
	at java.base/java.util.concurrent.ThreadPoolExecutor$Worker.run(
ThreadPoolExecutor.java:642)
	at java.base/java.lang.Thread.run(Thread.java:1583)
Error: Could not find or load main class worker.org.gradle.proces
s.internal.worker.GradleWorkerMain
Caused by: java.lang.ClassNotFoundException: worker.org.gradle.pr
ocess.internal.worker.GradleWorkerMain
Process 'Gradle Test Executor 45' finished with non-zero exit val
ue 1
org.gradle.process.ProcessExecutionException: Process 'Gradle Tes
t Executor 45' finished with non-zero exit value 1
	at org.gradle.process.internal.DefaultExecHandle$ExecResultImpl.
assertNormalExitValue(DefaultExecHandle.java:450)
	at org.gradle.process.internal.worker.DefaultWorkerProcess.onPro
cessStop(DefaultWorkerProcess.java:146)
	at org.gradle.process.internal.worker.DefaultWorkerProcess.acces
s$000(DefaultWorkerProcess.java:43)
	at org.gradle.process.internal.worker.DefaultWorkerProcess$1.exe
cutionFinished(DefaultWorkerProcess.java:99)
	at java.base/jdk.internal.reflect.DirectMethodHandleAccessor.inv
oke(DirectMethodHandleAccessor.java:103)
	at java.base/java.lang.reflect.Method.invoke(Method.java:580)
	at org.gradle.internal.dispatch.MethodInvocation.invokeOn(Method
Invocation.java:77)
	at org.gradle.internal.dispatch.ReflectionDispatch.dispatch(Refl
ectionDispatch.java:28)
	at org.gradle.internal.dispatch.ReflectionDispatch.dispatch(Refl
ectionDispatch.java:19)
	at org.gradle.internal.event.AbstractBroadcastDispatch.dispatch(
AbstractBroadcastDispatch.java:44)
	at org.gradle.internal.event.BroadcastDispatch$SingletonDispatch
.dispatch(BroadcastDispatch.java:270)
	at org.gradle.internal.event.BroadcastDispatch$SingletonDispatch
.dispatch(BroadcastDispatch.java:172)
	at org.gradle.internal.event.ListenerBroadcast.dispatch(Listener
Broadcast.java:160)
	at org.gradle.internal.event.ListenerBroadcast.dispatch(Listener
Broadcast.java:37)
	at org.gradle.internal.dispatch.ProxyDispatchAdapter$Dispatching
InvocationHandler.invoke(ProxyDispatchAdapter.java:88)
	at jdk.proxy1/jdk.proxy1.$Proxy136.executionFinished(Unknown Sou
rce)
	at org.gradle.process.internal.DefaultExecHandle.setEndStateInfo
(DefaultExecHandle.java:222)
	at org.gradle.process.internal.DefaultExecHandle.finished(Defaul
tExecHandle.java:389)
	at org.gradle.process.internal.ExecHandleRunner.completed(ExecHa
ndleRunner.java:164)
	at org.gradle.process.internal.ExecHandleRunner.lambda$run$2(Exe
cHandleRunner.java:127)
	at org.gradle.internal.operations.CurrentBuildOperationRef.with(
CurrentBuildOperationRef.java:84)
	at org.gradle.process.internal.ExecHandleRunner.run(ExecHandleRu
nner.java:125)
	at org.gradle.internal.concurrent.ExecutorPolicy$CatchAndRecordF
ailures.onExecute(ExecutorPolicy.java:64)
	at org.gradle.internal.concurrent.AbstractManagedExecutor$1.run(
AbstractManagedExecutor.java:47)
	at java.base/java.util.concurrent.ThreadPoolExecutor.runWorker(T
hreadPoolExecutor.java:1144)
	at java.base/java.util.concurrent.ThreadPoolExecutor$Worker.run(
ThreadPoolExecutor.java:642)
	at java.base/java.lang.Thread.run(Thread.java:1583)
Error: Could not find or load main class worker.org.gradle.proces
s.internal.worker.GradleWorkerMain
Caused by: java.lang.ClassNotFoundException: worker.org.gradle.pr
ocess.internal.worker.GradleWorkerMain
Process 'Gradle Test Executor 46' finished with non-zero exit val
ue 1
org.gradle.process.ProcessExecutionException: Process 'Gradle Tes
t Executor 46' finished with non-zero exit value 1
	at org.gradle.process.internal.DefaultExecHandle$ExecResultImpl.
assertNormalExitValue(DefaultExecHandle.java:450)
	at org.gradle.process.internal.worker.DefaultWorkerProcess.onPro
cessStop(DefaultWorkerProcess.java:146)
	at org.gradle.process.internal.worker.DefaultWorkerProcess.acces
s$000(DefaultWorkerProcess.java:43)
	at org.gradle.process.internal.worker.DefaultWorkerProcess$1.exe
cutionFinished(DefaultWorkerProcess.java:99)
	at java.base/jdk.internal.reflect.DirectMethodHandleAccessor.inv
oke(DirectMethodHandleAccessor.java:103)
	at java.base/java.lang.reflect.Method.invoke(Method.java:580)
	at org.gradle.internal.dispatch.MethodInvocation.invokeOn(Method
Invocation.java:77)
	at org.gradle.internal.dispatch.ReflectionDispatch.dispatch(Refl
ectionDispatch.java:28)
	at org.gradle.internal.dispatch.ReflectionDispatch.dispatch(Refl
ectionDispatch.java:19)
	at org.gradle.internal.event.AbstractBroadcastDispatch.dispatch(
AbstractBroadcastDispatch.java:44)
	at org.gradle.internal.event.BroadcastDispatch$SingletonDispatch
.dispatch(BroadcastDispatch.java:270)
	at org.gradle.internal.event.BroadcastDispatch$SingletonDispatch
.dispatch(BroadcastDispatch.java:172)
	at org.gradle.internal.event.ListenerBroadcast.dispatch(Listener
Broadcast.java:160)
	at org.gradle.internal.event.ListenerBroadcast.dispatch(Listener
Broadcast.java:37)
	at org.gradle.internal.dispatch.ProxyDispatchAdapter$Dispatching
InvocationHandler.invoke(ProxyDispatchAdapter.java:88)
	at jdk.proxy1/jdk.proxy1.$Proxy136.executionFinished(Unknown Sou
rce)
	at org.gradle.process.internal.DefaultExecHandle.setEndStateInfo
(DefaultExecHandle.java:222)
	at org.gradle.process.internal.DefaultExecHandle.finished(Defaul
tExecHandle.java:389)
	at org.gradle.process.internal.ExecHandleRunner.completed(ExecHa
ndleRunner.java:164)
	at org.gradle.process.internal.ExecHandleRunner.lambda$run$2(Exe
cHandleRunner.java:127)
	at org.gradle.internal.operations.CurrentBuildOperationRef.with(
CurrentBuildOperationRef.java:84)
	at org.gradle.process.internal.ExecHandleRunner.run(ExecHandleRu
nner.java:125)
	at org.gradle.internal.concurrent.ExecutorPolicy$CatchAndRecordF
ailures.onExecute(ExecutorPolicy.java:64)
	at org.gradle.internal.concurrent.AbstractManagedExecutor$1.run(
AbstractManagedExecutor.java:47)
	at java.base/java.util.concurrent.ThreadPoolExecutor.runWorker(T
hreadPoolExecutor.java:1144)
	at java.base/java.util.concurrent.ThreadPoolExecutor$Worker.run(
ThreadPoolExecutor.java:642)
	at java.base/java.lang.Thread.run(Thread.java:1583)
Error: Could not find or load main class worker.org.gradle.proces
s.internal.worker.GradleWorkerMain
Caused by: java.lang.ClassNotFoundException: worker.org.gradle.pr
ocess.internal.worker.GradleWorkerMain
Process 'Gradle Test Executor 47' finished with non-zero exit val
ue 1
org.gradle.process.ProcessExecutionException: Process 'Gradle Tes
t Executor 47' finished with non-zero exit value 1
	at org.gradle.process.internal.DefaultExecHandle$ExecResultImpl.
assertNormalExitValue(DefaultExecHandle.java:450)
	at org.gradle.process.internal.worker.DefaultWorkerProcess.onPro
cessStop(DefaultWorkerProcess.java:146)
	at org.gradle.process.internal.worker.DefaultWorkerProcess.acces
s$000(DefaultWorkerProcess.java:43)
	at org.gradle.process.internal.worker.DefaultWorkerProcess$1.exe
cutionFinished(DefaultWorkerProcess.java:99)
	at java.base/jdk.internal.reflect.DirectMethodHandleAccessor.inv
oke(DirectMethodHandleAccessor.java:103)
	at java.base/java.lang.reflect.Method.invoke(Method.java:580)
	at org.gradle.internal.dispatch.MethodInvocation.invokeOn(Method
Invocation.java:77)
	at org.gradle.internal.dispatch.ReflectionDispatch.dispatch(Refl
ectionDispatch.java:28)
	at org.gradle.internal.dispatch.ReflectionDispatch.dispatch(Refl
ectionDispatch.java:19)
	at org.gradle.internal.event.AbstractBroadcastDispatch.dispatch(
AbstractBroadcastDispatch.java:44)
	at org.gradle.internal.event.BroadcastDispatch$SingletonDispatch
.dispatch(BroadcastDispatch.java:270)
	at org.gradle.internal.event.BroadcastDispatch$SingletonDispatch
.dispatch(BroadcastDispatch.java:172)
	at org.gradle.internal.event.ListenerBroadcast.dispatch(Listener
Broadcast.java:160)
	at org.gradle.internal.event.ListenerBroadcast.dispatch(Listener
Broadcast.java:37)
	at org.gradle.internal.dispatch.ProxyDispatchAdapter$Dispatching
InvocationHandler.invoke(ProxyDispatchAdapter.java:88)
	at jdk.proxy1/jdk.proxy1.$Proxy136.executionFinished(Unknown Sou
rce)
	at org.gradle.process.internal.DefaultExecHandle.setEndStateInfo
(DefaultExecHandle.java:222)
	at org.gradle.process.internal.DefaultExecHandle.finished(Defaul
tExecHandle.java:389)
	at org.gradle.process.internal.ExecHandleRunner.completed(ExecHa
ndleRunner.java:164)
	at org.gradle.process.internal.ExecHandleRunner.lambda$run$2(Exe
cHandleRunner.java:127)
	at org.gradle.internal.operations.CurrentBuildOperationRef.with(
CurrentBuildOperationRef.java:84)
	at org.gradle.process.internal.ExecHandleRunner.run(ExecHandleRu
nner.java:125)
	at org.gradle.internal.concurrent.ExecutorPolicy$CatchAndRecordF
ailures.onExecute(ExecutorPolicy.java:64)
	at org.gradle.internal.concurrent.AbstractManagedExecutor$1.run(
AbstractManagedExecutor.java:47)
	at java.base/java.util.concurrent.ThreadPoolExecutor.runWorker(T
hreadPoolExecutor.java:1144)
	at java.base/java.util.concurrent.ThreadPoolExecutor$Worker.run(
ThreadPoolExecutor.java:642)
	at java.base/java.lang.Thread.run(Thread.java:1583)
Error: Could not find or load main class worker.org.gradle.proces
s.internal.worker.GradleWorkerMain
Caused by: java.lang.ClassNotFoundException: worker.org.gradle.pr
ocess.internal.worker.GradleWorkerMain
Process 'Gradle Test Executor 48' finished with non-zero exit val
ue 1
org.gradle.process.ProcessExecutionException: Process 'Gradle Tes
t Executor 48' finished with non-zero exit value 1
	at org.gradle.process.internal.DefaultExecHandle$ExecResultImpl.
assertNormalExitValue(DefaultExecHandle.java:450)
	at org.gradle.process.internal.worker.DefaultWorkerProcess.onPro
cessStop(DefaultWorkerProcess.java:146)
	at org.gradle.process.internal.worker.DefaultWorkerProcess.acces
s$000(DefaultWorkerProcess.java:43)
	at org.gradle.process.internal.worker.DefaultWorkerProcess$1.exe
cutionFinished(DefaultWorkerProcess.java:99)
	at java.base/jdk.internal.reflect.DirectMethodHandleAccessor.inv
oke(DirectMethodHandleAccessor.java:103)
	at java.base/java.lang.reflect.Method.invoke(Method.java:580)
	at org.gradle.internal.dispatch.MethodInvocation.invokeOn(Method
Invocation.java:77)
	at org.gradle.internal.dispatch.ReflectionDispatch.dispatch(Refl
ectionDispatch.java:28)
	at org.gradle.internal.dispatch.ReflectionDispatch.dispatch(Refl
ectionDispatch.java:19)
	at org.gradle.internal.event.AbstractBroadcastDispatch.dispatch(
AbstractBroadcastDispatch.java:44)
	at org.gradle.internal.event.BroadcastDispatch$SingletonDispatch
.dispatch(BroadcastDispatch.java:270)
	at org.gradle.internal.event.BroadcastDispatch$SingletonDispatch
.dispatch(BroadcastDispatch.java:172)
	at org.gradle.internal.event.ListenerBroadcast.dispatch(Listener
Broadcast.java:160)
	at org.gradle.internal.event.ListenerBroadcast.dispatch(Listener
Broadcast.java:37)
	at org.gradle.internal.dispatch.ProxyDispatchAdapter$Dispatching
InvocationHandler.invoke(ProxyDispatchAdapter.java:88)
	at jdk.proxy1/jdk.proxy1.$Proxy136.executionFinished(Unknown Sou
rce)
	at org.gradle.process.internal.DefaultExecHandle.setEndStateInfo
(DefaultExecHandle.java:222)
	at org.gradle.process.internal.DefaultExecHandle.finished(Defaul
tExecHandle.java:389)
	at org.gradle.process.internal.ExecHandleRunner.completed(ExecHa
ndleRunner.java:164)
	at org.gradle.process.internal.ExecHandleRunner.lambda$run$2(Exe
cHandleRunner.java:127)
	at org.gradle.internal.operations.CurrentBuildOperationRef.with(
CurrentBuildOperationRef.java:84)
	at org.gradle.process.internal.ExecHandleRunner.run(ExecHandleRu
nner.java:125)
	at org.gradle.internal.concurrent.ExecutorPolicy$CatchAndRecordF
ailures.onExecute(ExecutorPolicy.java:64)
	at org.gradle.internal.concurrent.AbstractManagedExecutor$1.run(
AbstractManagedExecutor.java:47)
	at java.base/java.util.concurrent.ThreadPoolExecutor.runWorker(T
hreadPoolExecutor.java:1144)
	at java.base/java.util.concurrent.ThreadPoolExecutor$Worker.run(
ThreadPoolExecutor.java:642)
	at java.base/java.lang.Thread.run(Thread.java:1583)

Error: Could not find or load main class worker.org.gradle.proces
s.internal.worker.GradleWorkerMain
Caused by: java.lang.ClassNotFoundException: worker.org.gradle.pr
ocess.internal.worker.GradleWorkerMain
Could not write standard input to Gradle Test Executor 49.
java.io.IOException: ?뚯씠?꾧? ?ロ엳??以묒엯?덈떎
	at java.base/java.io.FileOutputStream.writeBytes(Native Method)
	at java.base/java.io.FileOutputStream.write(FileOutputStream.jav
a:367)
	at java.base/java.io.BufferedOutputStream.flushBuffer(BufferedOu
tputStream.java:125)
	at java.base/java.io.BufferedOutputStream.implFlush(BufferedOutp
utStream.java:252)
	at java.base/java.io.BufferedOutputStream.flush(BufferedOutputSt
ream.java:240)
	at org.gradle.process.internal.streams.ExecOutputHandleRunner.wr
iteBuffer(ExecOutputHandleRunner.java:98)
	at org.gradle.process.internal.streams.ExecOutputHandleRunner.fo
rwardContent(ExecOutputHandleRunner.java:85)
	at org.gradle.process.internal.streams.ExecOutputHandleRunner.ru
n(ExecOutputHandleRunner.java:64)
	at org.gradle.internal.concurrent.ExecutorPolicy$CatchAndRecordF
ailures.onExecute(ExecutorPolicy.java:64)
	at org.gradle.internal.concurrent.AbstractManagedExecutor$1.run(
AbstractManagedExecutor.java:47)
	at java.base/java.util.concurrent.ThreadPoolExecutor.runWorker(T
hreadPoolExecutor.java:1144)
	at java.base/java.util.concurrent.ThreadPoolExecutor$Worker.run(
ThreadPoolExecutor.java:642)
	at java.base/java.lang.Thread.run(Thread.java:1583)
Could not write standard input to Gradle Test Executor 50.
java.io.IOException: ?뚯씠?꾧? ?ロ엳??以묒엯?덈떎
	at java.base/java.io.FileOutputStream.writeBytes(Native Method)
	at java.base/java.io.FileOutputStream.write(FileOutputStream.jav
a:367)
	at java.base/java.io.BufferedOutputStream.flushBuffer(BufferedOu
tputStream.java:125)
	at java.base/java.io.BufferedOutputStream.implFlush(BufferedOutp
utStream.java:252)
	at java.base/java.io.BufferedOutputStream.flush(BufferedOutputSt
ream.java:240)
	at org.gradle.process.internal.streams.ExecOutputHandleRunner.wr
iteBuffer(ExecOutputHandleRunner.java:98)
	at org.gradle.process.internal.streams.ExecOutputHandleRunner.fo
rwardContent(ExecOutputHandleRunner.java:85)
	at org.gradle.process.internal.streams.ExecOutputHandleRunner.ru
n(ExecOutputHandleRunner.java:64)
	at org.gradle.internal.concurrent.ExecutorPolicy$CatchAndRecordF
ailures.onExecute(ExecutorPolicy.java:64)
	at org.gradle.internal.concurrent.AbstractManagedExecutor$1.run(
AbstractManagedExecutor.java:47)
	at java.base/java.util.concurrent.ThreadPoolExecutor.runWorker(T
hreadPoolExecutor.java:1144)
	at java.base/java.util.concurrent.ThreadPoolExecutor$Worker.run(
ThreadPoolExecutor.java:642)
	at java.base/java.lang.Thread.run(Thread.java:1583)
Could not write standard input to Gradle Test Executor 51.
java.io.IOException: ?뚯씠?꾧? ?ロ엳??以묒엯?덈떎
	at java.base/java.io.FileOutputStream.writeBytes(Native Method)
	at java.base/java.io.FileOutputStream.write(FileOutputStream.jav
a:367)
	at java.base/java.io.BufferedOutputStream.flushBuffer(BufferedOu
tputStream.java:125)
	at java.base/java.io.BufferedOutputStream.implFlush(BufferedOutp
utStream.java:252)
	at java.base/java.io.BufferedOutputStream.flush(BufferedOutputSt
ream.java:240)
	at org.gradle.process.internal.streams.ExecOutputHandleRunner.wr
iteBuffer(ExecOutputHandleRunner.java:98)
	at org.gradle.process.internal.streams.ExecOutputHandleRunner.fo
rwardContent(ExecOutputHandleRunner.java:85)
	at org.gradle.process.internal.streams.ExecOutputHandleRunner.ru
n(ExecOutputHandleRunner.java:64)
	at org.gradle.internal.concurrent.ExecutorPolicy$CatchAndRecordF
ailures.onExecute(ExecutorPolicy.java:64)
	at org.gradle.internal.concurrent.AbstractManagedExecutor$1.run(
AbstractManagedExecutor.java:47)
	at java.base/java.util.concurrent.ThreadPoolExecutor.runWorker(T
hreadPoolExecutor.java:1144)
	at java.base/java.util.concurrent.ThreadPoolExecutor$Worker.run(
ThreadPoolExecutor.java:642)
	at java.base/java.lang.Thread.run(Thread.java:1583)
Could not write standard input to Gradle Test Executor 52.
java.io.IOException: ?뚯씠?꾧? ?ロ엳??以묒엯?덈떎
	at java.base/java.io.FileOutputStream.writeBytes(Native Method)
	at java.base/java.io.FileOutputStream.write(FileOutputStream.jav
a:367)
	at java.base/java.io.BufferedOutputStream.flushBuffer(BufferedOu
tputStream.java:125)
	at java.base/java.io.BufferedOutputStream.implFlush(BufferedOutp
utStream.java:252)
	at java.base/java.io.BufferedOutputStream.flush(BufferedOutputSt
ream.java:240)
	at org.gradle.process.internal.streams.ExecOutputHandleRunner.wr
iteBuffer(ExecOutputHandleRunner.java:98)
	at org.gradle.process.internal.streams.ExecOutputHandleRunner.fo
rwardContent(ExecOutputHandleRunner.java:85)
	at org.gradle.process.internal.streams.ExecOutputHandleRunner.ru
n(ExecOutputHandleRunner.java:64)
	at org.gradle.internal.concurrent.ExecutorPolicy$CatchAndRecordF
ailures.onExecute(ExecutorPolicy.java:64)
	at org.gradle.internal.concurrent.AbstractManagedExecutor$1.run(
AbstractManagedExecutor.java:47)
	at java.base/java.util.concurrent.ThreadPoolExecutor.runWorker(T
hreadPoolExecutor.java:1144)
	at java.base/java.util.concurrent.ThreadPoolExecutor$Worker.run(
ThreadPoolExecutor.java:642)
	at java.base/java.lang.Thread.run(Thread.java:1583)
Could not write standard input to Gradle Test Executor 53.
java.io.IOException: ?뚯씠?꾧? ?ロ엳??以묒엯?덈떎
	at java.base/java.io.FileOutputStream.writeBytes(Native Method)
	at java.base/java.io.FileOutputStream.write(FileOutputStream.jav
a:367)
	at java.base/java.io.BufferedOutputStream.flushBuffer(BufferedOu
tputStream.java:125)
	at java.base/java.io.BufferedOutputStream.implFlush(BufferedOutp
utStream.java:252)
	at java.base/java.io.BufferedOutputStream.flush(BufferedOutputSt
ream.java:240)
	at org.gradle.process.internal.streams.ExecOutputHandleRunner.wr
iteBuffer(ExecOutputHandleRunner.java:98)
	at org.gradle.process.internal.streams.ExecOutputHandleRunner.fo
rwardContent(ExecOutputHandleRunner.java:85)
	at org.gradle.process.internal.streams.ExecOutputHandleRunner.ru
n(ExecOutputHandleRunner.java:64)
	at org.gradle.internal.concurrent.ExecutorPolicy$CatchAndRecordF
ailures.onExecute(ExecutorPolicy.java:64)
	at org.gradle.internal.concurrent.AbstractManagedExecutor$1.run(
AbstractManagedExecutor.java:47)
	at java.base/java.util.concurrent.ThreadPoolExecutor.runWorker(T
hreadPoolExecutor.java:1144)
	at java.base/java.util.concurrent.ThreadPoolExecutor$Worker.run(
ThreadPoolExecutor.java:642)
	at java.base/java.lang.Thread.run(Thread.java:1583)
Could not write standard input to Gradle Test Executor 54.
java.io.IOException: ?뚯씠?꾧? ?ロ엳??以묒엯?덈떎
	at java.base/java.io.FileOutputStream.writeBytes(Native Method)
	at java.base/java.io.FileOutputStream.write(FileOutputStream.jav
a:367)
	at java.base/java.io.BufferedOutputStream.flushBuffer(BufferedOu
tputStream.java:125)
	at java.base/java.io.BufferedOutputStream.implFlush(BufferedOutp
utStream.java:252)
	at java.base/java.io.BufferedOutputStream.flush(BufferedOutputSt
ream.java:240)
	at org.gradle.process.internal.streams.ExecOutputHandleRunner.wr
iteBuffer(ExecOutputHandleRunner.java:98)
	at org.gradle.process.internal.streams.ExecOutputHandleRunner.fo
rwardContent(ExecOutputHandleRunner.java:85)
	at org.gradle.process.internal.streams.ExecOutputHandleRunner.ru
n(ExecOutputHandleRunner.java:64)
	at org.gradle.internal.concurrent.ExecutorPolicy$CatchAndRecordF
ailures.onExecute(ExecutorPolicy.java:64)
	at org.gradle.internal.concurrent.AbstractManagedExecutor$1.run(
AbstractManagedExecutor.java:47)
	at java.base/java.util.concurrent.ThreadPoolExecutor.runWorker(T
hreadPoolExecutor.java:1144)
	at java.base/java.util.concurrent.ThreadPoolExecutor$Worker.run(
ThreadPoolExecutor.java:642)
	at java.base/java.lang.Thread.run(Thread.java:1583)

> Task :lumia-core:test FAILED
Process 'Gradle Test Executor 49' finished with non-zero exit val
ue 1
org.gradle.process.ProcessExecutionException: Process 'Gradle Tes
t Executor 49' finished with non-zero exit value 1
	at org.gradle.process.internal.DefaultExecHandle$ExecResultImpl.
assertNormalExitValue(DefaultExecHandle.java:450)
	at org.gradle.process.internal.worker.DefaultWorkerProcess.onPro
cessStop(DefaultWorkerProcess.java:146)
	at org.gradle.process.internal.worker.DefaultWorkerProcess.acces
s$000(DefaultWorkerProcess.java:43)
	at org.gradle.process.internal.worker.DefaultWorkerProcess$1.exe
cutionFinished(DefaultWorkerProcess.java:99)
	at java.base/jdk.internal.reflect.DirectMethodHandleAccessor.inv
oke(DirectMethodHandleAccessor.java:103)
	at java.base/java.lang.reflect.Method.invoke(Method.java:580)
	at org.gradle.internal.dispatch.MethodInvocation.invokeOn(Method
Invocation.java:77)
	at org.gradle.internal.dispatch.ReflectionDispatch.dispatch(Refl
ectionDispatch.java:28)
	at org.gradle.internal.dispatch.ReflectionDispatch.dispatch(Refl
ectionDispatch.java:19)
	at org.gradle.internal.event.AbstractBroadcastDispatch.dispatch(
AbstractBroadcastDispatch.java:44)
	at org.gradle.internal.event.BroadcastDispatch$SingletonDispatch
.dispatch(BroadcastDispatch.java:270)
	at org.gradle.internal.event.BroadcastDispatch$SingletonDispatch
.dispatch(BroadcastDispatch.java:172)
	at org.gradle.internal.event.ListenerBroadcast.dispatch(Listener
Broadcast.java:160)
	at org.gradle.internal.event.ListenerBroadcast.dispatch(Listener
Broadcast.java:37)
	at org.gradle.internal.dispatch.ProxyDispatchAdapter$Dispatching
InvocationHandler.invoke(ProxyDispatchAdapter.java:88)
	at jdk.proxy1/jdk.proxy1.$Proxy136.executionFinished(Unknown Sou
rce)
	at org.gradle.process.internal.DefaultExecHandle.setEndStateInfo
(DefaultExecHandle.java:222)
	at org.gradle.process.internal.DefaultExecHandle.finished(Defaul
tExecHandle.java:389)
	at org.gradle.process.internal.ExecHandleRunner.completed(ExecHa
ndleRunner.java:164)
	at org.gradle.process.internal.ExecHandleRunner.lambda$run$2(Exe
cHandleRunner.java:127)
	at org.gradle.internal.operations.CurrentBuildOperationRef.with(
CurrentBuildOperationRef.java:84)
	at org.gradle.process.internal.ExecHandleRunner.run(ExecHandleRu
nner.java:125)
	at org.gradle.internal.concurrent.ExecutorPolicy$CatchAndRecordF
ailures.onExecute(ExecutorPolicy.java:64)
	at org.gradle.internal.concurrent.AbstractManagedExecutor$1.run(
AbstractManagedExecutor.java:47)
	at java.base/java.util.concurrent.ThreadPoolExecutor.runWorker(T
hreadPoolExecutor.java:1144)
	at java.base/java.util.concurrent.ThreadPoolExecutor$Worker.run(
ThreadPoolExecutor.java:642)
	at java.base/java.lang.Thread.run(Thread.java:1583)
Error: Could not find or load main class worker.org.gradle.proces
s.internal.worker.GradleWorkerMain
Caused by: java.lang.ClassNotFoundException: worker.org.gradle.pr
ocess.internal.worker.GradleWorkerMain
Process 'Gradle Test Executor 50' finished with non-zero exit val
ue 1
org.gradle.process.ProcessExecutionException: Process 'Gradle Tes
t Executor 50' finished with non-zero exit value 1
	at org.gradle.process.internal.DefaultExecHandle$ExecResultImpl.
assertNormalExitValue(DefaultExecHandle.java:450)
	at org.gradle.process.internal.worker.DefaultWorkerProcess.onPro
cessStop(DefaultWorkerProcess.java:146)
	at org.gradle.process.internal.worker.DefaultWorkerProcess.acces
s$000(DefaultWorkerProcess.java:43)
	at org.gradle.process.internal.worker.DefaultWorkerProcess$1.exe
cutionFinished(DefaultWorkerProcess.java:99)
	at java.base/jdk.internal.reflect.DirectMethodHandleAccessor.inv
oke(DirectMethodHandleAccessor.java:103)
	at java.base/java.lang.reflect.Method.invoke(Method.java:580)
	at org.gradle.internal.dispatch.MethodInvocation.invokeOn(Method
Invocation.java:77)
	at org.gradle.internal.dispatch.ReflectionDispatch.dispatch(Refl
ectionDispatch.java:28)
	at org.gradle.internal.dispatch.ReflectionDispatch.dispatch(Refl
ectionDispatch.java:19)
	at org.gradle.internal.event.AbstractBroadcastDispatch.dispatch(
AbstractBroadcastDispatch.java:44)
	at org.gradle.internal.event.BroadcastDispatch$SingletonDispatch
.dispatch(BroadcastDispatch.java:270)
	at org.gradle.internal.event.BroadcastDispatch$SingletonDispatch
.dispatch(BroadcastDispatch.java:172)
	at org.gradle.internal.event.ListenerBroadcast.dispatch(Listener
Broadcast.java:160)
	at org.gradle.internal.event.ListenerBroadcast.dispatch(Listener
Broadcast.java:37)
	at org.gradle.internal.dispatch.ProxyDispatchAdapter$Dispatching
InvocationHandler.invoke(ProxyDispatchAdapter.java:88)
	at jdk.proxy1/jdk.proxy1.$Proxy136.executionFinished(Unknown Sou
rce)
	at org.gradle.process.internal.DefaultExecHandle.setEndStateInfo
(DefaultExecHandle.java:222)
	at org.gradle.process.internal.DefaultExecHandle.finished(Defaul
tExecHandle.java:389)
	at org.gradle.process.internal.ExecHandleRunner.completed(ExecHa
ndleRunner.java:164)
	at org.gradle.process.internal.ExecHandleRunner.lambda$run$2(Exe
cHandleRunner.java:127)
	at org.gradle.internal.operations.CurrentBuildOperationRef.with(
CurrentBuildOperationRef.java:84)
	at org.gradle.process.internal.ExecHandleRunner.run(ExecHandleRu
nner.java:125)
	at org.gradle.internal.concurrent.ExecutorPolicy$CatchAndRecordF
ailures.onExecute(ExecutorPolicy.java:64)
	at org.gradle.internal.concurrent.AbstractManagedExecutor$1.run(
AbstractManagedExecutor.java:47)
	at java.base/java.util.concurrent.ThreadPoolExecutor.runWorker(T
hreadPoolExecutor.java:1144)
	at java.base/java.util.concurrent.ThreadPoolExecutor$Worker.run(
ThreadPoolExecutor.java:642)
	at java.base/java.lang.Thread.run(Thread.java:1583)
Error: Could not find or load main class worker.org.gradle.proces
s.internal.worker.GradleWorkerMain
Caused by: java.lang.ClassNotFoundException: worker.org.gradle.pr
ocess.internal.worker.GradleWorkerMain
Process 'Gradle Test Executor 51' finished with non-zero exit val
ue 1
org.gradle.process.ProcessExecutionException: Process 'Gradle Tes
t Executor 51' finished with non-zero exit value 1
	at org.gradle.process.internal.DefaultExecHandle$ExecResultImpl.
assertNormalExitValue(DefaultExecHandle.java:450)
	at org.gradle.process.internal.worker.DefaultWorkerProcess.onPro
cessStop(DefaultWorkerProcess.java:146)
	at org.gradle.process.internal.worker.DefaultWorkerProcess.acces
s$000(DefaultWorkerProcess.java:43)
	at org.gradle.process.internal.worker.DefaultWorkerProcess$1.exe
cutionFinished(DefaultWorkerProcess.java:99)
	at java.base/jdk.internal.reflect.DirectMethodHandleAccessor.inv
oke(DirectMethodHandleAccessor.java:103)
	at java.base/java.lang.reflect.Method.invoke(Method.java:580)
	at org.gradle.internal.dispatch.MethodInvocation.invokeOn(Method
Invocation.java:77)
	at org.gradle.internal.dispatch.ReflectionDispatch.dispatch(Refl
ectionDispatch.java:28)
	at org.gradle.internal.dispatch.ReflectionDispatch.dispatch(Refl
ectionDispatch.java:19)
	at org.gradle.internal.event.AbstractBroadcastDispatch.dispatch(
AbstractBroadcastDispatch.java:44)
	at org.gradle.internal.event.BroadcastDispatch$SingletonDispatch
.dispatch(BroadcastDispatch.java:270)
	at org.gradle.internal.event.BroadcastDispatch$SingletonDispatch
.dispatch(BroadcastDispatch.java:172)
	at org.gradle.internal.event.ListenerBroadcast.dispatch(Listener
Broadcast.java:160)
	at org.gradle.internal.event.ListenerBroadcast.dispatch(Listener
Broadcast.java:37)
	at org.gradle.internal.dispatch.ProxyDispatchAdapter$Dispatching
InvocationHandler.invoke(ProxyDispatchAdapter.java:88)
	at jdk.proxy1/jdk.proxy1.$Proxy136.executionFinished(Unknown Sou
rce)
	at org.gradle.process.internal.DefaultExecHandle.setEndStateInfo
(DefaultExecHandle.java:222)
	at org.gradle.process.internal.DefaultExecHandle.finished(Defaul
tExecHandle.java:389)
	at org.gradle.process.internal.ExecHandleRunner.completed(ExecHa
ndleRunner.java:164)
	at org.gradle.process.internal.ExecHandleRunner.lambda$run$2(Exe
cHandleRunner.java:127)
	at org.gradle.internal.operations.CurrentBuildOperationRef.with(
CurrentBuildOperationRef.java:84)
	at org.gradle.process.internal.ExecHandleRunner.run(ExecHandleRu
nner.java:125)
	at org.gradle.internal.concurrent.ExecutorPolicy$CatchAndRecordF
ailures.onExecute(ExecutorPolicy.java:64)
	at org.gradle.internal.concurrent.AbstractManagedExecutor$1.run(
AbstractManagedExecutor.java:47)
	at java.base/java.util.concurrent.ThreadPoolExecutor.runWorker(T
hreadPoolExecutor.java:1144)
	at java.base/java.util.concurrent.ThreadPoolExecutor$Worker.run(
ThreadPoolExecutor.java:642)
	at java.base/java.lang.Thread.run(Thread.java:1583)
Error: Could not find or load main class worker.org.gradle.proces
s.internal.worker.GradleWorkerMain
Caused by: java.lang.ClassNotFoundException: worker.org.gradle.pr
ocess.internal.worker.GradleWorkerMain
Process 'Gradle Test Executor 52' finished with non-zero exit val
ue 1
org.gradle.process.ProcessExecutionException: Process 'Gradle Tes
t Executor 52' finished with non-zero exit value 1
	at org.gradle.process.internal.DefaultExecHandle$ExecResultImpl.
assertNormalExitValue(DefaultExecHandle.java:450)
	at org.gradle.process.internal.worker.DefaultWorkerProcess.onPro
cessStop(DefaultWorkerProcess.java:146)
	at org.gradle.process.internal.worker.DefaultWorkerProcess.acces
s$000(DefaultWorkerProcess.java:43)
	at org.gradle.process.internal.worker.DefaultWorkerProcess$1.exe
cutionFinished(DefaultWorkerProcess.java:99)
	at java.base/jdk.internal.reflect.DirectMethodHandleAccessor.inv
oke(DirectMethodHandleAccessor.java:103)
	at java.base/java.lang.reflect.Method.invoke(Method.java:580)
	at org.gradle.internal.dispatch.MethodInvocation.invokeOn(Method
Invocation.java:77)
	at org.gradle.internal.dispatch.ReflectionDispatch.dispatch(Refl
ectionDispatch.java:28)
	at org.gradle.internal.dispatch.ReflectionDispatch.dispatch(Refl
ectionDispatch.java:19)
	at org.gradle.internal.event.AbstractBroadcastDispatch.dispatch(
AbstractBroadcastDispatch.java:44)
	at org.gradle.internal.event.BroadcastDispatch$SingletonDispatch
.dispatch(BroadcastDispatch.java:270)
	at org.gradle.internal.event.BroadcastDispatch$SingletonDispatch
.dispatch(BroadcastDispatch.java:172)
	at org.gradle.internal.event.ListenerBroadcast.dispatch(Listener
Broadcast.java:160)
	at org.gradle.internal.event.ListenerBroadcast.dispatch(Listener
Broadcast.java:37)
	at org.gradle.internal.dispatch.ProxyDispatchAdapter$Dispatching
InvocationHandler.invoke(ProxyDispatchAdapter.java:88)
	at jdk.proxy1/jdk.proxy1.$Proxy136.executionFinished(Unknown Sou
rce)
	at org.gradle.process.internal.DefaultExecHandle.setEndStateInfo
(DefaultExecHandle.java:222)
	at org.gradle.process.internal.DefaultExecHandle.finished(Defaul
tExecHandle.java:389)
	at org.gradle.process.internal.ExecHandleRunner.completed(ExecHa
ndleRunner.java:164)
	at org.gradle.process.internal.ExecHandleRunner.lambda$run$2(Exe
cHandleRunner.java:127)
	at org.gradle.internal.operations.CurrentBuildOperationRef.with(
CurrentBuildOperationRef.java:84)
	at org.gradle.process.internal.ExecHandleRunner.run(ExecHandleRu
nner.java:125)
	at org.gradle.internal.concurrent.ExecutorPolicy$CatchAndRecordF
ailures.onExecute(ExecutorPolicy.java:64)
	at org.gradle.internal.concurrent.AbstractManagedExecutor$1.run(
AbstractManagedExecutor.java:47)
	at java.base/java.util.concurrent.ThreadPoolExecutor.runWorker(T
hreadPoolExecutor.java:1144)
	at java.base/java.util.concurrent.ThreadPoolExecutor$Worker.run(
ThreadPoolExecutor.java:642)
	at java.base/java.lang.Thread.run(Thread.java:1583)
Error: Could not find or load main class worker.org.gradle.proces
s.internal.worker.GradleWorkerMain
Caused by: java.lang.ClassNotFoundException: worker.org.gradle.pr
ocess.internal.worker.GradleWorkerMain
Process 'Gradle Test Executor 53' finished with non-zero exit val
ue 1
org.gradle.process.ProcessExecutionException: Process 'Gradle Tes
t Executor 53' finished with non-zero exit value 1
	at org.gradle.process.internal.DefaultExecHandle$ExecResultImpl.
assertNormalExitValue(DefaultExecHandle.java:450)
	at org.gradle.process.internal.worker.DefaultWorkerProcess.onPro
cessStop(DefaultWorkerProcess.java:146)
	at org.gradle.process.internal.worker.DefaultWorkerProcess.acces
s$000(DefaultWorkerProcess.java:43)
	at org.gradle.process.internal.worker.DefaultWorkerProcess$1.exe
cutionFinished(DefaultWorkerProcess.java:99)
	at java.base/jdk.internal.reflect.DirectMethodHandleAccessor.inv
oke(DirectMethodHandleAccessor.java:103)
	at java.base/java.lang.reflect.Method.invoke(Method.java:580)
	at org.gradle.internal.dispatch.MethodInvocation.invokeOn(Method
Invocation.java:77)
	at org.gradle.internal.dispatch.ReflectionDispatch.dispatch(Refl
ectionDispatch.java:28)
	at org.gradle.internal.dispatch.ReflectionDispatch.dispatch(Refl
ectionDispatch.java:19)
	at org.gradle.internal.event.AbstractBroadcastDispatch.dispatch(
AbstractBroadcastDispatch.java:44)
	at org.gradle.internal.event.BroadcastDispatch$SingletonDispatch
.dispatch(BroadcastDispatch.java:270)
	at org.gradle.internal.event.BroadcastDispatch$SingletonDispatch
.dispatch(BroadcastDispatch.java:172)
	at org.gradle.internal.event.ListenerBroadcast.dispatch(Listener
Broadcast.java:160)
	at org.gradle.internal.event.ListenerBroadcast.dispatch(Listener
Broadcast.java:37)
	at org.gradle.internal.dispatch.ProxyDispatchAdapter$Dispatching
InvocationHandler.invoke(ProxyDispatchAdapter.java:88)
	at jdk.proxy1/jdk.proxy1.$Proxy136.executionFinished(Unknown Sou
rce)
	at org.gradle.process.internal.DefaultExecHandle.setEndStateInfo
(DefaultExecHandle.java:222)
	at org.gradle.process.internal.DefaultExecHandle.finished(Defaul
tExecHandle.java:389)
	at org.gradle.process.internal.ExecHandleRunner.completed(ExecHa
ndleRunner.java:164)
	at org.gradle.process.internal.ExecHandleRunner.lambda$run$2(Exe
cHandleRunner.java:127)
	at org.gradle.internal.operations.CurrentBuildOperationRef.with(
CurrentBuildOperationRef.java:84)
	at org.gradle.process.internal.ExecHandleRunner.run(ExecHandleRu
nner.java:125)
	at org.gradle.internal.concurrent.ExecutorPolicy$CatchAndRecordF
ailures.onExecute(ExecutorPolicy.java:64)
	at org.gradle.internal.concurrent.AbstractManagedExecutor$1.run(
AbstractManagedExecutor.java:47)
	at java.base/java.util.concurrent.ThreadPoolExecutor.runWorker(T
hreadPoolExecutor.java:1144)
	at java.base/java.util.concurrent.ThreadPoolExecutor$Worker.run(
ThreadPoolExecutor.java:642)
	at java.base/java.lang.Thread.run(Thread.java:1583)
Error: Could not find or load main class worker.org.gradle.proces
s.internal.worker.GradleWorkerMain
Caused by: java.lang.ClassNotFoundException: worker.org.gradle.pr
ocess.internal.worker.GradleWorkerMain
Process 'Gradle Test Executor 54' finished with non-zero exit val
ue 1
org.gradle.process.ProcessExecutionException: Process 'Gradle Tes
t Executor 54' finished with non-zero exit value 1
	at org.gradle.process.internal.DefaultExecHandle$ExecResultImpl.
assertNormalExitValue(DefaultExecHandle.java:450)
	at org.gradle.process.internal.worker.DefaultWorkerProcess.onPro
cessStop(DefaultWorkerProcess.java:146)
	at org.gradle.process.internal.worker.DefaultWorkerProcess.acces
s$000(DefaultWorkerProcess.java:43)
	at org.gradle.process.internal.worker.DefaultWorkerProcess$1.exe
cutionFinished(DefaultWorkerProcess.java:99)
	at java.base/jdk.internal.reflect.DirectMethodHandleAccessor.inv
oke(DirectMethodHandleAccessor.java:103)
	at java.base/java.lang.reflect.Method.invoke(Method.java:580)
	at org.gradle.internal.dispatch.MethodInvocation.invokeOn(Method
Invocation.java:77)
	at org.gradle.internal.dispatch.ReflectionDispatch.dispatch(Refl
ectionDispatch.java:28)
	at org.gradle.internal.dispatch.ReflectionDispatch.dispatch(Refl
ectionDispatch.java:19)
	at org.gradle.internal.event.AbstractBroadcastDispatch.dispatch(
AbstractBroadcastDispatch.java:44)
	at org.gradle.internal.event.BroadcastDispatch$SingletonDispatch
.dispatch(BroadcastDispatch.java:270)
	at org.gradle.internal.event.BroadcastDispatch$SingletonDispatch
.dispatch(BroadcastDispatch.java:172)
	at org.gradle.internal.event.ListenerBroadcast.dispatch(Listener
Broadcast.java:160)
	at org.gradle.internal.event.ListenerBroadcast.dispatch(Listener
Broadcast.java:37)
	at org.gradle.internal.dispatch.ProxyDispatchAdapter$Dispatching
InvocationHandler.invoke(ProxyDispatchAdapter.java:88)
	at jdk.proxy1/jdk.proxy1.$Proxy136.executionFinished(Unknown Sou
rce)
	at org.gradle.process.internal.DefaultExecHandle.setEndStateInfo
(DefaultExecHandle.java:222)
	at org.gradle.process.internal.DefaultExecHandle.finished(Defaul
tExecHandle.java:389)
	at org.gradle.process.internal.ExecHandleRunner.completed(ExecHa
ndleRunner.java:164)
	at org.gradle.process.internal.ExecHandleRunner.lambda$run$2(Exe
cHandleRunner.java:127)
	at org.gradle.internal.operations.CurrentBuildOperationRef.with(
CurrentBuildOperationRef.java:84)
	at org.gradle.process.internal.ExecHandleRunner.run(ExecHandleRu
nner.java:125)
	at org.gradle.internal.concurrent.ExecutorPolicy$CatchAndRecordF
ailures.onExecute(ExecutorPolicy.java:64)
	at org.gradle.internal.concurrent.AbstractManagedExecutor$1.run(
AbstractManagedExecutor.java:47)
	at java.base/java.util.concurrent.ThreadPoolExecutor.runWorker(T
hreadPoolExecutor.java:1144)
	at java.base/java.util.concurrent.ThreadPoolExecutor$Worker.run(
ThreadPoolExecutor.java:642)
	at java.base/java.lang.Thread.run(Thread.java:1583)

FAILURE: Build failed with an exception.

* What went wrong:
Execution failed for task ':lumia-core:test'.
> Test process encountered an unexpected problem.
   > Process 'Gradle Test Executor 1' finished with non-zero exit
 value 1

* Try:
> Check common problems https://docs.gradle.org/9.2.1/userguide/j
ava_testing.html#sec:java_testing_troubleshooting.
> Run with --info or --debug option to get more log output.
> Run with --scan to generate a Build Scan (powered by Develocity
).
> Get more help at https://help.gradle.org.

* Exception is:
org.gradle.api.tasks.TaskExecutionException: Execution failed for
 task ':lumia-core:test'.
	at org.gradle.api.internal.tasks.execution.ExecuteActionsTaskExe
cuter.lambda$executeIfValid$1(ExecuteActionsTaskExecuter.java:135
)
	at org.gradle.internal.Try$Failure.ifSuccessfulOrElse(Try.java:2
88)
	at org.gradle.api.internal.tasks.execution.ExecuteActionsTaskExe
cuter.executeIfValid(ExecuteActionsTaskExecuter.java:133)
	at org.gradle.api.internal.tasks.execution.ExecuteActionsTaskExe
cuter.execute(ExecuteActionsTaskExecuter.java:121)
	at org.gradle.api.internal.tasks.execution.ProblemsTaskPathTrack
ingTaskExecuter.execute(ProblemsTaskPathTrackingTaskExecuter.java
:41)
	at org.gradle.api.internal.tasks.execution.FinalizePropertiesTas
kExecuter.execute(FinalizePropertiesTaskExecuter.java:46)
	at org.gradle.api.internal.tasks.execution.ResolveTaskExecutionM
odeExecuter.execute(ResolveTaskExecutionModeExecuter.java:51)
	at org.gradle.api.internal.tasks.execution.SkipTaskWithNoActions
Executer.execute(SkipTaskWithNoActionsExecuter.java:57)
	at org.gradle.api.internal.tasks.execution.SkipOnlyIfTaskExecute
r.execute(SkipOnlyIfTaskExecuter.java:74)
	at org.gradle.api.internal.tasks.execution.CatchExceptionTaskExe
cuter.execute(CatchExceptionTaskExecuter.java:36)
	at org.gradle.api.internal.tasks.execution.EventFiringTaskExecut
er$1.executeTask(EventFiringTaskExecuter.java:77)
	at org.gradle.api.internal.tasks.execution.EventFiringTaskExecut
er$1.call(EventFiringTaskExecuter.java:55)
	at org.gradle.api.internal.tasks.execution.EventFiringTaskExecut
er$1.call(EventFiringTaskExecuter.java:52)
	at org.gradle.internal.operations.DefaultBuildOperationRunner$Ca
llableBuildOperationWorker.execute(DefaultBuildOperationRunner.ja
va:209)
	at org.gradle.internal.operations.DefaultBuildOperationRunner$Ca
llableBuildOperationWorker.execute(DefaultBuildOperationRunner.ja
va:204)
	at org.gradle.internal.operations.DefaultBuildOperationRunner$2.
execute(DefaultBuildOperationRunner.java:66)
	at org.gradle.internal.operations.DefaultBuildOperationRunner$2.
execute(DefaultBuildOperationRunner.java:59)
	at org.gradle.internal.operations.DefaultBuildOperationRunner.ex
ecute(DefaultBuildOperationRunner.java:166)
	at org.gradle.internal.operations.DefaultBuildOperationRunner.ex
ecute(DefaultBuildOperationRunner.java:59)
	at org.gradle.internal.operations.DefaultBuildOperationRunner.ca
ll(DefaultBuildOperationRunner.java:53)
	at org.gradle.api.internal.tasks.execution.EventFiringTaskExecut
er.execute(EventFiringTaskExecuter.java:52)
	at org.gradle.execution.plan.DefaultNodeExecutor.executeLocalTas
kNode(DefaultNodeExecutor.java:55)
	at org.gradle.execution.plan.DefaultNodeExecutor.execute(Default
NodeExecutor.java:34)
	at org.gradle.execution.taskgraph.DefaultTaskExecutionGraph$Invo
keNodeExecutorsAction.execute(DefaultTaskExecutionGraph.java:355)
	at org.gradle.execution.taskgraph.DefaultTaskExecutionGraph$Invo
keNodeExecutorsAction.execute(DefaultTaskExecutionGraph.java:343)
	at org.gradle.execution.taskgraph.DefaultTaskExecutionGraph$Buil
dOperationAwareExecutionAction.lambda$execute$0(DefaultTaskExecut
ionGraph.java:339)
	at org.gradle.internal.operations.CurrentBuildOperationRef.with(
CurrentBuildOperationRef.java:84)
	at org.gradle.execution.taskgraph.DefaultTaskExecutionGraph$Buil
dOperationAwareExecutionAction.execute(DefaultTaskExecutionGraph.
java:339)
	at org.gradle.execution.taskgraph.DefaultTaskExecutionGraph$Buil
dOperationAwareExecutionAction.execute(DefaultTaskExecutionGraph.
java:328)
	at org.gradle.execution.plan.DefaultPlanExecutor$ExecutorWorker.
execute(DefaultPlanExecutor.java:459)
	at org.gradle.execution.plan.DefaultPlanExecutor$ExecutorWorker.
run(DefaultPlanExecutor.java:376)
	at org.gradle.internal.concurrent.ExecutorPolicy$CatchAndRecordF
ailures.onExecute(ExecutorPolicy.java:64)
	at org.gradle.internal.concurrent.AbstractManagedExecutor$1.run(
AbstractManagedExecutor.java:47)
Caused by: org.gradle.api.internal.tasks.testing.TestWorkerFailur
eException: Test process encountered an unexpected problem.
	at org.gradle.api.internal.tasks.testing.logging.TestCountLogger
.handleWorkerFailures(TestCountLogger.java:183)
	at org.gradle.api.tasks.testing.AbstractTestTask.handleCollected
Results(AbstractTestTask.java:533)
	at org.gradle.api.tasks.testing.AbstractTestTask.executeTests(Ab
stractTestTask.java:527)
	at org.gradle.api.tasks.testing.Test.executeTests(Test.java:714)
	at org.gradle.internal.reflect.JavaMethod.invoke(JavaMethod.java
:125)
	at org.gradle.api.internal.project.taskfactory.StandardTaskActio
n.doExecute(StandardTaskAction.java:58)
	at org.gradle.api.internal.project.taskfactory.StandardTaskActio
n.execute(StandardTaskAction.java:51)
	at org.gradle.api.internal.project.taskfactory.StandardTaskActio
n.execute(StandardTaskAction.java:29)
	at org.gradle.api.internal.tasks.execution.TaskExecution$3.run(T
askExecution.java:252)
	at org.gradle.internal.operations.DefaultBuildOperationRunner$1.
execute(DefaultBuildOperationRunner.java:29)
	at org.gradle.internal.operations.DefaultBuildOperationRunner$1.
execute(DefaultBuildOperationRunner.java:26)
	at org.gradle.internal.operations.DefaultBuildOperationRunner$2.
execute(DefaultBuildOperationRunner.java:66)
	at org.gradle.internal.operations.DefaultBuildOperationRunner$2.
execute(DefaultBuildOperationRunner.java:59)
	at org.gradle.internal.operations.DefaultBuildOperationRunner.ex
ecute(DefaultBuildOperationRunner.java:166)
	at org.gradle.internal.operations.DefaultBuildOperationRunner.ex
ecute(DefaultBuildOperationRunner.java:59)
	at org.gradle.internal.operations.DefaultBuildOperationRunner.ru
n(DefaultBuildOperationRunner.java:47)
	at org.gradle.api.internal.tasks.execution.TaskExecution.execute
Action(TaskExecution.java:237)
	at org.gradle.api.internal.tasks.execution.TaskExecution.execute
Actions(TaskExecution.java:220)
	at org.gradle.api.internal.tasks.execution.TaskExecution.execute
WithPreviousOutputFiles(TaskExecution.java:203)
	at org.gradle.api.internal.tasks.execution.TaskExecution.execute
(TaskExecution.java:170)
	at org.gradle.internal.execution.steps.ExecuteStep.executeIntern
al(ExecuteStep.java:105)
	at org.gradle.internal.execution.steps.ExecuteStep.access$000(Ex
ecuteStep.java:44)
	at org.gradle.internal.execution.steps.ExecuteStep$1.call(Execut
eStep.java:59)
	at org.gradle.internal.execution.steps.ExecuteStep$1.call(Execut
eStep.java:56)
	at org.gradle.internal.operations.DefaultBuildOperationRunner$Ca
llableBuildOperationWorker.execute(DefaultBuildOperationRunner.ja
va:209)
	at org.gradle.internal.operations.DefaultBuildOperationRunner$Ca
llableBuildOperationWorker.execute(DefaultBuildOperationRunner.ja
va:204)
	at org.gradle.internal.operations.DefaultBuildOperationRunner$2.
execute(DefaultBuildOperationRunner.java:66)
	at org.gradle.internal.operations.DefaultBuildOperationRunner$2.
execute(DefaultBuildOperationRunner.java:59)
	at org.gradle.internal.operations.DefaultBuildOperationRunner.ex
ecute(DefaultBuildOperationRunner.java:166)
	at org.gradle.internal.operations.DefaultBuildOperationRunner.ex
ecute(DefaultBuildOperationRunner.java:59)
	at org.gradle.internal.operations.DefaultBuildOperationRunner.ca
ll(DefaultBuildOperationRunner.java:53)
	at org.gradle.internal.execution.steps.ExecuteStep.execute(Execu
teStep.java:56)
	at org.gradle.internal.execution.steps.ExecuteStep.execute(Execu
teStep.java:44)
	at org.gradle.internal.execution.steps.CancelExecutionStep.execu
te(CancelExecutionStep.java:42)
	at org.gradle.internal.execution.steps.TimeoutStep.executeWithou
tTimeout(TimeoutStep.java:75)
	at org.gradle.internal.execution.steps.TimeoutStep.execute(Timeo
utStep.java:55)
	at org.gradle.internal.execution.steps.PreCreateOutputParentsSte
p.execute(PreCreateOutputParentsStep.java:50)
	at org.gradle.internal.execution.steps.PreCreateOutputParentsSte
p.execute(PreCreateOutputParentsStep.java:28)
	at org.gradle.internal.execution.steps.RemovePreviousOutputsStep
.execute(RemovePreviousOutputsStep.java:68)
	at org.gradle.internal.execution.steps.RemovePreviousOutputsStep
.execute(RemovePreviousOutputsStep.java:38)
	at org.gradle.internal.execution.steps.BroadcastChangingOutputsS
tep.execute(BroadcastChangingOutputsStep.java:61)
	at org.gradle.internal.execution.steps.BroadcastChangingOutputsS
tep.execute(BroadcastChangingOutputsStep.java:26)
	at org.gradle.internal.execution.steps.CaptureOutputsAfterExecut
ionStep.execute(CaptureOutputsAfterExecutionStep.java:69)
	at org.gradle.internal.execution.steps.CaptureOutputsAfterExecut
ionStep.execute(CaptureOutputsAfterExecutionStep.java:46)
	at org.gradle.internal.execution.steps.ResolveInputChangesStep.e
xecute(ResolveInputChangesStep.java:39)
	at org.gradle.internal.execution.steps.ResolveInputChangesStep.e
xecute(ResolveInputChangesStep.java:28)
	at org.gradle.internal.execution.steps.BuildCacheStep.executeWit
houtCache(BuildCacheStep.java:189)
	at org.gradle.internal.execution.steps.BuildCacheStep.lambda$exe
cute$1(BuildCacheStep.java:75)
	at org.gradle.internal.Either$Right.fold(Either.java:176)
	at org.gradle.internal.execution.caching.CachingState.fold(Cachi
ngState.java:62)
	at org.gradle.internal.execution.steps.BuildCacheStep.execute(Bu
ildCacheStep.java:73)
	at org.gradle.internal.execution.steps.BuildCacheStep.execute(Bu
ildCacheStep.java:48)
	at org.gradle.internal.execution.steps.StoreExecutionStateStep.e
xecute(StoreExecutionStateStep.java:46)
	at org.gradle.internal.execution.steps.StoreExecutionStateStep.e
xecute(StoreExecutionStateStep.java:35)
	at org.gradle.internal.execution.steps.SkipUpToDateStep.executeB
ecause(SkipUpToDateStep.java:75)
	at org.gradle.internal.execution.steps.SkipUpToDateStep.lambda$e
xecute$2(SkipUpToDateStep.java:53)
	at org.gradle.internal.execution.steps.SkipUpToDateStep.execute(
SkipUpToDateStep.java:53)
	at org.gradle.internal.execution.steps.SkipUpToDateStep.execute(
SkipUpToDateStep.java:35)
	at org.gradle.internal.execution.steps.legacy.MarkSnapshottingIn
putsFinishedStep.execute(MarkSnapshottingInputsFinishedStep.java:
37)
	at org.gradle.internal.execution.steps.legacy.MarkSnapshottingIn
putsFinishedStep.execute(MarkSnapshottingInputsFinishedStep.java:
27)
	at org.gradle.internal.execution.steps.ResolveIncrementalCaching
StateStep.executeDelegate(ResolveIncrementalCachingStateStep.java
:49)
	at org.gradle.internal.execution.steps.ResolveIncrementalCaching
StateStep.executeDelegate(ResolveIncrementalCachingStateStep.java
:27)
	at org.gradle.internal.execution.steps.AbstractResolveCachingSta
teStep.execute(AbstractResolveCachingStateStep.java:71)
	at org.gradle.internal.execution.steps.AbstractResolveCachingSta
teStep.execute(AbstractResolveCachingStateStep.java:39)
	at org.gradle.internal.execution.steps.ResolveChangesStep.execut
e(ResolveChangesStep.java:64)
	at org.gradle.internal.execution.steps.ResolveChangesStep.execut
e(ResolveChangesStep.java:35)
	at org.gradle.internal.execution.steps.ValidateStep.execute(Vali
dateStep.java:62)
	at org.gradle.internal.execution.steps.ValidateStep.execute(Vali
dateStep.java:40)
	at org.gradle.internal.execution.steps.AbstractCaptureStateBefor
eExecutionStep.execute(AbstractCaptureStateBeforeExecutionStep.ja
va:76)
	at org.gradle.internal.execution.steps.AbstractCaptureStateBefor
eExecutionStep.execute(AbstractCaptureStateBeforeExecutionStep.ja
va:45)
	at org.gradle.internal.execution.steps.AbstractSkipEmptyWorkStep
.executeWithNonEmptySources(AbstractSkipEmptyWorkStep.java:136)
	at org.gradle.internal.execution.steps.AbstractSkipEmptyWorkStep
.execute(AbstractSkipEmptyWorkStep.java:66)
	at org.gradle.internal.execution.steps.AbstractSkipEmptyWorkStep
.execute(AbstractSkipEmptyWorkStep.java:38)
	at org.gradle.internal.execution.steps.legacy.MarkSnapshottingIn
putsStartedStep.execute(MarkSnapshottingInputsStartedStep.java:38
)
	at org.gradle.internal.execution.steps.LoadPreviousExecutionStat
eStep.execute(LoadPreviousExecutionStateStep.java:36)
	at org.gradle.internal.execution.steps.LoadPreviousExecutionStat
eStep.execute(LoadPreviousExecutionStateStep.java:23)
	at org.gradle.internal.execution.steps.HandleStaleOutputsStep.ex
ecute(HandleStaleOutputsStep.java:75)
	at org.gradle.internal.execution.steps.HandleStaleOutputsStep.ex
ecute(HandleStaleOutputsStep.java:41)
	at org.gradle.internal.execution.steps.AssignMutableWorkspaceSte
p.lambda$execute$0(AssignMutableWorkspaceStep.java:35)
	at org.gradle.api.internal.tasks.execution.TaskExecution$4.withW
orkspace(TaskExecution.java:297)
	at org.gradle.internal.execution.steps.AssignMutableWorkspaceSte
p.execute(AssignMutableWorkspaceStep.java:31)
	at org.gradle.internal.execution.steps.AssignMutableWorkspaceSte
p.execute(AssignMutableWorkspaceStep.java:22)
	at org.gradle.internal.execution.steps.ChoosePipelineStep.execut
e(ChoosePipelineStep.java:40)
	at org.gradle.internal.execution.steps.ChoosePipelineStep.execut
e(ChoosePipelineStep.java:23)
	at org.gradle.internal.execution.steps.ExecuteWorkBuildOperation
FiringStep.lambda$execute$2(ExecuteWorkBuildOperationFiringStep.j
ava:67)
	at org.gradle.internal.execution.steps.ExecuteWorkBuildOperation
FiringStep.execute(ExecuteWorkBuildOperationFiringStep.java:67)
	at org.gradle.internal.execution.steps.ExecuteWorkBuildOperation
FiringStep.execute(ExecuteWorkBuildOperationFiringStep.java:39)
	at org.gradle.internal.execution.steps.IdentityCacheStep.execute
(IdentityCacheStep.java:46)
	at org.gradle.internal.execution.steps.IdentityCacheStep.execute
(IdentityCacheStep.java:34)
	at org.gradle.internal.execution.steps.IdentifyStep.execute(Iden
tifyStep.java:44)
	at org.gradle.internal.execution.steps.IdentifyStep.execute(Iden
tifyStep.java:31)
	at org.gradle.internal.execution.impl.DefaultExecutionEngine$1.e
xecute(DefaultExecutionEngine.java:64)
	at org.gradle.api.internal.tasks.execution.ExecuteActionsTaskExe
cuter.executeIfValid(ExecuteActionsTaskExecuter.java:132)
	... 30 more
Caused by: org.gradle.process.ProcessExecutionException: Process 
'Gradle Test Executor 1' finished with non-zero exit value 1
	at org.gradle.process.internal.DefaultExecHandle$ExecResultImpl.
assertNormalExitValue(DefaultExecHandle.java:450)
	at org.gradle.process.internal.worker.DefaultWorkerProcess.onPro
cessStop(DefaultWorkerProcess.java:146)
	at org.gradle.process.internal.worker.DefaultWorkerProcess.acces
s$000(DefaultWorkerProcess.java:43)
	at org.gradle.process.internal.worker.DefaultWorkerProcess$1.exe
cutionFinished(DefaultWorkerProcess.java:99)
	at org.gradle.internal.dispatch.MethodInvocation.invokeOn(Method
Invocation.java:77)
	at org.gradle.internal.dispatch.ReflectionDispatch.dispatch(Refl
ectionDispatch.java:28)
	at org.gradle.internal.dispatch.ReflectionDispatch.dispatch(Refl
ectionDispatch.java:19)
	at org.gradle.internal.event.AbstractBroadcastDispatch.dispatch(
AbstractBroadcastDispatch.java:44)
	at org.gradle.internal.event.BroadcastDispatch$SingletonDispatch
.dispatch(BroadcastDispatch.java:270)
	at org.gradle.internal.event.BroadcastDispatch$SingletonDispatch
.dispatch(BroadcastDispatch.java:172)
	at org.gradle.internal.event.ListenerBroadcast.dispatch(Listener
Broadcast.java:160)
	at org.gradle.internal.event.ListenerBroadcast.dispatch(Listener
Broadcast.java:37)
	at org.gradle.internal.dispatch.ProxyDispatchAdapter$Dispatching
InvocationHandler.invoke(ProxyDispatchAdapter.java:88)
	at jdk.proxy1/jdk.proxy1.$Proxy136.executionFinished(Unknown Sou
rce)
	at org.gradle.process.internal.DefaultExecHandle.setEndStateInfo
(DefaultExecHandle.java:222)
	at org.gradle.process.internal.DefaultExecHandle.finished(Defaul
tExecHandle.java:389)
	at org.gradle.process.internal.ExecHandleRunner.completed(ExecHa
ndleRunner.java:164)
	at org.gradle.process.internal.ExecHandleRunner.lambda$run$2(Exe
cHandleRunner.java:127)
	at org.gradle.internal.operations.CurrentBuildOperationRef.with(
CurrentBuildOperationRef.java:84)
	at org.gradle.process.internal.ExecHandleRunner.run(ExecHandleRu
nner.java:125)
	... 2 more


BUILD FAILED in 23s
4 actionable tasks: 2 executed, 2 up-to-date
